Building Windows application...                                 
flutter : CMake Error at flutter/ephemeral/.plugin_s
ymlinks/firebase_core/windows/CMakeLists.txt:38 
(message):
At line:1 char:1
+ flutter build windows 2>&1 | Tee-Object -FilePath 
build_output.txt
+ ~~~~~~~~~~~~~~~~~~~~~~~~~~
    + CategoryInfo          : NotSpecified: (CMake  
   Error at ...t:38 (message)::String) [], RemoteE  
  xception
    + FullyQualifiedErrorId : NativeCommandError
 
  Download failed: timeout on name lookup is not 
supported

  Host dl.google.com:443 was resolved.

  IPv6: (none)

  IPv4: 142.250.203.14

    Trying 142.250.203.14:443...

  schannel: disabled automatic use of client 
certificate

  ALPN: curl offers h2,http/1.1

  ALPN: server accepted h2

  Connected to dl.google.com (142.250.203.14) port 
443

  using HTTP/2

  [HTTP/2] [1] OPENED stream for
  https://dl.google.com/firebase/sdk/cpp/firebase_cp
p_sdk_windows_12.7.0.zip

  [HTTP/2] [1] [:method: GET]

  [HTTP/2] [1] [:scheme: https]

  [HTTP/2] [1] [:authority: dl.google.com]

  [HTTP/2] [1] [:path: /firebase/sdk/cpp/firebase_cp
p_sdk_windows_12.7.0.zip]

  [HTTP/2] [1] [user-agent: curl/8.14.1]

  [HTTP/2] [1] [accept: */*]

  GET /firebase/sdk/cpp/firebase_cpp_sdk_windows_12.
7.0.zip HTTP/2

  Host: dl.google.com

  User-Agent: curl/8.14.1

  Accept: */*



  Request completely sent off

  schannel: remote party requests renegotiation

  schannel: renegotiating SSL/TLS connection

  schannel: SSL/TLS connection renegotiated

  HTTP/2 200 

  accept-ranges: bytes

  content-disposition: attachment

  content-security-policy: default-src 'none'

  server: downloads

  x-content-type-options: nosniff

  x-frame-options: SAMEORIGIN

  x-identity-content-length: 806016001

  x-xss-protection: 0

  date: Fri, 20 Feb 2026 00:07:05 GMT

  cache-control: no-transform,public,max-age=86400

  last-modified: Tue, 25 Mar 2025 22:26:06 GMT

  etag: "410f04c"

  content-type: application/zip

  vary: Accept-Encoding

  content-length: 806016001

  age: 0

  alt-svc: h3=":443"; ma=2592000,h3-29=":443"; 
ma=2592000



  [1369 bytes data]

  [1378 bytes data]

  [5512 bytes data]

  [1378 bytes data]

  [1378 bytes data]

  [1378 bytes data]

  [1378 bytes data]

  [1378 bytes data]

  [1235 bytes data]

  [134 bytes data]

  [1378 bytes data]

  [1378 bytes data]

  [1378 bytes data]

  [1378 bytes data]

  [1378 bytes data]

  [1378 bytes data]

  [1378 bytes data]

  [1378 bytes data]

  [1378 bytes data]

  [1378 bytes data]

  [1378 bytes data]

  [1092 bytes data]

  [4411 bytes data]

  [1378 bytes data]

  [1378 bytes data]

  [1378 bytes data]

  [1378 bytes data]

  [1378 bytes data]

  [5083 bytes data]

  [420 bytes data]

  [4134 bytes data]

  [1378 bytes data]

  [4134 bytes data]

  [1378 bytes data]

  [1378 bytes data]

  [1378 bytes data]

  [2184 bytes data]

  [1369 bytes data]

  [1378 bytes data]

  [1378 bytes data]

  [1378 bytes data]

  [1378 bytes data]

  [1378 bytes data]

  [2756 bytes data]

  [1378 bytes data]

  [1378 bytes data]

  [1378 bytes data]

  [1235 bytes data]

  [9780 bytes data]

  [1378 bytes data]

  [1378 bytes data]

  [1378 bytes data]

  [1378 bytes data]

  [1092 bytes data]

  [277 bytes data]

  [1378 bytes data]

  [1378 bytes data]

  [1378 bytes data]

  [1378 bytes data]

  [1378 bytes data]

  [1378 bytes data]

  [1378 bytes data]

  [1378 bytes data]

  [1378 bytes data]

  [1378 bytes data]

  [2327 bytes data]

  [1798 bytes data]

  [4134 bytes data]

  [1378 bytes data]

  [1378 bytes data]

  [2756 bytes data]

  [1378 bytes data]

  [1378 bytes data]

  [1378 bytes data]

  [806 bytes data]

  [563 bytes data]

  [1378 bytes data]

  [1378 bytes data]

  [2756 bytes data]

  [1378 bytes data]

  [2756 bytes data]

  [6175 bytes data]

  [706 bytes data]

  [2756 bytes data]

  [1378 bytes data]

  [4134 bytes data]

  [1378 bytes data]

  [1378 bytes data]

  [1378 bytes data]

  [1378 bytes data]

  [1378 bytes data]

  [520 bytes data]

  [849 bytes data]

  [1378 bytes data]

  [1378 bytes data]

  [1378 bytes data]

  [1378 bytes data]

  [4134 bytes data]

  [1378 bytes data]

  [1378 bytes data]

  [1378 bytes data]

  [1378 bytes data]

  [377 bytes data]

  [992 bytes data]

  [1378 bytes data]

  [1378 bytes data]

  [1378 bytes data]

  [1378 bytes data]

  [1378 bytes data]

  [1378 bytes data]

  [1378 bytes data]

  [1378 bytes data]

  [1378 bytes data]

  [1378 bytes data]

  [1378 bytes data]

  [234 bytes data]

  [1135 bytes data]

  [1378 bytes data]

  [1378 bytes data]

  [1378 bytes data]

  [1378 bytes data]

  [1378 bytes data]

  [1378 bytes data]

  [1378 bytes data]

  [1378 bytes data]

  [1378 bytes data]

  [1378 bytes data]

  [1378 bytes data]

  [91 bytes data]

  [1278 bytes data]

  [1378 bytes data]

  [1378 bytes data]

  [1378 bytes data]

  [1378 bytes data]

  [1378 bytes data]

  [1378 bytes data]

  [1378 bytes data]

  [1378 bytes data]

  [4082 bytes data]

  [4177 bytes data]

  [1378 bytes data]

  [4134 bytes data]

  [1378 bytes data]

  [4134 bytes data]

  [1183 bytes data]

  [186 bytes data]

  [1378 bytes data]

  [1378 bytes data]

  [1378 bytes data]

  [1378 bytes data]

  [5512 bytes data]

  [2756 bytes data]

  [1378 bytes data]

  [1040 bytes data]

  [1369 bytes data]

  [1378 bytes data]

  [8268 bytes data]

  [1378 bytes data]

  [1378 bytes data]

  [2613 bytes data]

  [5646 bytes data]

  [1378 bytes data]

  [1378 bytes data]

  [1378 bytes data]

  [6604 bytes data]

  [277 bytes data]

  [1378 bytes data]

  [1378 bytes data]

  [1378 bytes data]

  [1378 bytes data]

  [10595 bytes data]

  [420 bytes data]

  [1378 bytes data]

  [1378 bytes data]

  [4134 bytes data]

  [9074 bytes data]

  [563 bytes data]

  [2756 bytes data]

  [8268 bytes data]

  [4134 bytes data]

  [663 bytes data]

  [706 bytes data]

  [1378 bytes data]

  [1378 bytes data]

  [1378 bytes data]

  [1378 bytes data]

  [1378 bytes data]

  [1378 bytes data]

  [1378 bytes data]

  [1378 bytes data]

  [1378 bytes data]

  [1378 bytes data]

  [1378 bytes data]

  [520 bytes data]

  [849 bytes data]

  [4134 bytes data]

  [1378 bytes data]

  [1378 bytes data]

  [2756 bytes data]

  [1378 bytes data]

  [1378 bytes data]

  [1378 bytes data]

  [1755 bytes data]

  [992 bytes data]

  [1378 bytes data]

  [1378 bytes data]

  [1378 bytes data]

  [1378 bytes data]

  [1378 bytes data]

  [1378 bytes data]

  [1378 bytes data]

  [1378 bytes data]

  [1378 bytes data]

  [1378 bytes data]

  [1612 bytes data]

  [2513 bytes data]

  [1378 bytes data]

  [1378 bytes data]

  [1378 bytes data]

  [2756 bytes data]

  [1378 bytes data]

  [1378 bytes data]

  [1378 bytes data]

  [1378 bytes data]

  [1378 bytes data]

  [91 bytes data]

  [1278 bytes data]

  [1378 bytes data]

  [1378 bytes data]

  [11024 bytes data]

  [1326 bytes data]

  [43 bytes data]

  [1378 bytes data]

  [5512 bytes data]

  [1378 bytes data]

  [1378 bytes data]

  [1378 bytes data]

  [1378 bytes data]

  [3939 bytes data]

  [1564 bytes data]

  [1378 bytes data]

  [1378 bytes data]

  [1378 bytes data]

  [1378 bytes data]

  [5512 bytes data]

  [1378 bytes data]

  [1378 bytes data]

  [1040 bytes data]

  [329 bytes data]

  [1378 bytes data]

  [1378 bytes data]

  [1378 bytes data]

  [1378 bytes data]

  [1378 bytes data]

  [1378 bytes data]

  [1378 bytes data]

  [1378 bytes data]

  [1378 bytes data]

  [1378 bytes data]

  [1378 bytes data]

  [897 bytes data]

  [472 bytes data]

  [1378 bytes data]

  [1378 bytes data]

  [1378 bytes data]

  [1378 bytes data]

  [1378 bytes data]

  [1378 bytes data]

  [1378 bytes data]

  [1378 bytes data]

  [1378 bytes data]

  [1378 bytes data]

  [1378 bytes data]

  [754 bytes data]

  [615 bytes data]

  [1378 bytes data]

  [1378 bytes data]

  [1378 bytes data]

  [1378 bytes data]

  [1378 bytes data]

  [1378 bytes data]

  [1378 bytes data]

  [1378 bytes data]

  [4134 bytes data]

  [611 bytes data]

  [758 bytes data]

  [1378 bytes data]

  [1378 bytes data]

  [1378 bytes data]

  [1378 bytes data]

  [1378 bytes data]

  [1378 bytes data]

  [1378 bytes data]

  [1378 bytes data]

  [1378 bytes data]

  [1378 bytes data]

  [1846 bytes data]

  [5503 bytes data]

  [1378 bytes data]

  [1378 bytes data]

  [1378 bytes data]

  [1378 bytes data]

  [1378 bytes data]

  [1378 bytes data]

  [1378 bytes data]

  [1235 bytes data]

  [134 bytes data]

  [1378 bytes data]

  [1378 bytes data]

  [1378 bytes data]

  [1378 bytes data]

  [1378 bytes data]

  [1378 bytes data]

  [1378 bytes data]

  [1378 bytes data]

  [1378 bytes data]

  [1378 bytes data]

  [1378 bytes data]

  [1092 bytes data]

  [277 bytes data]

  [1378 bytes data]

  [1378 bytes data]

  [1378 bytes data]

  [1378 bytes data]

  [1378 bytes data]

  [1378 bytes data]

  [1378 bytes data]

  [1378 bytes data]

  [1378 bytes data]

  [1378 bytes data]

  [1378 bytes data]

  [949 bytes data]

  [420 bytes data]

  [1378 bytes data]

  [1378 bytes data]

  [1378 bytes data]

  [2756 bytes data]

  [1378 bytes data]

  [1378 bytes data]

  [1378 bytes data]

  [1378 bytes data]

  [1378 bytes data]

  [1378 bytes data]

  [806 bytes data]

  [563 bytes data]

  [1378 bytes data]

  [1378 bytes data]

  [1378 bytes data]

  [1378 bytes data]

  [1378 bytes data]

  [1378 bytes data]

  [1378 bytes data]

  [1378 bytes data]

  [1378 bytes data]

  [1378 bytes data]

  [1378 bytes data]

  [663 bytes data]

  [2084 bytes data]

  [1378 bytes data]

  [1378 bytes data]

  [4134 bytes data]

  [7410 bytes data]

  [849 bytes data]

  [1378 bytes data]

  [12402 bytes data]

  [1378 bytes data]

  [377 bytes data]

  [992 bytes data]

  [1378 bytes data]

  [1378 bytes data]

  [1378 bytes data]

  [1378 bytes data]

  [1378 bytes data]

  [2756 bytes data]

  [4134 bytes data]

  [1378 bytes data]

  [234 bytes data]

  [1135 bytes data]

  [4134 bytes data]

  [1378 bytes data]

  [1378 bytes data]

  [1378 bytes data]

  [1378 bytes data]

  [1378 bytes data]

  [1378 bytes data]

  [1378 bytes data]

  [1378 bytes data]

  [91 bytes data]

  [1278 bytes data]

  [1378 bytes data]

  [2756 bytes data]

  [1378 bytes data]

  [1378 bytes data]

  [1378 bytes data]

  [1378 bytes data]

  [1378 bytes data]

  [1378 bytes data]

  [1378 bytes data]

  [1326 bytes data]

  [43 bytes data]

  [1378 bytes data]

  [1378 bytes data]

  [1378 bytes data]

  [1378 bytes data]

  [1378 bytes data]

  [1378 bytes data]

  [5512 bytes data]

  [1378 bytes data]

  [1183 bytes data]

  [186 bytes data]

  [4134 bytes data]

  [1378 bytes data]

  [1378 bytes data]

  [1378 bytes data]

  [1378 bytes data]

  [1378 bytes data]

  [1378 bytes data]

  [1378 bytes data]

  [1378 bytes data]

  [1040 bytes data]

  [329 bytes data]

  [1378 bytes data]

  [1378 bytes data]

  [1378 bytes data]

  [1378 bytes data]

  [5512 bytes data]

  [1378 bytes data]

  [1378 bytes data]

  [1378 bytes data]

  [897 bytes data]

  [472 bytes data]

  [1378 bytes data]

  [1378 bytes data]

  [1378 bytes data]

  [1378 bytes data]

  [1378 bytes data]

  [2756 bytes data]

  [1378 bytes data]

  [1378 bytes data]

  [1378 bytes data]

  [1378 bytes data]

  [754 bytes data]

  [615 bytes data]

  [1378 bytes data]

  [1378 bytes data]

  [1378 bytes data]

  [1378 bytes data]

  [1378 bytes data]

  [1378 bytes data]

  [1378 bytes data]

  [1378 bytes data]

  [1378 bytes data]

  [3367 bytes data]

  [4892 bytes data]

  [1378 bytes data]

  [1378 bytes data]

  [8736 bytes data]

  [2747 bytes data]

  [1378 bytes data]

  [1378 bytes data]

  [1378 bytes data]

  [1378 bytes data]

  [1378 bytes data]

  [6747 bytes data]

  [4268 bytes data]

  [1378 bytes data]

  [1378 bytes data]

  [1378 bytes data]

  [1378 bytes data]

  [1378 bytes data]

  [1378 bytes data]

  [1378 bytes data]

  [2470 bytes data]

  [277 bytes data]

  [12402 bytes data]

  [3705 bytes data]

  [420 bytes data]

  [1378 bytes data]

  [1378 bytes data]

  [1378 bytes data]

  [1378 bytes data]

  [1378 bytes data]

  [1378 bytes data]

  [7696 bytes data]

  [563 bytes data]

  [4134 bytes data]

  [1378 bytes data]

  [1378 bytes data]

  [4134 bytes data]

  [1378 bytes data]

  [1378 bytes data]

  [1378 bytes data]

  [663 bytes data]

  [706 bytes data]

  [4134 bytes data]

  [1378 bytes data]

  [1378 bytes data]

  [1378 bytes data]

  [1378 bytes data]

  [1378 bytes data]

  [1378 bytes data]

  [1378 bytes data]

  [1378 bytes data]

  [520 bytes data]

  [849 bytes data]

  [1378 bytes data]

  [1378 bytes data]

  [9646 bytes data]

  [1378 bytes data]

  [1378 bytes data]

  [377 bytes data]

  [992 bytes data]

  [1378 bytes data]

  [1378 bytes data]

  [1378 bytes data]

  [4134 bytes data]

  [1378 bytes data]

  [5512 bytes data]

  [234 bytes data]

  [1135 bytes data]

  [1378 bytes data]

  [1378 bytes data]

  [1378 bytes data]

  [1378 bytes data]

  [1378 bytes data]

  [1378 bytes data]

  [1378 bytes data]

  [1378 bytes data]

  [1378 bytes data]

  [2756 bytes data]

  [91 bytes data]

  [1278 bytes data]

  [1378 bytes data]

  [1378 bytes data]

  [1378 bytes data]

  [1378 bytes data]

  [1378 bytes data]

  [1378 bytes data]

  [1378 bytes data]

  [2756 bytes data]

  [1378 bytes data]

  [1326 bytes data]

  [2799 bytes data]

  [1378 bytes data]

  [1378 bytes data]

  [1378 bytes data]

  [1378 bytes data]

  [1378 bytes data]

  [1378 bytes data]

  [1378 bytes data]

  [1378 bytes data]

  [1378 bytes data]

  [1183 bytes data]

  [186 bytes data]

  [1378 bytes data]

  [1378 bytes data]

  [1378 bytes data]

  [1378 bytes data]

  [1378 bytes data]

  [1378 bytes data]

  [1378 bytes data]

  [4134 bytes data]

  [1378 bytes data]

  [1040 bytes data]

  [329 bytes data]

  [2756 bytes data]

  [1378 bytes data]

  [1378 bytes data]

  [1378 bytes data]

  [1378 bytes data]

  [1378 bytes data]

  [1378 bytes data]

  [2756 bytes data]

  [1378 bytes data]

  [897 bytes data]

  [472 bytes data]

  [1378 bytes data]

  [1378 bytes data]

  [2756 bytes data]

  [2756 bytes data]

  [1378 bytes data]

  [1378 bytes data]

  [1378 bytes data]

  [1378 bytes data]

  [1378 bytes data]

  [754 bytes data]

  [615 bytes data]

  [1378 bytes data]

  [1378 bytes data]

  [4134 bytes data]

  [1378 bytes data]

  [1378 bytes data]

  [1378 bytes data]

  [4745 bytes data]

  [7648 bytes data]

  [8736 bytes data]

  [5503 bytes data]

  [1378 bytes data]

  [9503 bytes data]

  [5646 bytes data]

  [1378 bytes data]

  [1378 bytes data]

  [7982 bytes data]

  [1655 bytes data]

  [1378 bytes data]

  [1378 bytes data]

  [1378 bytes data]

  [1378 bytes data]

  [1378 bytes data]

  [1378 bytes data]

  [1378 bytes data]

  [5083 bytes data]

  [1798 bytes data]

  [1378 bytes data]

  [1378 bytes data]

  [1378 bytes data]

  [1378 bytes data]

  [1378 bytes data]

  [1378 bytes data]

  [1378 bytes data]

  [4940 bytes data]

  [6075 bytes data]

  [2756 bytes data]

  [1378 bytes data]

  [1378 bytes data]

  [1378 bytes data]

  [1378 bytes data]

  [1378 bytes data]

  [663 bytes data]

  [3462 bytes data]

  [1378 bytes data]

  [1378 bytes data]

  [1378 bytes data]

  [1378 bytes data]

  [1378 bytes data]

  [1378 bytes data]

  [1378 bytes data]

  [1378 bytes data]

  [1378 bytes data]

  [520 bytes data]

  [849 bytes data]

  [1378 bytes data]

  [1378 bytes data]

  [1378 bytes data]

  [1378 bytes data]

  [1378 bytes data]

  [1378 bytes data]

  [1378 bytes data]

  [1378 bytes data]

  [1378 bytes data]

  [1378 bytes data]

  [1378 bytes data]

  [377 bytes data]

  [10638 bytes data]

  [5746 bytes data]

  [3891 bytes data]

  [4134 bytes data]

  [1378 bytes data]

  [1378 bytes data]

  [1378 bytes data]

  [1378 bytes data]

  [1378 bytes data]

  [1378 bytes data]

  [91 bytes data]

  [1278 bytes data]

  [1378 bytes data]

  [2756 bytes data]

  [5512 bytes data]

  [2756 bytes data]

  [1378 bytes data]

  [1326 bytes data]

  [43 bytes data]

  [1378 bytes data]

  [1378 bytes data]

  [2756 bytes data]

  [1378 bytes data]

  [1378 bytes data]

  [1378 bytes data]

  [1378 bytes data]

  [1378 bytes data]

  [1378 bytes data]

  [1378 bytes data]

  [1183 bytes data]

  [186 bytes data]

  [1378 bytes data]

  [5512 bytes data]

  [1378 bytes data]

  [1378 bytes data]

  [2756 bytes data]

  [1378 bytes data]

  [1378 bytes data]

  [1040 bytes data]

  [329 bytes data]

  [1378 bytes data]

  [1378 bytes data]

  [1378 bytes data]

  [2756 bytes data]

  [1378 bytes data]

  [1378 bytes data]

  [1378 bytes data]

  [1378 bytes data]

  [2756 bytes data]

  [897 bytes data]

  [472 bytes data]

  [1378 bytes data]

  [1378 bytes data]

  [1378 bytes data]

  [2756 bytes data]

  [1378 bytes data]

  [1378 bytes data]

  [1378 bytes data]

  [1378 bytes data]

  [3510 bytes data]

  [615 bytes data]

  [1378 bytes data]

  [1378 bytes data]

  [1378 bytes data]

  [1378 bytes data]

  [1378 bytes data]

  [1378 bytes data]

  [1378 bytes data]

  [1378 bytes data]

  [1378 bytes data]

  [1378 bytes data]

  [1378 bytes data]

  [611 bytes data]

  [4892 bytes data]

  [2756 bytes data]

  [1378 bytes data]

  [7358 bytes data]

  [16375 bytes data]

  [9 bytes data]

  [16366 bytes data]

  [18 bytes data]

  [16357 bytes data]

  [27 bytes data]

  [16348 bytes data]

  [36 bytes data]

  [16339 bytes data]

  [45 bytes data]

  [16330 bytes data]

  [54 bytes data]

  [16321 bytes data]

  [63 bytes data]

  [16312 bytes data]

  [72 bytes data]

  [16303 bytes data]

  [81 bytes data]

  [16294 bytes data]

  [90 bytes data]

  [16285 bytes data]

  [99 bytes data]

  [16276 bytes data]

  [108 bytes data]

  [16267 bytes data]

  [117 bytes data]

  [16258 bytes data]

  [126 bytes data]

  [16249 bytes data]

  [135 bytes data]

  [16240 bytes data]

  [144 bytes data]

  [16375 bytes data]

  [9 bytes data]

  [16366 bytes data]

  [18 bytes data]

  [16357 bytes data]

  [27 bytes data]

  [16348 bytes data]

  [36 bytes data]

  [16339 bytes data]

  [45 bytes data]

  [16330 bytes data]

  [54 bytes data]

  [16321 bytes data]

  [63 bytes data]

  [16312 bytes data]

  [72 bytes data]

  [16303 bytes data]

  [81 bytes data]

  [16294 bytes data]

  [90 bytes data]

  [16285 bytes data]

  [99 bytes data]

  [16276 bytes data]

  [108 bytes data]

  [16267 bytes data]

  [117 bytes data]

  [16258 bytes data]

  [126 bytes data]

  [16249 bytes data]

  [135 bytes data]

  [16240 bytes data]

  [144 bytes data]

  [9637 bytes data]

  [1378 bytes data]

  [4134 bytes data]

  [1235 bytes data]

  [1512 bytes data]

  [2756 bytes data]

  [1378 bytes data]

  [4134 bytes data]

  [1378 bytes data]

  [1378 bytes data]

  [1378 bytes data]

  [1378 bytes data]

  [1092 bytes data]

  [1655 bytes data]

  [8268 bytes data]

  [6461 bytes data]

  [1798 bytes data]

  [1378 bytes data]

  [1378 bytes data]

  [4134 bytes data]

  [1378 bytes data]

  [1378 bytes data]

  [1378 bytes data]

  [1378 bytes data]

  [1378 bytes data]

  [806 bytes data]

  [563 bytes data]

  [1378 bytes data]

  [1378 bytes data]

  [1378 bytes data]

  [1378 bytes data]

  [1378 bytes data]

  [1378 bytes data]

  [1378 bytes data]

  [1378 bytes data]

  [1378 bytes data]

  [1378 bytes data]

  [1378 bytes data]

  [663 bytes data]

  [706 bytes data]

  [1378 bytes data]

  [1378 bytes data]

  [1378 bytes data]

  [4134 bytes data]

  [1378 bytes data]

  [1378 bytes data]

  [4134 bytes data]

  [520 bytes data]

  [849 bytes data]

  [1378 bytes data]

  [8268 bytes data]

  [1378 bytes data]

  [1378 bytes data]

  [1378 bytes data]

  [1755 bytes data]

  [13394 bytes data]

  [1378 bytes data]

  [1378 bytes data]

  [234 bytes data]

  [1135 bytes data]

  [1378 bytes data]

  [1378 bytes data]

  [1378 bytes data]

  [1378 bytes data]

  [1378 bytes data]

  [1378 bytes data]

  [1378 bytes data]

  [1378 bytes data]

  [1378 bytes data]

  [1378 bytes data]

  [1378 bytes data]

  [91 bytes data]

  [4034 bytes data]

  [1378 bytes data]

  [1378 bytes data]

  [1378 bytes data]

  [5512 bytes data]

  [2704 bytes data]

  [1421 bytes data]

  [1378 bytes data]

  [1378 bytes data]

  [1378 bytes data]

  [1378 bytes data]

  [6890 bytes data]

  [2561 bytes data]

  [2942 bytes data]

  [1378 bytes data]

  [4134 bytes data]

  [1378 bytes data]

  [6552 bytes data]

  [3085 bytes data]

  [5512 bytes data]

  [5512 bytes data]

  [1378 bytes data]

  [897 bytes data]

  [472 bytes data]

  [1378 bytes data]

  [1378 bytes data]

  [6890 bytes data]

  [1378 bytes data]

  [1378 bytes data]

  [1378 bytes data]

  [1378 bytes data]

  [754 bytes data]

  [615 bytes data]

  [1378 bytes data]

  [6890 bytes data]

  [7501 bytes data]

  [3514 bytes data]

  [1378 bytes data]

  [1378 bytes data]

  [5512 bytes data]

  [1378 bytes data]

  [1378 bytes data]

  [1378 bytes data]

  [452 bytes data]

  [11015 bytes data]

  [1378 bytes data]

  [1378 bytes data]

  [2613 bytes data]

  [2890 bytes data]

  [4134 bytes data]

  [1378 bytes data]

  [7982 bytes data]

  [5789 bytes data]

  [1378 bytes data]

  [1378 bytes data]

  [1378 bytes data]

  [1378 bytes data]

  [1378 bytes data]

  [1378 bytes data]

  [1378 bytes data]

  [949 bytes data]

  [420 bytes data]

  [1378 bytes data]

  [4134 bytes data]

  [4134 bytes data]

  [1378 bytes data]

  [1378 bytes data]

  [1378 bytes data]

  [1378 bytes data]

  [806 bytes data]

  [6075 bytes data]

  [5512 bytes data]

  [1378 bytes data]

  [1378 bytes data]

  [2041 bytes data]

  [3462 bytes data]

  [5512 bytes data]

  [4134 bytes data]

  [3276 bytes data]

  [2227 bytes data]

  [1378 bytes data]

  [1378 bytes data]

  [1378 bytes data]

  [10023 bytes data]

  [6352 bytes data]

  [1530 bytes data]

  [4134 bytes data]

  [4368 bytes data]

  [1135 bytes data]

  [1378 bytes data]

  [9646 bytes data]

  [4225 bytes data]

  [5412 bytes data]

  [1378 bytes data]

  [1378 bytes data]

  [1378 bytes data]

  [1378 bytes data]

  [1378 bytes data]

  [1378 bytes data]

  [1378 bytes data]

  [1326 bytes data]

  [43 bytes data]

  [6890 bytes data]

  [1378 bytes data]

  [1378 bytes data]

  [1378 bytes data]

  [1378 bytes data]

  [3939 bytes data]

  [186 bytes data]

  [1378 bytes data]

  [4134 bytes data]

  [1378 bytes data]

  [2756 bytes data]

  [1378 bytes data]

  [1378 bytes data]

  [1378 bytes data]

  [1378 bytes data]

  [1040 bytes data]

  [329 bytes data]

  [9646 bytes data]

  [6409 bytes data]

  [4606 bytes data]

  [4134 bytes data]

  [7644 bytes data]

  [615 bytes data]

  [15769 bytes data]

  [606 bytes data]

  [2908 bytes data]

  [9646 bytes data]

  [1378 bytes data]

  [1846 bytes data]

  [4125 bytes data]

  [1378 bytes data]

  [1378 bytes data]

  [1378 bytes data]

  [1378 bytes data]

  [4134 bytes data]

  [2613 bytes data]

  [11158 bytes data]

  [1378 bytes data]

  [1378 bytes data]

  [1378 bytes data]

  [1092 bytes data]

  [277 bytes data]

  [1378 bytes data]

  [1378 bytes data]

  [1378 bytes data]

  [1378 bytes data]

  [5512 bytes data]

  [4134 bytes data]

  [949 bytes data]

  [420 bytes data]

  [1378 bytes data]

  [9646 bytes data]

  [4940 bytes data]

  [6075 bytes data]

  [1378 bytes data]

  [1378 bytes data]

  [1378 bytes data]

  [1378 bytes data]

  [1378 bytes data]

  [1378 bytes data]

  [2041 bytes data]

  [7596 bytes data]

  [1378 bytes data]

  [1378 bytes data]

  [1378 bytes data]

  [1378 bytes data]

  [3276 bytes data]

  [4983 bytes data]

  [1378 bytes data]

  [8268 bytes data]

  [1755 bytes data]

  [2370 bytes data]

  [1378 bytes data]

  [1378 bytes data]

  [1378 bytes data]

  [9646 bytes data]

  [234 bytes data]

  [1135 bytes data]

  [12402 bytes data]

  [1378 bytes data]

  [1378 bytes data]

  [91 bytes data]

  [1278 bytes data]

  [1378 bytes data]

  [1378 bytes data]

  [1378 bytes data]

  [1378 bytes data]

  [1378 bytes data]

  [6890 bytes data]

  [1326 bytes data]

  [4177 bytes data]

  [4134 bytes data]

  [1378 bytes data]

  [1378 bytes data]

  [4134 bytes data]

  [1183 bytes data]

  [186 bytes data]

  [8268 bytes data]

  [7930 bytes data]

  [1707 bytes data]

  [1378 bytes data]

  [1378 bytes data]

  [1378 bytes data]

  [1378 bytes data]

  [4134 bytes data]

  [5031 bytes data]

  [7362 bytes data]

  [1378 bytes data]

  [1378 bytes data]

  [1378 bytes data]

  [1378 bytes data]

  [1378 bytes data]

  [1378 bytes data]

  [754 bytes data]

  [615 bytes data]

  [1378 bytes data]

  [1378 bytes data]

  [1378 bytes data]

  [1378 bytes data]

  [1378 bytes data]

  [1378 bytes data]

  [1378 bytes data]

  [1378 bytes data]

  [1378 bytes data]

  [1378 bytes data]

  [1378 bytes data]

  [611 bytes data]

  [6270 bytes data]

  [10114 bytes data]

  [2747 bytes data]

  [1378 bytes data]

  [1378 bytes data]

  [1378 bytes data]

  [5512 bytes data]

  [1378 bytes data]

  [2613 bytes data]

  [5646 bytes data]

  [1378 bytes data]

  [1378 bytes data]

  [1378 bytes data]

  [1378 bytes data]

  [1378 bytes data]

  [1378 bytes data]

  [2470 bytes data]

  [3033 bytes data]

  [4134 bytes data]

  [9217 bytes data]

  [7158 bytes data]

  [1530 bytes data]

  [4134 bytes data]

  [3562 bytes data]

  [563 bytes data]

  [8268 bytes data]

  [1378 bytes data]

  [6175 bytes data]

  [706 bytes data]

  [1378 bytes data]

  [14300 bytes data]

  [2075 bytes data]

  [152 bytes data]

  [1378 bytes data]

  [1378 bytes data]

  [1378 bytes data]

  [6890 bytes data]

  [3133 bytes data]

  [3748 bytes data]

  [1378 bytes data]

  [1378 bytes data]

  [9646 bytes data]

  [234 bytes data]

  [1135 bytes data]

  [12402 bytes data]

  [1378 bytes data]

  [1378 bytes data]

  [91 bytes data]

  [1278 bytes data]

  [4134 bytes data]

  [1378 bytes data]

  [1378 bytes data]

  [1378 bytes data]

  [6838 bytes data]

  [9537 bytes data]

  [6847 bytes data]

  [186 bytes data]

  [5512 bytes data]

  [4134 bytes data]

  [1378 bytes data]

  [1378 bytes data]

  [3796 bytes data]

  [1707 bytes data]

  [4134 bytes data]

  [1378 bytes data]

  [1378 bytes data]

  [1378 bytes data]

  [1378 bytes data]

  [4134 bytes data]

  [897 bytes data]

  [472 bytes data]

  [1378 bytes data]

  [1378 bytes data]

  [1378 bytes data]

  [4134 bytes data]

  [6890 bytes data]

  [754 bytes data]

  [3371 bytes data]

  [4134 bytes data]

  [4134 bytes data]

  [1378 bytes data]

  [1378 bytes data]

  [1378 bytes data]

  [611 bytes data]

  [758 bytes data]

  [1378 bytes data]

  [11024 bytes data]

  [1378 bytes data]

  [1846 bytes data]

  [14529 bytes data]

  [1855 bytes data]

  [2890 bytes data]

  [11024 bytes data]

  [1378 bytes data]

  [1092 bytes data]

  [277 bytes data]

  [1378 bytes data]

  [1378 bytes data]

  [1378 bytes data]

  [9646 bytes data]

  [1378 bytes data]

  [949 bytes data]

  [420 bytes data]

  [5512 bytes data]

  [1378 bytes data]

  [1378 bytes data]

  [1378 bytes data]

  [1378 bytes data]

  [1378 bytes data]

  [1378 bytes data]

  [2184 bytes data]

  [3319 bytes data]

  [5512 bytes data]

  [1378 bytes data]

  [1378 bytes data]

  [4797 bytes data]

  [7596 bytes data]

  [1378 bytes data]

  [1378 bytes data]

  [1378 bytes data]

  [4134 bytes data]

  [520 bytes data]

  [849 bytes data]

  [4134 bytes data]

  [1378 bytes data]

  [1378 bytes data]

  [1378 bytes data]

  [1378 bytes data]

  [4134 bytes data]

  [1755 bytes data]

  [10638 bytes data]

  [1378 bytes data]

  [1378 bytes data]

  [1378 bytes data]

  [1378 bytes data]

  [234 bytes data]

  [1135 bytes data]

  [6890 bytes data]

  [1378 bytes data]

  [1378 bytes data]

  [5603 bytes data]

  [1278 bytes data]

  [1378 bytes data]

  [9646 bytes data]

  [1378 bytes data]

  [1378 bytes data]

  [1326 bytes data]

  [43 bytes data]

  [1378 bytes data]

  [1378 bytes data]

  [4134 bytes data]

  [9451 bytes data]

  [4320 bytes data]

  [1378 bytes data]

  [1378 bytes data]

  [1378 bytes data]

  [1378 bytes data]

  [1378 bytes data]

  [1378 bytes data]

  [1378 bytes data]

  [1378 bytes data]

  [1040 bytes data]

  [329 bytes data]

  [1378 bytes data]

  [1378 bytes data]

  [1378 bytes data]

  [11024 bytes data]

  [897 bytes data]

  [10118 bytes data]

  [1378 bytes data]

  [1378 bytes data]

  [1378 bytes data]

  [1378 bytes data]

  [754 bytes data]

  [615 bytes data]

  [1378 bytes data]

  [5512 bytes data]

  [5512 bytes data]

  [1378 bytes data]

  [1378 bytes data]

  [611 bytes data]

  [758 bytes data]

  [1378 bytes data]

  [1378 bytes data]

  [1378 bytes data]

  [1378 bytes data]

  [4134 bytes data]

  [5980 bytes data]

  [5503 bytes data]

  [1378 bytes data]

  [1378 bytes data]

  [1378 bytes data]

  [4134 bytes data]

  [1378 bytes data]

  [1235 bytes data]

  [1512 bytes data]

  [1378 bytes data]

  [1378 bytes data]

  [1378 bytes data]

  [1378 bytes data]

  [1378 bytes data]

  [1378 bytes data]

  [6604 bytes data]

  [277 bytes data]

  [1378 bytes data]

  [1378 bytes data]

  [1378 bytes data]

  [1378 bytes data]

  [1378 bytes data]

  [1378 bytes data]

  [1378 bytes data]

  [1378 bytes data]

  [1378 bytes data]

  [1378 bytes data]

  [1378 bytes data]

  [949 bytes data]

  [420 bytes data]

  [1378 bytes data]

  [1378 bytes data]

  [1378 bytes data]

  [1378 bytes data]

  [1378 bytes data]

  [2756 bytes data]

  [1378 bytes data]

  [1378 bytes data]

  [3562 bytes data]

  [1941 bytes data]

  [4134 bytes data]

  [1378 bytes data]

  [1378 bytes data]

  [1378 bytes data]

  [1378 bytes data]

  [1378 bytes data]

  [1378 bytes data]

  [1378 bytes data]

  [663 bytes data]

  [6218 bytes data]

  [10166 bytes data]

  [6209 bytes data]

  [10175 bytes data]

  [6200 bytes data]

  [10184 bytes data]

  [5269 bytes data]

  [11115 bytes data]

  [4034 bytes data]

  [1378 bytes data]

  [1378 bytes data]

  [1378 bytes data]

  [8216 bytes data]

  [2799 bytes data]

  [1378 bytes data]

  [12207 bytes data]

  [1564 bytes data]

  [5512 bytes data]

  [1378 bytes data]

  [7930 bytes data]

  [329 bytes data]

  [1378 bytes data]

  [13780 bytes data]

  [897 bytes data]

  [472 bytes data]

  [1378 bytes data]

  [1378 bytes data]

  [1378 bytes data]

  [1378 bytes data]

  [1378 bytes data]

  [1378 bytes data]

  [1378 bytes data]

  [1378 bytes data]

  [4888 bytes data]

  [3371 bytes data]

  [4134 bytes data]

  [5512 bytes data]

  [1378 bytes data]

  [1378 bytes data]

  [611 bytes data]

  [758 bytes data]

  [1378 bytes data]

  [1378 bytes data]

  [1378 bytes data]

  [1378 bytes data]

  [1378 bytes data]

  [1378 bytes data]

  [4134 bytes data]

  [3224 bytes data]

  [5503 bytes data]

  [1378 bytes data]

  [1378 bytes data]

  [1378 bytes data]

  [1378 bytes data]

  [1378 bytes data]

  [3991 bytes data]

  [1512 bytes data]

  [1378 bytes data]

  [1378 bytes data]

  [1378 bytes data]

  [1378 bytes data]

  [1378 bytes data]

  [4134 bytes data]

  [1378 bytes data]

  [1378 bytes data]

  [1092 bytes data]

  [277 bytes data]

  [1378 bytes data]

  [12402 bytes data]

  [2327 bytes data]

  [420 bytes data]

  [1378 bytes data]

  [14586 bytes data]

  [1789 bytes data]

  [5664 bytes data]

  [1378 bytes data]

  [1378 bytes data]

  [1378 bytes data]

  [1378 bytes data]

  [1378 bytes data]

  [1378 bytes data]

  [663 bytes data]

  [706 bytes data]

  [1378 bytes data]

  [6890 bytes data]

  [1378 bytes data]

  [1378 bytes data]

  [1378 bytes data]

  [1378 bytes data]

  [1378 bytes data]

  [520 bytes data]

  [849 bytes data]

  [1378 bytes data]

  [1378 bytes data]

  [1378 bytes data]

  [1378 bytes data]

  [1378 bytes data]

  [1378 bytes data]

  [1378 bytes data]

  [5512 bytes data]

  [377 bytes data]

  [992 bytes data]

  [1378 bytes data]

  [1378 bytes data]

  [1378 bytes data]

  [1378 bytes data]

  [1378 bytes data]

  [1378 bytes data]

  [4134 bytes data]

  [1378 bytes data]

  [1378 bytes data]

  [234 bytes data]

  [1135 bytes data]

  [1378 bytes data]

  [1378 bytes data]

  [1378 bytes data]

  [1378 bytes data]

  [1378 bytes data]

  [1378 bytes data]

  [1378 bytes data]

  [1378 bytes data]

  [1378 bytes data]

  [1378 bytes data]

  [1378 bytes data]

  [91 bytes data]

  [1278 bytes data]

  [1378 bytes data]

  [1378 bytes data]

  [1378 bytes data]

  [1378 bytes data]

  [1378 bytes data]

  [8216 bytes data]

  [5555 bytes data]

  [1378 bytes data]

  [4134 bytes data]

  [5317 bytes data]

  [186 bytes data]

  [1378 bytes data]

  [4134 bytes data]

  [2756 bytes data]

  [2756 bytes data]

  [5174 bytes data]

  [8597 bytes data]

  [5512 bytes data]

  [1378 bytes data]

  [897 bytes data]

  [472 bytes data]

  [1378 bytes data]

  [1378 bytes data]

  [5512 bytes data]

  [1378 bytes data]

  [5512 bytes data]

  [754 bytes data]

  [10261 bytes data]

  [2756 bytes data]

  [1378 bytes data]

  [1378 bytes data]

  [611 bytes data]

  [758 bytes data]

  [1378 bytes data]

  [1378 bytes data]

  [1378 bytes data]

  [1378 bytes data]

  [1378 bytes data]

  [1378 bytes data]

  [1378 bytes data]

  [5980 bytes data]

  [2747 bytes data]

  [4134 bytes data]

  [9503 bytes data]

  [6872 bytes data]

  [152 bytes data]

  [1378 bytes data]

  [2756 bytes data]

  [1378 bytes data]

  [1378 bytes data]

  [1378 bytes data]

  [1092 bytes data]

  [277 bytes data]

  [2756 bytes data]

  [1378 bytes data]

  [1378 bytes data]

  [1378 bytes data]

  [1378 bytes data]

  [1378 bytes data]

  [1378 bytes data]

  [1378 bytes data]

  [1378 bytes data]

  [1378 bytes data]

  [949 bytes data]

  [420 bytes data]

  [1378 bytes data]

  [1378 bytes data]

  [1378 bytes data]

  [2756 bytes data]

  [1378 bytes data]

  [1378 bytes data]

  [1378 bytes data]

  [1378 bytes data]

  [1378 bytes data]

  [1378 bytes data]

  [806 bytes data]

  [563 bytes data]

  [9646 bytes data]

  [1378 bytes data]

  [1378 bytes data]

  [1378 bytes data]

  [1378 bytes data]

  [663 bytes data]

  [706 bytes data]

  [1378 bytes data]

  [1378 bytes data]

  [1378 bytes data]

  [1378 bytes data]

  [1378 bytes data]

  [1378 bytes data]

  [7410 bytes data]

  [849 bytes data]

  [1378 bytes data]

  [5512 bytes data]

  [5512 bytes data]

  [3133 bytes data]

  [992 bytes data]

  [4134 bytes data]

  [1378 bytes data]

  [4134 bytes data]

  [1378 bytes data]

  [1378 bytes data]

  [1378 bytes data]

  [1612 bytes data]

  [13537 bytes data]

  [1378 bytes data]

  [1469 bytes data]

  [2656 bytes data]

  [9646 bytes data]

  [1378 bytes data]

  [1378 bytes data]

  [1326 bytes data]

  [43 bytes data]

  [1378 bytes data]

  [8268 bytes data]

  [1378 bytes data]

  [1378 bytes data]

  [1378 bytes data]

  [1378 bytes data]

  [1183 bytes data]

  [186 bytes data]

  [1378 bytes data]

  [2756 bytes data]

  [2756 bytes data]

  [1378 bytes data]

  [7930 bytes data]

  [5841 bytes data]

  [5512 bytes data]

  [1378 bytes data]

  [1378 bytes data]

  [1378 bytes data]

  [897 bytes data]

  [472 bytes data]

  [1378 bytes data]

  [1378 bytes data]

  [1378 bytes data]

  [1378 bytes data]

  [1378 bytes data]

  [1378 bytes data]

  [1378 bytes data]

  [6266 bytes data]

  [1993 bytes data]

  [4134 bytes data]

  [10257 bytes data]

  [2136 bytes data]

  [5512 bytes data]

  [6890 bytes data]

  [1846 bytes data]

  [6881 bytes data]

  [1378 bytes data]

  [1378 bytes data]

  [4134 bytes data]

  [1378 bytes data]

  [1235 bytes data]

  [4268 bytes data]

  [1378 bytes data]

  [1378 bytes data]

  [1378 bytes data]

  [1378 bytes data]

  [1378 bytes data]

  [1378 bytes data]

  [1378 bytes data]

  [1378 bytes data]

  [1092 bytes data]

  [277 bytes data]

  [1378 bytes data]

  [1378 bytes data]

  [1378 bytes data]

  [1378 bytes data]

  [1378 bytes data]

  [1378 bytes data]

  [5512 bytes data]

  [2327 bytes data]

  [1798 bytes data]

  [4134 bytes data]

  [4134 bytes data]

  [1378 bytes data]

  [1378 bytes data]

  [1378 bytes data]

  [1378 bytes data]

  [806 bytes data]

  [563 bytes data]

  [1378 bytes data]

  [1378 bytes data]

  [1378 bytes data]

  [4134 bytes data]

  [1378 bytes data]

  [1378 bytes data]

  [1378 bytes data]

  [1378 bytes data]

  [1378 bytes data]

  [663 bytes data]

  [706 bytes data]

  [1378 bytes data]

  [1378 bytes data]

  [4134 bytes data]

  [1378 bytes data]

  [4134 bytes data]

  [1378 bytes data]

  [1378 bytes data]

  [520 bytes data]

  [4983 bytes data]

  [1378 bytes data]

  [1378 bytes data]

  [1378 bytes data]

  [2756 bytes data]

  [4134 bytes data]

  [377 bytes data]

  [992 bytes data]

  [4134 bytes data]

  [2756 bytes data]

  [2756 bytes data]

  [5746 bytes data]

  [6647 bytes data]

  [1378 bytes data]

  [1378 bytes data]

  [1378 bytes data]

  [1378 bytes data]

  [1378 bytes data]

  [1378 bytes data]

  [1378 bytes data]

  [91 bytes data]

  [1278 bytes data]

  [4134 bytes data]

  [1378 bytes data]

  [1378 bytes data]

  [6890 bytes data]

  [1326 bytes data]

  [43 bytes data]

  [4134 bytes data]

  [1378 bytes data]

  [1378 bytes data]

  [1378 bytes data]

  [8073 bytes data]

  [1564 bytes data]

  [5512 bytes data]

  [4134 bytes data]

  [1378 bytes data]

  [1378 bytes data]

  [1378 bytes data]

  [1040 bytes data]

  [329 bytes data]

  [1378 bytes data]

  [1378 bytes data]

  [1378 bytes data]

  [1378 bytes data]

  [1378 bytes data]

  [1378 bytes data]

  [1378 bytes data]

  [6409 bytes data]

  [5984 bytes data]

  [1378 bytes data]

  [1378 bytes data]

  [1378 bytes data]

  [1378 bytes data]

  [1378 bytes data]

  [3510 bytes data]

  [1993 bytes data]

  [1378 bytes data]

  [1378 bytes data]

  [1378 bytes data]

  [1378 bytes data]

  [1378 bytes data]

  [1378 bytes data]

  [1378 bytes data]

  [1378 bytes data]

  [1378 bytes data]

  [1378 bytes data]

  [611 bytes data]

  [758 bytes data]

  [1378 bytes data]

  [1378 bytes data]

  [4134 bytes data]

  [1378 bytes data]

  [7342 bytes data]

  [1369 bytes data]

  [1378 bytes data]

  [1378 bytes data]

  [4134 bytes data]

  [2756 bytes data]

  [2756 bytes data]

  [1378 bytes data]

  [1235 bytes data]

  [134 bytes data]

  [1378 bytes data]

  [1378 bytes data]

  [1378 bytes data]

  [1378 bytes data]

  [1378 bytes data]

  [1378 bytes data]

  [1378 bytes data]

  [1378 bytes data]

  [1378 bytes data]

  [1378 bytes data]

  [2470 bytes data]

  [3033 bytes data]

  [1378 bytes data]

  [1378 bytes data]

  [9646 bytes data]

  [949 bytes data]

  [420 bytes data]

  [1378 bytes data]

  [2756 bytes data]

  [11024 bytes data]

  [806 bytes data]

  [3319 bytes data]

  [1378 bytes data]

  [1378 bytes data]

  [9646 bytes data]

  [663 bytes data]

  [706 bytes data]

  [1378 bytes data]

  [1378 bytes data]

  [1378 bytes data]

  [1378 bytes data]

  [1378 bytes data]

  [1378 bytes data]

  [1378 bytes data]

  [1378 bytes data]

  [1378 bytes data]

  [1378 bytes data]

  [1378 bytes data]

  [520 bytes data]

  [849 bytes data]

  [1378 bytes data]

  [1378 bytes data]

  [1378 bytes data]

  [1378 bytes data]

  [1378 bytes data]

  [1378 bytes data]

  [1378 bytes data]

  [1378 bytes data]

  [1378 bytes data]

  [1378 bytes data]

  [1755 bytes data]

  [992 bytes data]

  [2756 bytes data]

  [1378 bytes data]

  [1378 bytes data]

  [1378 bytes data]

  [1378 bytes data]

  [1378 bytes data]

  [1378 bytes data]

  [1378 bytes data]

  [1378 bytes data]

  [1378 bytes data]

  [234 bytes data]

  [1135 bytes data]

  [1378 bytes data]

  [1378 bytes data]

  [5512 bytes data]

  [6981 bytes data]

  [1278 bytes data]

  [1378 bytes data]

  [1378 bytes data]

  [1378 bytes data]

  [1378 bytes data]

  [1378 bytes data]

  [1378 bytes data]

  [1378 bytes data]

  [1378 bytes data]

  [1378 bytes data]

  [1378 bytes data]

  [1326 bytes data]

  [43 bytes data]

  [1378 bytes data]

  [1378 bytes data]

  [1378 bytes data]

  [1378 bytes data]

  [1378 bytes data]

  [1378 bytes data]

  [1378 bytes data]

  [1378 bytes data]

  [1378 bytes data]

  [1378 bytes data]

  [1378 bytes data]

  [1183 bytes data]

  [186 bytes data]

  [1378 bytes data]

  [1378 bytes data]

  [1378 bytes data]

  [1378 bytes data]

  [1378 bytes data]

  [1378 bytes data]

  [1378 bytes data]

  [1378 bytes data]

  [1378 bytes data]

  [1378 bytes data]

  [1378 bytes data]

  [1040 bytes data]

  [5841 bytes data]

  [5512 bytes data]

  [1378 bytes data]

  [1378 bytes data]

  [1378 bytes data]

  [897 bytes data]

  [472 bytes data]

  [4134 bytes data]

  [2756 bytes data]

  [2756 bytes data]

  [1378 bytes data]

  [1378 bytes data]

  [1378 bytes data]

  [1378 bytes data]

  [754 bytes data]

  [615 bytes data]

  [1378 bytes data]

  [1378 bytes data]

  [1378 bytes data]

  [8268 bytes data]

  [3367 bytes data]

  [2136 bytes data]

  [9646 bytes data]

  [1378 bytes data]

  [3224 bytes data]

  [16375 bytes data]

  [9 bytes data]

  [16366 bytes data]

  [18 bytes data]

  [16357 bytes data]

  [27 bytes data]

  [16348 bytes data]

  [36 bytes data]

  [16339 bytes data]

  [45 bytes data]

  [16330 bytes data]

  [54 bytes data]

  [16321 bytes data]

  [63 bytes data]

  [16312 bytes data]

  [72 bytes data]

  [16303 bytes data]

  [81 bytes data]

  [16294 bytes data]

  [90 bytes data]

  [16285 bytes data]

  [99 bytes data]

  [16276 bytes data]

  [108 bytes data]

  [16267 bytes data]

  [117 bytes data]

  [16258 bytes data]

  [126 bytes data]

  [16249 bytes data]

  [135 bytes data]

  [16240 bytes data]

  [144 bytes data]

  [16231 bytes data]

  [153 bytes data]

  [16222 bytes data]

  [162 bytes data]

  [16213 bytes data]

  [171 bytes data]

  [16204 bytes data]

  [180 bytes data]

  [16195 bytes data]

  [189 bytes data]

  [16186 bytes data]

  [144 bytes data]

  [54 bytes data]

  [16321 bytes data]

  [63 bytes data]

  [16312 bytes data]

  [72 bytes data]

  [16303 bytes data]

  [81 bytes data]

  [16294 bytes data]

  [90 bytes data]

  [16285 bytes data]

  [99 bytes data]

  [16276 bytes data]

  [108 bytes data]

  [16267 bytes data]

  [117 bytes data]

  [16258 bytes data]

  [126 bytes data]

  [16249 bytes data]

  [135 bytes data]

  [16240 bytes data]

  [144 bytes data]

  [16375 bytes data]

  [9 bytes data]

  [16366 bytes data]

  [18 bytes data]

  [16357 bytes data]

  [27 bytes data]

  [16348 bytes data]

  [36 bytes data]

  [16339 bytes data]

  [45 bytes data]

  [16330 bytes data]

  [54 bytes data]

  [16321 bytes data]

  [63 bytes data]

  [16312 bytes data]

  [72 bytes data]

  [16303 bytes data]

  [81 bytes data]

  [16294 bytes data]

  [90 bytes data]

  [16285 bytes data]

  [99 bytes data]

  [16276 bytes data]

  [108 bytes data]

  [16267 bytes data]

  [117 bytes data]

  [16258 bytes data]

  [126 bytes data]

  [16249 bytes data]

  [135 bytes data]

  [16240 bytes data]

  [144 bytes data]

  [16375 bytes data]

  [9 bytes data]

  [16366 bytes data]

  [18 bytes data]

  [16357 bytes data]

  [27 bytes data]

  [16348 bytes data]

  [36 bytes data]

  [16339 bytes data]

  [45 bytes data]

  [16330 bytes data]

  [54 bytes data]

  [16321 bytes data]

  [63 bytes data]

  [16312 bytes data]

  [72 bytes data]

  [16303 bytes data]

  [81 bytes data]

  [16294 bytes data]

  [90 bytes data]

  [16285 bytes data]

  [99 bytes data]

  [16276 bytes data]

  [108 bytes data]

  [16267 bytes data]

  [117 bytes data]

  [16258 bytes data]

  [126 bytes data]

  [16249 bytes data]

  [135 bytes data]

  [16240 bytes data]

  [144 bytes data]

  [16375 bytes data]

  [9 bytes data]

  [16366 bytes data]

  [18 bytes data]

  [16357 bytes data]

  [27 bytes data]

  [16348 bytes data]

  [36 bytes data]

  [16339 bytes data]

  [45 bytes data]

  [16330 bytes data]

  [54 bytes data]

  [16321 bytes data]

  [63 bytes data]

  [16312 bytes data]

  [72 bytes data]

  [16303 bytes data]

  [81 bytes data]

  [16294 bytes data]

  [90 bytes data]

  [16285 bytes data]

  [99 bytes data]

  [16276 bytes data]

  [108 bytes data]

  [16267 bytes data]

  [117 bytes data]

  [16258 bytes data]

  [126 bytes data]

  [16249 bytes data]

  [135 bytes data]

  [16240 bytes data]

  [144 bytes data]

  [1369 bytes data]

  [1378 bytes data]

  [6890 bytes data]

  [1378 bytes data]

  [1378 bytes data]

  [1378 bytes data]

  [1378 bytes data]

  [1235 bytes data]

  [134 bytes data]

  [4134 bytes data]

  [1378 bytes data]

  [1378 bytes data]

  [1378 bytes data]

  [4134 bytes data]

  [1378 bytes data]

  [2470 bytes data]

  [7167 bytes data]

  [6890 bytes data]

  [2327 bytes data]

  [420 bytes data]

  [1378 bytes data]

  [4134 bytes data]

  [6890 bytes data]

  [1378 bytes data]

  [1378 bytes data]

  [806 bytes data]

  [563 bytes data]

  [1378 bytes data]

  [1378 bytes data]

  [1378 bytes data]

  [1378 bytes data]

  [1378 bytes data]

  [1378 bytes data]

  [1378 bytes data]

  [1378 bytes data]

  [1378 bytes data]

  [1378 bytes data]

  [1378 bytes data]

  [663 bytes data]

  [706 bytes data]

  [1378 bytes data]

  [1378 bytes data]

  [1378 bytes data]

  [1378 bytes data]

  [1378 bytes data]

  [1378 bytes data]

  [1378 bytes data]

  [6032 bytes data]

  [4983 bytes data]

  [6890 bytes data]

  [1378 bytes data]

  [1378 bytes data]

  [1378 bytes data]

  [377 bytes data]

  [992 bytes data]

  [1378 bytes data]

  [1378 bytes data]

  [1378 bytes data]

  [1378 bytes data]

  [1378 bytes data]

  [1378 bytes data]

  [1378 bytes data]

  [1378 bytes data]

  [1378 bytes data]

  [2990 bytes data]

  [1135 bytes data]

  [1378 bytes data]

  [1378 bytes data]

  [1378 bytes data]

  [1378 bytes data]

  [5512 bytes data]

  [4134 bytes data]

  [91 bytes data]

  [1278 bytes data]

  [1378 bytes data]

  [1378 bytes data]

  [1378 bytes data]

  [5512 bytes data]

  [1378 bytes data]

  [1378 bytes data]

  [1378 bytes data]

  [1326 bytes data]

  [43 bytes data]

  [13780 bytes data]

  [1378 bytes data]

  [1183 bytes data]

  [186 bytes data]

  [1378 bytes data]

  [1378 bytes data]

  [1378 bytes data]

  [8268 bytes data]

  [3796 bytes data]

  [329 bytes data]

  [1378 bytes data]

  [1378 bytes data]

  [1378 bytes data]

  [9646 bytes data]

  [1378 bytes data]

  [897 bytes data]

  [472 bytes data]

  [1378 bytes data]

  [1378 bytes data]

  [1378 bytes data]

  [1378 bytes data]

  [1378 bytes data]

  [1378 bytes data]

  [1378 bytes data]

  [1378 bytes data]

  [1378 bytes data]

  [1378 bytes data]

  [1378 bytes data]

  [754 bytes data]

  [615 bytes data]

  [1378 bytes data]

  [1378 bytes data]

  [1378 bytes data]

  [1378 bytes data]

  [2756 bytes data]

  [7501 bytes data]

  [4892 bytes data]

  [1378 bytes data]

  [1378 bytes data]

  [1378 bytes data]

  [1378 bytes data]

  [1378 bytes data]

  [1378 bytes data]

  [1378 bytes data]

  [1846 bytes data]

  [1369 bytes data]

  [1378 bytes data]

  [1378 bytes data]

  [1378 bytes data]

  [1378 bytes data]

  [1378 bytes data]

  [1378 bytes data]

  [1378 bytes data]

  [1378 bytes data]

  [1378 bytes data]

  [2613 bytes data]

  [9780 bytes data]

  [1378 bytes data]

  [1378 bytes data]

  [1378 bytes data]

  [1378 bytes data]

  [1092 bytes data]

  [1655 bytes data]

  [1378 bytes data]

  [1378 bytes data]

  [1378 bytes data]

  [1378 bytes data]

  [1378 bytes data]

  [1378 bytes data]

  [1378 bytes data]

  [1378 bytes data]

  [1378 bytes data]

  [1378 bytes data]

  [949 bytes data]

  [420 bytes data]

  [1378 bytes data]

  [14586 bytes data]

  [1789 bytes data]

  [152 bytes data]

  [1378 bytes data]

  [13065 bytes data]

  [3310 bytes data]

  [152 bytes data]

  [6890 bytes data]

  [1378 bytes data]

  [1378 bytes data]

  [1378 bytes data]

  [1378 bytes data]

  [520 bytes data]

  [849 bytes data]

  [1378 bytes data]

  [1378 bytes data]

  [1378 bytes data]

  [1378 bytes data]

  [1378 bytes data]

  [1378 bytes data]

  [6890 bytes data]

  [377 bytes data]

  [2370 bytes data]

  [1378 bytes data]

  [12402 bytes data]

  [234 bytes data]

  [8025 bytes data]

  [1378 bytes data]

  [1378 bytes data]

  [1378 bytes data]

  [1378 bytes data]

  [2847 bytes data]

  [4034 bytes data]

  [1378 bytes data]

  [1378 bytes data]

  [1378 bytes data]

  [1378 bytes data]

  [1378 bytes data]

  [1378 bytes data]

  [1378 bytes data]

  [1378 bytes data]

  [1326 bytes data]

  [43 bytes data]

  [1378 bytes data]

  [1378 bytes data]

  [1378 bytes data]

  [2756 bytes data]

  [1378 bytes data]

  [1378 bytes data]

  [1378 bytes data]

  [1378 bytes data]

  [1378 bytes data]

  [1378 bytes data]

  [1183 bytes data]

  [186 bytes data]

  [5512 bytes data]

  [1378 bytes data]

  [1378 bytes data]

  [1378 bytes data]

  [4134 bytes data]

  [1378 bytes data]

  [1040 bytes data]

  [329 bytes data]

  [1378 bytes data]

  [1378 bytes data]

  [1378 bytes data]

  [2756 bytes data]

  [1378 bytes data]

  [1378 bytes data]

  [1378 bytes data]

  [1378 bytes data]

  [1378 bytes data]

  [1378 bytes data]

  [897 bytes data]

  [472 bytes data]

  [1378 bytes data]

  [1378 bytes data]

  [1378 bytes data]

  [1378 bytes data]

  [1378 bytes data]

  [1378 bytes data]

  [1378 bytes data]

  [1378 bytes data]

  [4888 bytes data]

  [4749 bytes data]

  [5512 bytes data]

  [6123 bytes data]

  [758 bytes data]

  [4134 bytes data]

  [1378 bytes data]

  [4134 bytes data]

  [5964 bytes data]

  [2747 bytes data]

  [1378 bytes data]

  [1378 bytes data]

  [10881 bytes data]

  [1512 bytes data]

  [1378 bytes data]

  [12402 bytes data]

  [1092 bytes data]

  [277 bytes data]

  [1378 bytes data]

  [1378 bytes data]

  [2756 bytes data]

  [1378 bytes data]

  [1378 bytes data]

  [1378 bytes data]

  [1378 bytes data]

  [1378 bytes data]

  [1378 bytes data]

  [1378 bytes data]

  [949 bytes data]

  [420 bytes data]

  [1378 bytes data]

  [1378 bytes data]

  [1378 bytes data]

  [1378 bytes data]

  [4134 bytes data]

  [2756 bytes data]

  [1378 bytes data]

  [1378 bytes data]

  [806 bytes data]

  [563 bytes data]

  [1378 bytes data]

  [1378 bytes data]

  [1378 bytes data]

  [1378 bytes data]

  [1378 bytes data]

  [1378 bytes data]

  [1378 bytes data]

  [1378 bytes data]

  [1378 bytes data]

  [1378 bytes data]

  [1378 bytes data]

  [663 bytes data]

  [706 bytes data]

  [1378 bytes data]

  [1378 bytes data]

  [1378 bytes data]

  [1378 bytes data]

  [1378 bytes data]

  [1378 bytes data]

  [1378 bytes data]

  [1378 bytes data]

  [1378 bytes data]

  [1378 bytes data]

  [1378 bytes data]

  [520 bytes data]

  [849 bytes data]

  [1378 bytes data]

  [6890 bytes data]

  [1378 bytes data]

  [1378 bytes data]

  [1378 bytes data]

  [1378 bytes data]

  [1378 bytes data]

  [377 bytes data]

  [992 bytes data]

  [1378 bytes data]

  [1378 bytes data]

  [1378 bytes data]

  [1378 bytes data]

  [1378 bytes data]

  [1378 bytes data]

  [6890 bytes data]

  [234 bytes data]

  [1135 bytes data]

  [1378 bytes data]

  [1378 bytes data]

  [1378 bytes data]

  [1378 bytes data]

  [1378 bytes data]

  [1378 bytes data]

  [1378 bytes data]

  [1378 bytes data]

  [1378 bytes data]

  [1378 bytes data]

  [1378 bytes data]

  [91 bytes data]

  [1278 bytes data]

  [1378 bytes data]

  [1378 bytes data]

  [1378 bytes data]

  [1378 bytes data]

  [1378 bytes data]

  [1378 bytes data]

  [1378 bytes data]

  [1378 bytes data]

  [1378 bytes data]

  [1378 bytes data]

  [1326 bytes data]

  [43 bytes data]

  [1378 bytes data]

  [1378 bytes data]

  [1378 bytes data]

  [1378 bytes data]

  [1378 bytes data]

  [5512 bytes data]

  [1378 bytes data]

  [1378 bytes data]

  [1183 bytes data]

  [186 bytes data]

  [1378 bytes data]

  [1378 bytes data]

  [1378 bytes data]

  [1378 bytes data]

  [1378 bytes data]

  [1378 bytes data]

  [1378 bytes data]

  [1378 bytes data]

  [1378 bytes data]

  [1378 bytes data]

  [1378 bytes data]

  [1040 bytes data]

  [329 bytes data]

  [1378 bytes data]

  [1378 bytes data]

  [1378 bytes data]

  [1378 bytes data]

  [1378 bytes data]

  [1378 bytes data]

  [1378 bytes data]

  [1378 bytes data]

  [1378 bytes data]

  [1378 bytes data]

  [2275 bytes data]

  [8740 bytes data]

  [1378 bytes data]

  [1378 bytes data]

  [1378 bytes data]

  [1378 bytes data]

  [1378 bytes data]

  [754 bytes data]

  [615 bytes data]

  [8268 bytes data]

  [7501 bytes data]

  [758 bytes data]

  [1378 bytes data]

  [1378 bytes data]

  [4134 bytes data]

  [1378 bytes data]

  [1378 bytes data]

  [1378 bytes data]

  [1378 bytes data]

  [1378 bytes data]

  [1846 bytes data]

  [16375 bytes data]

  [9 bytes data]

  [16366 bytes data]

  [18 bytes data]

  [16357 bytes data]

  [27 bytes data]

  [16348 bytes data]

  [36 bytes data]

  [16339 bytes data]

  [45 bytes data]

  [16330 bytes data]

  [54 bytes data]

  [16321 bytes data]

  [63 bytes data]

  [16312 bytes data]

  [72 bytes data]

  [16303 bytes data]

  [81 bytes data]

  [16294 bytes data]

  [90 bytes data]

  [16285 bytes data]

  [99 bytes data]

  [16276 bytes data]

  [108 bytes data]

  [16267 bytes data]

  [117 bytes data]

  [16258 bytes data]

  [126 bytes data]

  [16249 bytes data]

  [135 bytes data]

  [16240 bytes data]

  [144 bytes data]

  [1369 bytes data]

  [1378 bytes data]

  [1378 bytes data]

  [1378 bytes data]

  [1378 bytes data]

  [9503 bytes data]

  [4268 bytes data]

  [1378 bytes data]

  [1378 bytes data]

  [1378 bytes data]

  [1378 bytes data]

  [1378 bytes data]

  [1378 bytes data]

  [1378 bytes data]

  [1378 bytes data]

  [1092 bytes data]

  [277 bytes data]

  [1378 bytes data]

  [1378 bytes data]

  [1378 bytes data]

  [1378 bytes data]

  [1378 bytes data]

  [1378 bytes data]

  [1378 bytes data]

  [1378 bytes data]

  [1378 bytes data]

  [1378 bytes data]

  [1378 bytes data]

  [949 bytes data]

  [420 bytes data]

  [1378 bytes data]

  [1378 bytes data]

  [1378 bytes data]

  [8268 bytes data]

  [1378 bytes data]

  [1378 bytes data]

  [806 bytes data]

  [563 bytes data]

  [1378 bytes data]

  [1378 bytes data]

  [1378 bytes data]

  [1378 bytes data]

  [1378 bytes data]

  [1378 bytes data]

  [1378 bytes data]

  [1378 bytes data]

  [1378 bytes data]

  [1378 bytes data]

  [1378 bytes data]

  [663 bytes data]

  [706 bytes data]

  [1378 bytes data]

  [2756 bytes data]

  [1378 bytes data]

  [1378 bytes data]

  [1378 bytes data]

  [1378 bytes data]

  [5512 bytes data]

  [520 bytes data]

  [849 bytes data]

  [1378 bytes data]

  [1378 bytes data]

  [1378 bytes data]

  [4134 bytes data]

  [1378 bytes data]

  [1378 bytes data]

  [1378 bytes data]

  [1378 bytes data]

  [1378 bytes data]

  [377 bytes data]

  [992 bytes data]

  [12402 bytes data]

  [1378 bytes data]

  [1378 bytes data]

  [234 bytes data]

  [1135 bytes data]

  [1378 bytes data]

  [1378 bytes data]

  [1378 bytes data]

  [1378 bytes data]

  [1378 bytes data]

  [1378 bytes data]

  [1378 bytes data]

  [1378 bytes data]

  [1378 bytes data]

  [2847 bytes data]

  [5412 bytes data]

  [1378 bytes data]

  [1378 bytes data]

  [1378 bytes data]

  [1378 bytes data]

  [1378 bytes data]

  [1378 bytes data]

  [1378 bytes data]

  [1326 bytes data]

  [43 bytes data]

  [1378 bytes data]

  [1378 bytes data]

  [1378 bytes data]

  [1378 bytes data]

  [1378 bytes data]

  [1378 bytes data]

  [1378 bytes data]

  [1378 bytes data]

  [5317 bytes data]

  [186 bytes data]

  [4134 bytes data]

  [4134 bytes data]

  [1378 bytes data]

  [1378 bytes data]

  [1378 bytes data]

  [1378 bytes data]

  [1378 bytes data]

  [1040 bytes data]

  [329 bytes data]

  [1378 bytes data]

  [1378 bytes data]

  [1378 bytes data]

  [11024 bytes data]

  [897 bytes data]

  [472 bytes data]

  [1378 bytes data]

  [1378 bytes data]

  [1378 bytes data]

  [1378 bytes data]

  [1378 bytes data]

  [1378 bytes data]

  [1378 bytes data]

  [1378 bytes data]

  [1378 bytes data]

  [1378 bytes data]

  [1378 bytes data]

  [754 bytes data]

  [615 bytes data]

  [1378 bytes data]

  [1378 bytes data]

  [1378 bytes data]

  [1378 bytes data]

  [1378 bytes data]

  [1378 bytes data]

  [2756 bytes data]

  [1378 bytes data]

  [1378 bytes data]

  [1378 bytes data]

  [611 bytes data]

  [758 bytes data]

  [1378 bytes data]

  [1378 bytes data]

  [1378 bytes data]

  [1378 bytes data]

  [1378 bytes data]

  [1378 bytes data]

  [1378 bytes data]

  [1378 bytes data]

  [1378 bytes data]

  [3224 bytes data]

  [5503 bytes data]

  [5512 bytes data]

  [1378 bytes data]

  [3991 bytes data]

  [11158 bytes data]

  [5226 bytes data]

  [3033 bytes data]

  [12402 bytes data]

  [949 bytes data]

  [420 bytes data]

  [1378 bytes data]

  [1378 bytes data]

  [2756 bytes data]

  [2756 bytes data]

  [1378 bytes data]

  [1378 bytes data]

  [2756 bytes data]

  [1378 bytes data]

  [806 bytes data]

  [1941 bytes data]

  [1378 bytes data]

  [1378 bytes data]

  [1378 bytes data]

  [1378 bytes data]

  [1378 bytes data]

  [1378 bytes data]

  [1378 bytes data]

  [1378 bytes data]

  [1378 bytes data]

  [1378 bytes data]

  [663 bytes data]

  [706 bytes data]

  [1378 bytes data]

  [1378 bytes data]

  [1378 bytes data]

  [1378 bytes data]

  [10166 bytes data]

  [6209 bytes data]

  [2908 bytes data]

  [4134 bytes data]

  [1378 bytes data]

  [1378 bytes data]

  [377 bytes data]

  [992 bytes data]

  [1378 bytes data]

  [1378 bytes data]

  [1378 bytes data]

  [1378 bytes data]

  [1378 bytes data]

  [1378 bytes data]

  [1378 bytes data]

  [1378 bytes data]

  [1378 bytes data]

  [2990 bytes data]

  [1135 bytes data]

  [1378 bytes data]

  [1378 bytes data]

  [1378 bytes data]

  [1378 bytes data]

  [1378 bytes data]

  [1378 bytes data]

  [6981 bytes data]

  [2656 bytes data]

  [1378 bytes data]

  [12350 bytes data]

  [1421 bytes data]

  [4134 bytes data]

  [8268 bytes data]

  [1378 bytes data]

  [1183 bytes data]

  [186 bytes data]

  [1378 bytes data]

  [1378 bytes data]

  [1378 bytes data]

  [1378 bytes data]

  [1378 bytes data]

  [1378 bytes data]

  [1378 bytes data]

  [1378 bytes data]

  [1378 bytes data]

  [3796 bytes data]

  [329 bytes data]

  [2756 bytes data]

  [2756 bytes data]

  [4134 bytes data]

  [1378 bytes data]

  [1378 bytes data]

  [1378 bytes data]

  [2275 bytes data]

  [5984 bytes data]

  [1378 bytes data]

  [1378 bytes data]

  [7644 bytes data]

  [8731 bytes data]

  [2908 bytes data]

  [4745 bytes data]

  [758 bytes data]

  [11024 bytes data]

  [2756 bytes data]

  [1846 bytes data]

  [1369 bytes data]

  [1378 bytes data]

  [1378 bytes data]

  [1378 bytes data]

  [1378 bytes data]

  [1378 bytes data]

  [1378 bytes data]

  [1378 bytes data]

  [1378 bytes data]

  [1378 bytes data]

  [1378 bytes data]

  [1235 bytes data]

  [134 bytes data]

  [1378 bytes data]

  [1378 bytes data]

  [1378 bytes data]

  [1378 bytes data]

  [1378 bytes data]

  [1378 bytes data]

  [1378 bytes data]

  [1378 bytes data]

  [1378 bytes data]

  [1378 bytes data]

  [1378 bytes data]

  [1092 bytes data]

  [277 bytes data]

  [1378 bytes data]

  [9646 bytes data]

  [4134 bytes data]

  [949 bytes data]

  [420 bytes data]

  [1378 bytes data]

  [1378 bytes data]

  [4134 bytes data]

  [5512 bytes data]

  [1378 bytes data]

  [1378 bytes data]

  [806 bytes data]

  [1941 bytes data]

  [1378 bytes data]

  [1378 bytes data]

  [4134 bytes data]

  [5512 bytes data]

  [1378 bytes data]

  [663 bytes data]

  [706 bytes data]

  [1378 bytes data]

  [1378 bytes data]

  [1378 bytes data]

  [1378 bytes data]

  [1378 bytes data]

  [1378 bytes data]

  [1378 bytes data]

  [1378 bytes data]

  [4134 bytes data]

  [520 bytes data]

  [849 bytes data]

  [1378 bytes data]

  [1378 bytes data]

  [1378 bytes data]

  [1378 bytes data]

  [1378 bytes data]

  [1378 bytes data]

  [1378 bytes data]

  [1378 bytes data]

  [1378 bytes data]

  [1378 bytes data]

  [1378 bytes data]

  [377 bytes data]

  [992 bytes data]

  [1378 bytes data]

  [1378 bytes data]

  [1378 bytes data]

  [1378 bytes data]

  [1378 bytes data]

  [1378 bytes data]

  [1378 bytes data]

  [1378 bytes data]

  [1378 bytes data]

  [1378 bytes data]

  [1378 bytes data]

  [234 bytes data]

  [1135 bytes data]

  [1378 bytes data]

  [1378 bytes data]

  [1378 bytes data]

  [1378 bytes data]

  [1378 bytes data]

  [1378 bytes data]

  [1378 bytes data]

  [1378 bytes data]

  [1378 bytes data]

  [1378 bytes data]

  [1378 bytes data]

  [91 bytes data]

  [1278 bytes data]

  [1378 bytes data]

  [1378 bytes data]

  [12350 bytes data]

  [2799 bytes data]

  [4134 bytes data]

  [1378 bytes data]

  [1378 bytes data]

  [1378 bytes data]

  [5317 bytes data]

  [11058 bytes data]

  [2908 bytes data]

  [1378 bytes data]

  [1040 bytes data]

  [329 bytes data]

  [4134 bytes data]

  [1378 bytes data]

  [1378 bytes data]

  [1378 bytes data]

  [1378 bytes data]

  [1378 bytes data]

  [4134 bytes data]

  [897 bytes data]

  [472 bytes data]

  [1378 bytes data]

  [1378 bytes data]

  [1378 bytes data]

  [1378 bytes data]

  [1378 bytes data]

  [1378 bytes data]

  [1378 bytes data]

  [1378 bytes data]

  [1378 bytes data]

  [1378 bytes data]

  [1378 bytes data]

  [754 bytes data]

  [615 bytes data]

  [1378 bytes data]

  [1378 bytes data]

  [1378 bytes data]

  [4134 bytes data]

  [7501 bytes data]

  [3514 bytes data]

  [1378 bytes data]

  [1378 bytes data]

  [1378 bytes data]

  [1378 bytes data]

  [1378 bytes data]

  [1378 bytes data]

  [1378 bytes data]

  [1378 bytes data]

  [1378 bytes data]

  [468 bytes data]

  [1369 bytes data]

  [1378 bytes data]

  [1378 bytes data]

  [1378 bytes data]

  [1378 bytes data]

  [1378 bytes data]

  [1378 bytes data]

  [1378 bytes data]

  [1378 bytes data]

  [1378 bytes data]

  [1378 bytes data]

  [1235 bytes data]

  [134 bytes data]

  [1378 bytes data]

  [1378 bytes data]

  [1378 bytes data]

  [1378 bytes data]

  [1378 bytes data]

  [1378 bytes data]

  [1378 bytes data]

  [1378 bytes data]

  [1378 bytes data]

  [1378 bytes data]

  [1378 bytes data]

  [1092 bytes data]

  [4411 bytes data]

  [8268 bytes data]

  [3705 bytes data]

  [12670 bytes data]

  [3714 bytes data]

  [1941 bytes data]

  [1378 bytes data]

  [1378 bytes data]

  [1378 bytes data]

  [1378 bytes data]

  [1378 bytes data]

  [4134 bytes data]

  [1378 bytes data]

  [1378 bytes data]

  [663 bytes data]

  [706 bytes data]

  [1378 bytes data]

  [1378 bytes data]

  [1378 bytes data]

  [11024 bytes data]

  [520 bytes data]

  [849 bytes data]

  [1378 bytes data]

  [1378 bytes data]

  [1378 bytes data]

  [1378 bytes data]

  [1378 bytes data]

  [1378 bytes data]

  [1378 bytes data]

  [1378 bytes data]

  [1378 bytes data]

  [1378 bytes data]

  [1378 bytes data]

  [377 bytes data]

  [2370 bytes data]

  [1378 bytes data]

  [1378 bytes data]

  [1378 bytes data]

  [1378 bytes data]

  [1378 bytes data]

  [1378 bytes data]

  [1378 bytes data]

  [1378 bytes data]

  [1378 bytes data]

  [1378 bytes data]

  [234 bytes data]

  [1135 bytes data]

  [1378 bytes data]

  [1378 bytes data]

  [1378 bytes data]

  [1378 bytes data]

  [1378 bytes data]

  [5512 bytes data]

  [2847 bytes data]

  [8168 bytes data]

  [1378 bytes data]

  [1378 bytes data]

  [1378 bytes data]

  [4082 bytes data]

  [2799 bytes data]

  [1378 bytes data]

  [1378 bytes data]

  [1378 bytes data]

  [4134 bytes data]

  [2756 bytes data]

  [1378 bytes data]

  [1183 bytes data]

  [1564 bytes data]

  [4134 bytes data]

  [10686 bytes data]

  [4463 bytes data]

  [1378 bytes data]

  [4134 bytes data]

  [6409 bytes data]

  [1850 bytes data]

  [1378 bytes data]

  [1378 bytes data]

  [1378 bytes data]

  [1378 bytes data]

  [1378 bytes data]

  [4134 bytes data]

  [3510 bytes data]

  [4749 bytes data]

  [11024 bytes data]

  [611 bytes data]

  [758 bytes data]

  [11024 bytes data]

  [1378 bytes data]

  [3224 bytes data]

  [9637 bytes data]

  [1378 bytes data]

  [1378 bytes data]

  [1378 bytes data]

  [1378 bytes data]

  [1235 bytes data]

  [134 bytes data]

  [1378 bytes data]

  [1378 bytes data]

  [11024 bytes data]

  [2470 bytes data]

  [9923 bytes data]

  [1378 bytes data]

  [1378 bytes data]

  [3705 bytes data]

  [1798 bytes data]

  [14586 bytes data]

  [563 bytes data]

  [4134 bytes data]

  [1378 bytes data]

  [1378 bytes data]

  [1378 bytes data]

  [4134 bytes data]

  [1378 bytes data]

  [1378 bytes data]

  [663 bytes data]

  [706 bytes data]

  [5512 bytes data]

  [8268 bytes data]

  [1898 bytes data]

  [3605 bytes data]

  [5512 bytes data]

  [4134 bytes data]

  [3133 bytes data]

  [992 bytes data]

  [4134 bytes data]

  [1378 bytes data]

  [6890 bytes data]

  [1378 bytes data]

  [1612 bytes data]

  [5269 bytes data]

  [1378 bytes data]

  [1378 bytes data]

  [8359 bytes data]

  [2656 bytes data]

  [13728 bytes data]

  [1421 bytes data]

  [14963 bytes data]

  [1412 bytes data]

  [1530 bytes data]

  [5512 bytes data]

  [1378 bytes data]

  [1378 bytes data]

  [1378 bytes data]

  [1378 bytes data]

  [2418 bytes data]

  [329 bytes data]

  [2756 bytes data]

  [4134 bytes data]

  [8268 bytes data]

  [897 bytes data]

  [472 bytes data]

  [1378 bytes data]

  [1378 bytes data]

  [1378 bytes data]

  [1378 bytes data]

  [8268 bytes data]

  [1378 bytes data]

  [754 bytes data]

  [615 bytes data]

  [1378 bytes data]

  [1378 bytes data]

  [1378 bytes data]

  [1378 bytes data]

  [1378 bytes data]

  [1378 bytes data]

  [1378 bytes data]

  [1378 bytes data]

  [1378 bytes data]

  [1378 bytes data]

  [1378 bytes data]

  [611 bytes data]

  [758 bytes data]

  [1378 bytes data]

  [1378 bytes data]

  [1378 bytes data]

  [1378 bytes data]

  [1378 bytes data]

  [1378 bytes data]

  [1378 bytes data]

  [1378 bytes data]

  [1378 bytes data]

  [1378 bytes data]

  [1846 bytes data]

  [1369 bytes data]

  [1378 bytes data]

  [1378 bytes data]

  [1378 bytes data]

  [1378 bytes data]

  [1378 bytes data]

  [1378 bytes data]

  [1378 bytes data]

  [1378 bytes data]

  [1378 bytes data]

  [1378 bytes data]

  [1235 bytes data]

  [7024 bytes data]

  [1378 bytes data]

  [1378 bytes data]

  [1378 bytes data]

  [1378 bytes data]

  [1378 bytes data]

  [1378 bytes data]

  [1092 bytes data]

  [277 bytes data]

  [1378 bytes data]

  [1378 bytes data]

  [1378 bytes data]

  [1378 bytes data]

  [1378 bytes data]

  [1378 bytes data]

  [1378 bytes data]

  [1378 bytes data]

  [1378 bytes data]

  [1378 bytes data]

  [1378 bytes data]

  [949 bytes data]

  [420 bytes data]

  [1378 bytes data]

  [1378 bytes data]

  [12402 bytes data]

  [806 bytes data]

  [8831 bytes data]

  [1378 bytes data]

  [1378 bytes data]

  [4797 bytes data]

  [3462 bytes data]

  [1378 bytes data]

  [1378 bytes data]

  [1378 bytes data]

  [1378 bytes data]

  [1378 bytes data]

  [1378 bytes data]

  [1378 bytes data]

  [1378 bytes data]

  [1898 bytes data]

  [849 bytes data]

  [1378 bytes data]

  [1378 bytes data]

  [1378 bytes data]

  [1378 bytes data]

  [1378 bytes data]

  [1378 bytes data]

  [1378 bytes data]

  [1378 bytes data]

  [1378 bytes data]

  [1378 bytes data]

  [1378 bytes data]

  [377 bytes data]

  [992 bytes data]

  [1378 bytes data]

  [1378 bytes data]

  [1378 bytes data]

  [6890 bytes data]

  [4368 bytes data]

  [5269 bytes data]

  [1378 bytes data]

  [1378 bytes data]

  [8268 bytes data]

  [91 bytes data]

  [9546 bytes data]

  [5512 bytes data]

  [1326 bytes data]

  [43 bytes data]

  [1378 bytes data]

  [1378 bytes data]

  [1378 bytes data]

  [1378 bytes data]

  [1378 bytes data]

  [1378 bytes data]

  [1378 bytes data]

  [6695 bytes data]

  [186 bytes data]

  [1378 bytes data]

  [1378 bytes data]

  [1378 bytes data]

  [1378 bytes data]

  [1378 bytes data]

  [1378 bytes data]

  [1378 bytes data]

  [1378 bytes data]

  [1378 bytes data]

  [1378 bytes data]

  [2418 bytes data]

  [1707 bytes data]

  [1378 bytes data]

  [1378 bytes data]

  [1378 bytes data]

  [1378 bytes data]

  [1378 bytes data]

  [4134 bytes data]

  [1378 bytes data]

  [1378 bytes data]

  [897 bytes data]

  [472 bytes data]

  [1378 bytes data]

  [1378 bytes data]

  [1378 bytes data]

  [1378 bytes data]

  [1378 bytes data]

  [1378 bytes data]

  [1378 bytes data]

  [1378 bytes data]

  [1378 bytes data]

  [1378 bytes data]

  [1378 bytes data]

  [754 bytes data]

  [615 bytes data]

  [1378 bytes data]

  [8268 bytes data]

  [1378 bytes data]

  [1378 bytes data]

  [1378 bytes data]

  [1378 bytes data]

  [611 bytes data]

  [758 bytes data]

  [1378 bytes data]

  [1378 bytes data]

  [1378 bytes data]

  [1378 bytes data]

  [1378 bytes data]

  [1378 bytes data]

  [1378 bytes data]

  [1378 bytes data]

  [1378 bytes data]

  [1378 bytes data]

  [1378 bytes data]

  [452 bytes data]

  [1369 bytes data]

  [4134 bytes data]

  [1378 bytes data]

  [1378 bytes data]

  [1378 bytes data]

  [1378 bytes data]

  [5369 bytes data]

  [134 bytes data]

  [8268 bytes data]

  [4134 bytes data]

  [3848 bytes data]

  [4411 bytes data]

  [5512 bytes data]

  [6461 bytes data]

  [420 bytes data]

  [5512 bytes data]

  [1378 bytes data]

  [1378 bytes data]

  [1378 bytes data]

  [1378 bytes data]

  [4940 bytes data]

  [1941 bytes data]

  [8268 bytes data]

  [1378 bytes data]

  [1378 bytes data]

  [1378 bytes data]

  [2041 bytes data]

  [3462 bytes data]

  [9646 bytes data]

  [1378 bytes data]

  [1898 bytes data]

  [7739 bytes data]

  [8645 bytes data]

  [992 bytes data]

  [1378 bytes data]

  [14014 bytes data]

  [2361 bytes data]

  [1530 bytes data]

  [4134 bytes data]

  [1378 bytes data]

  [1378 bytes data]

  [1378 bytes data]

  [1378 bytes data]

  [1378 bytes data]

  [1378 bytes data]

  [91 bytes data]

  [1278 bytes data]

  [4134 bytes data]

  [1378 bytes data]

  [1378 bytes data]

  [5512 bytes data]

  [1378 bytes data]

  [1326 bytes data]

  [43 bytes data]

  [1378 bytes data]

  [1378 bytes data]

  [1378 bytes data]

  [1378 bytes data]

  [1378 bytes data]

  [2756 bytes data]

  [1378 bytes data]

  [1378 bytes data]

  [1378 bytes data]

  [1378 bytes data]

  [1183 bytes data]

  [186 bytes data]

  [4134 bytes data]

  [1378 bytes data]

  [2756 bytes data]

  [1378 bytes data]

  [1378 bytes data]

  [2756 bytes data]

  [1378 bytes data]

  [1040 bytes data]

  [1707 bytes data]

  [2756 bytes data]

  [1378 bytes data]

  [4134 bytes data]

  [1378 bytes data]

  [1378 bytes data]

  [3653 bytes data]

  [472 bytes data]

  [4134 bytes data]

  [2756 bytes data]

  [1378 bytes data]

  [4134 bytes data]

  [3510 bytes data]

  [10261 bytes data]

  [1378 bytes data]

  [4745 bytes data]

  [11630 bytes data]

  [1530 bytes data]

  [3224 bytes data]

  [6881 bytes data]

  [1378 bytes data]

  [1378 bytes data]

  [1378 bytes data]

  [5369 bytes data]

  [134 bytes data]

  [1378 bytes data]

  [9646 bytes data]

  [1378 bytes data]

  [1378 bytes data]

  [2470 bytes data]

  [3033 bytes data]

  [1378 bytes data]

  [9646 bytes data]

  [1378 bytes data]

  [949 bytes data]

  [420 bytes data]

  [4134 bytes data]

  [1378 bytes data]

  [1378 bytes data]

  [1378 bytes data]

  [7696 bytes data]

  [1941 bytes data]

  [4134 bytes data]

  [2756 bytes data]

  [1378 bytes data]

  [1378 bytes data]

  [1378 bytes data]

  [1378 bytes data]

  [1378 bytes data]

  [663 bytes data]

  [706 bytes data]

  [1378 bytes data]

  [1378 bytes data]

  [1378 bytes data]

  [1378 bytes data]

  [1378 bytes data]

  [1378 bytes data]

  [1378 bytes data]

  [6032 bytes data]

  [4983 bytes data]

  [1378 bytes data]

  [10023 bytes data]

  [992 bytes data]

  [1378 bytes data]

  [1378 bytes data]

  [1378 bytes data]

  [1378 bytes data]

  [1378 bytes data]

  [1378 bytes data]

  [1378 bytes data]

  [1378 bytes data]

  [1378 bytes data]

  [1378 bytes data]

  [1378 bytes data]

  [234 bytes data]

  [1135 bytes data]

  [1378 bytes data]

  [1378 bytes data]

  [1378 bytes data]

  [1378 bytes data]

  [1378 bytes data]

  [1378 bytes data]

  [1378 bytes data]

  [1378 bytes data]

  [1378 bytes data]

  [2847 bytes data]

  [1278 bytes data]

  [1378 bytes data]

  [1378 bytes data]

  [1378 bytes data]

  [4134 bytes data]

  [1378 bytes data]

  [1378 bytes data]

  [4082 bytes data]

  [43 bytes data]

  [2756 bytes data]

  [1378 bytes data]

  [2756 bytes data]

  [1378 bytes data]

  [1378 bytes data]

  [1378 bytes data]

  [1378 bytes data]

  [1378 bytes data]

  [1378 bytes data]

  [1183 bytes data]

  [186 bytes data]

  [1378 bytes data]

  [1378 bytes data]

  [1378 bytes data]

  [1378 bytes data]

  [1378 bytes data]

  [1378 bytes data]

  [1378 bytes data]

  [1378 bytes data]

  [1378 bytes data]

  [1378 bytes data]

  [2418 bytes data]

  [1707 bytes data]

  [4134 bytes data]

  [1378 bytes data]

  [1378 bytes data]

  [1378 bytes data]

  [1378 bytes data]

  [1378 bytes data]

  [1378 bytes data]

  [1378 bytes data]

  [897 bytes data]

  [472 bytes data]

  [1378 bytes data]

  [1378 bytes data]

  [1378 bytes data]

  [4134 bytes data]

  [1378 bytes data]

  [1378 bytes data]

  [1378 bytes data]

  [1378 bytes data]

  [1378 bytes data]

  [754 bytes data]

  [615 bytes data]

  [1378 bytes data]

  [1378 bytes data]

  [1378 bytes data]

  [1378 bytes data]

  [10257 bytes data]

  [6118 bytes data]

  [4286 bytes data]

  [1378 bytes data]

  [2756 bytes data]

  [1846 bytes data]

  [16375 bytes data]

  [9 bytes data]

  [16366 bytes data]

  [18 bytes data]

  [16357 bytes data]

  [27 bytes data]

  [16348 bytes data]

  [36 bytes data]

  [16339 bytes data]

  [45 bytes data]

  [16330 bytes data]

  [54 bytes data]

  [16321 bytes data]

  [63 bytes data]

  [16312 bytes data]

  [72 bytes data]

  [16303 bytes data]

  [81 bytes data]

  [16294 bytes data]

  [90 bytes data]

  [16285 bytes data]

  [99 bytes data]

  [16276 bytes data]

  [108 bytes data]

  [16267 bytes data]

  [117 bytes data]

  [16258 bytes data]

  [126 bytes data]

  [16249 bytes data]

  [135 bytes data]

  [16240 bytes data]

  [144 bytes data]

  [16375 bytes data]

  [9 bytes data]

  [16366 bytes data]

  [18 bytes data]

  [16357 bytes data]

  [27 bytes data]

  [16348 bytes data]

  [36 bytes data]

  [16339 bytes data]

  [45 bytes data]

  [16330 bytes data]

  [54 bytes data]

  [16321 bytes data]

  [63 bytes data]

  [16312 bytes data]

  [72 bytes data]

  [16303 bytes data]

  [81 bytes data]

  [16294 bytes data]

  [90 bytes data]

  [16285 bytes data]

  [99 bytes data]

  [16276 bytes data]

  [108 bytes data]

  [16267 bytes data]

  [117 bytes data]

  [16258 bytes data]

  [126 bytes data]

  [16249 bytes data]

  [135 bytes data]

  [16240 bytes data]

  [144 bytes data]

  [16375 bytes data]

  [9 bytes data]

  [16366 bytes data]

  [18 bytes data]

  [16357 bytes data]

  [27 bytes data]

  [16348 bytes data]

  [36 bytes data]

  [16339 bytes data]

  [45 bytes data]

  [16330 bytes data]

  [54 bytes data]

  [16321 bytes data]

  [63 bytes data]

  [16312 bytes data]

  [72 bytes data]

  [16303 bytes data]

  [81 bytes data]

  [16294 bytes data]

  [90 bytes data]

  [16285 bytes data]

  [99 bytes data]

  [16276 bytes data]

  [108 bytes data]

  [16267 bytes data]

  [117 bytes data]

  [16258 bytes data]

  [126 bytes data]

  [16249 bytes data]

  [135 bytes data]

  [16240 bytes data]

  [144 bytes data]

  [16375 bytes data]

  [9 bytes data]

  [16366 bytes data]

  [18 bytes data]

  [16357 bytes data]

  [27 bytes data]

  [16348 bytes data]

  [36 bytes data]

  [16339 bytes data]

  [45 bytes data]

  [16330 bytes data]

  [54 bytes data]

  [16321 bytes data]

  [63 bytes data]

  [16312 bytes data]

  [72 bytes data]

  [16303 bytes data]

  [81 bytes data]

  [16294 bytes data]

  [90 bytes data]

  [16285 bytes data]

  [99 bytes data]

  [16276 bytes data]

  [108 bytes data]

  [16267 bytes data]

  [117 bytes data]

  [16258 bytes data]

  [126 bytes data]

  [16249 bytes data]

  [135 bytes data]

  [16240 bytes data]

  [144 bytes data]

  [16375 bytes data]

  [9 bytes data]

  [16366 bytes data]

  [18 bytes data]

  [16357 bytes data]

  [27 bytes data]

  [16348 bytes data]

  [36 bytes data]

  [16339 bytes data]

  [45 bytes data]

  [16330 bytes data]

  [54 bytes data]

  [16321 bytes data]

  [63 bytes data]

  [16312 bytes data]

  [72 bytes data]

  [16303 bytes data]

  [81 bytes data]

  [16294 bytes data]

  [90 bytes data]

  [16285 bytes data]

  [99 bytes data]

  [16276 bytes data]

  [108 bytes data]

  [16267 bytes data]

  [117 bytes data]

  [16258 bytes data]

  [126 bytes data]

  [16249 bytes data]

  [135 bytes data]

  [16240 bytes data]

  [144 bytes data]

  [16375 bytes data]

  [9 bytes data]

  [16366 bytes data]

  [18 bytes data]

  [16357 bytes data]

  [27 bytes data]

  [16348 bytes data]

  [36 bytes data]

  [16339 bytes data]

  [45 bytes data]

  [16330 bytes data]

  [54 bytes data]

  [16321 bytes data]

  [63 bytes data]

  [16312 bytes data]

  [72 bytes data]

  [16303 bytes data]

  [81 bytes data]

  [16294 bytes data]

  [90 bytes data]

  [16285 bytes data]

  [99 bytes data]

  [16276 bytes data]

  [108 bytes data]

  [16267 bytes data]

  [117 bytes data]

  [16258 bytes data]

  [126 bytes data]

  [16249 bytes data]

  [135 bytes data]

  [16240 bytes data]

  [128 bytes data]

  [16375 bytes data]

  [9 bytes data]

  [16366 bytes data]

  [18 bytes data]

  [16357 bytes data]

  [27 bytes data]

  [16348 bytes data]

  [36 bytes data]

  [16339 bytes data]

  [45 bytes data]

  [16330 bytes data]

  [54 bytes data]

  [16321 bytes data]

  [63 bytes data]

  [16312 bytes data]

  [72 bytes data]

  [16303 bytes data]

  [81 bytes data]

  [16294 bytes data]

  [90 bytes data]

  [16285 bytes data]

  [99 bytes data]

  [16276 bytes data]

  [108 bytes data]

  [16267 bytes data]

  [117 bytes data]

  [16258 bytes data]

  [126 bytes data]

  [16249 bytes data]

  [135 bytes data]

  [16240 bytes data]

  [144 bytes data]

  [16375 bytes data]

  [9 bytes data]

  [16366 bytes data]

  [18 bytes data]

  [16357 bytes data]

  [27 bytes data]

  [16348 bytes data]

  [36 bytes data]

  [16339 bytes data]

  [45 bytes data]

  [16330 bytes data]

  [54 bytes data]

  [16321 bytes data]

  [63 bytes data]

  [16312 bytes data]

  [72 bytes data]

  [16303 bytes data]

  [81 bytes data]

  [16294 bytes data]

  [90 bytes data]

  [16285 bytes data]

  [99 bytes data]

  [16276 bytes data]

  [108 bytes data]

  [16267 bytes data]

  [117 bytes data]

  [16258 bytes data]

  [126 bytes data]

  [16249 bytes data]

  [135 bytes data]

  [16240 bytes data]

  [144 bytes data]

  [16375 bytes data]

  [9 bytes data]

  [16366 bytes data]

  [18 bytes data]

  [16357 bytes data]

  [27 bytes data]

  [16348 bytes data]

  [36 bytes data]

  [16339 bytes data]

  [45 bytes data]

  [16330 bytes data]

  [54 bytes data]

  [16321 bytes data]

  [63 bytes data]

  [16312 bytes data]

  [72 bytes data]

  [16303 bytes data]

  [81 bytes data]

  [16294 bytes data]

  [90 bytes data]

  [16285 bytes data]

  [99 bytes data]

  [16276 bytes data]

  [108 bytes data]

  [16267 bytes data]

  [117 bytes data]

  [16258 bytes data]

  [126 bytes data]

  [16249 bytes data]

  [135 bytes data]

  [16240 bytes data]

  [144 bytes data]

  [16375 bytes data]

  [9 bytes data]

  [16366 bytes data]

  [18 bytes data]

  [16357 bytes data]

  [27 bytes data]

  [16348 bytes data]

  [36 bytes data]

  [16339 bytes data]

  [45 bytes data]

  [16330 bytes data]

  [54 bytes data]

  [16321 bytes data]

  [63 bytes data]

  [16312 bytes data]

  [72 bytes data]

  [16303 bytes data]

  [81 bytes data]

  [16294 bytes data]

  [90 bytes data]

  [16285 bytes data]

  [99 bytes data]

  [16276 bytes data]

  [108 bytes data]

  [16267 bytes data]

  [117 bytes data]

  [16258 bytes data]

  [126 bytes data]

  [16249 bytes data]

  [135 bytes data]

  [16240 bytes data]

  [144 bytes data]

  [16231 bytes data]

  [144 bytes data]

  [9 bytes data]

  [16366 bytes data]

  [18 bytes data]

  [16357 bytes data]

  [27 bytes data]

  [16348 bytes data]

  [36 bytes data]

  [16339 bytes data]

  [45 bytes data]

  [16330 bytes data]

  [54 bytes data]

  [16321 bytes data]

  [63 bytes data]

  [16312 bytes data]

  [72 bytes data]

  [16303 bytes data]

  [81 bytes data]

  [16294 bytes data]

  [90 bytes data]

  [16285 bytes data]

  [99 bytes data]

  [16276 bytes data]

  [108 bytes data]

  [16267 bytes data]

  [117 bytes data]

  [16258 bytes data]

  [126 bytes data]

  [16249 bytes data]

  [135 bytes data]

  [16240 bytes data]

  [144 bytes data]

  [16375 bytes data]

  [9 bytes data]

  [16366 bytes data]

  [18 bytes data]

  [16357 bytes data]

  [27 bytes data]

  [16348 bytes data]

  [36 bytes data]

  [16339 bytes data]

  [45 bytes data]

  [16330 bytes data]

  [54 bytes data]

  [16321 bytes data]

  [63 bytes data]

  [16312 bytes data]

  [72 bytes data]

  [16303 bytes data]

  [81 bytes data]

  [16294 bytes data]

  [90 bytes data]

  [16285 bytes data]

  [99 bytes data]

  [16276 bytes data]

  [108 bytes data]

  [16267 bytes data]

  [117 bytes data]

  [16258 bytes data]

  [126 bytes data]

  [16249 bytes data]

  [135 bytes data]

  [16240 bytes data]

  [144 bytes data]

  [16375 bytes data]

  [9 bytes data]

  [16366 bytes data]

  [18 bytes data]

  [16357 bytes data]

  [27 bytes data]

  [16348 bytes data]

  [36 bytes data]

  [16339 bytes data]

  [45 bytes data]

  [16330 bytes data]

  [54 bytes data]

  [16321 bytes data]

  [63 bytes data]

  [16312 bytes data]

  [72 bytes data]

  [16303 bytes data]

  [81 bytes data]

  [16294 bytes data]

  [90 bytes data]

  [16285 bytes data]

  [99 bytes data]

  [16276 bytes data]

  [108 bytes data]

  [16267 bytes data]

  [117 bytes data]

  [16258 bytes data]

  [126 bytes data]

  [16249 bytes data]

  [135 bytes data]

  [16240 bytes data]

  [144 bytes data]

  [16375 bytes data]

  [9 bytes data]

  [16366 bytes data]

  [18 bytes data]

  [16357 bytes data]

  [27 bytes data]

  [16348 bytes data]

  [36 bytes data]

  [16339 bytes data]

  [45 bytes data]

  [16330 bytes data]

  [54 bytes data]

  [16321 bytes data]

  [63 bytes data]

  [16312 bytes data]

  [72 bytes data]

  [16303 bytes data]

  [81 bytes data]

  [16294 bytes data]

  [90 bytes data]

  [16285 bytes data]

  [99 bytes data]

  [16276 bytes data]

  [108 bytes data]

  [16267 bytes data]

  [117 bytes data]

  [16258 bytes data]

  [126 bytes data]

  [16249 bytes data]

  [135 bytes data]

  [16240 bytes data]

  [128 bytes data]

  [16375 bytes data]

  [9 bytes data]

  [16366 bytes data]

  [18 bytes data]

  [16357 bytes data]

  [27 bytes data]

  [16348 bytes data]

  [36 bytes data]

  [16339 bytes data]

  [45 bytes data]

  [16330 bytes data]

  [54 bytes data]

  [16321 bytes data]

  [63 bytes data]

  [16312 bytes data]

  [72 bytes data]

  [16303 bytes data]

  [81 bytes data]

  [16294 bytes data]

  [90 bytes data]

  [16285 bytes data]

  [99 bytes data]

  [16276 bytes data]

  [108 bytes data]

  [16267 bytes data]

  [117 bytes data]

  [16258 bytes data]

  [126 bytes data]

  [16249 bytes data]

  [135 bytes data]

  [16240 bytes data]

  [144 bytes data]

  [16375 bytes data]

  [9 bytes data]

  [16366 bytes data]

  [18 bytes data]

  [16357 bytes data]

  [27 bytes data]

  [16348 bytes data]

  [36 bytes data]

  [16339 bytes data]

  [45 bytes data]

  [16330 bytes data]

  [54 bytes data]

  [16321 bytes data]

  [63 bytes data]

  [16312 bytes data]

  [72 bytes data]

  [16303 bytes data]

  [81 bytes data]

  [16294 bytes data]

  [90 bytes data]

  [16285 bytes data]

  [99 bytes data]

  [16276 bytes data]

  [108 bytes data]

  [16267 bytes data]

  [117 bytes data]

  [16258 bytes data]

  [126 bytes data]

  [16249 bytes data]

  [135 bytes data]

  [16240 bytes data]

  [144 bytes data]

  [16375 bytes data]

  [9 bytes data]

  [16366 bytes data]

  [18 bytes data]

  [16357 bytes data]

  [27 bytes data]

  [16348 bytes data]

  [36 bytes data]

  [16339 bytes data]

  [45 bytes data]

  [16330 bytes data]

  [54 bytes data]

  [16321 bytes data]

  [63 bytes data]

  [16312 bytes data]

  [72 bytes data]

  [16303 bytes data]

  [81 bytes data]

  [16294 bytes data]

  [90 bytes data]

  [16285 bytes data]

  [99 bytes data]

  [16276 bytes data]

  [108 bytes data]

  [16267 bytes data]

  [117 bytes data]

  [16258 bytes data]

  [126 bytes data]

  [16249 bytes data]

  [135 bytes data]

  [16240 bytes data]

  [144 bytes data]

  [16375 bytes data]

  [9 bytes data]

  [16366 bytes data]

  [18 bytes data]

  [16357 bytes data]

  [27 bytes data]

  [16348 bytes data]

  [36 bytes data]

  [16339 bytes data]

  [45 bytes data]

  [16330 bytes data]

  [54 bytes data]

  [16321 bytes data]

  [63 bytes data]

  [16312 bytes data]

  [72 bytes data]

  [16303 bytes data]

  [81 bytes data]

  [16294 bytes data]

  [90 bytes data]

  [16285 bytes data]

  [99 bytes data]

  [16276 bytes data]

  [108 bytes data]

  [16267 bytes data]

  [117 bytes data]

  [16258 bytes data]

  [126 bytes data]

  [16249 bytes data]

  [135 bytes data]

  [16240 bytes data]

  [144 bytes data]

  [16375 bytes data]

  [9 bytes data]

  [16366 bytes data]

  [18 bytes data]

  [16357 bytes data]

  [27 bytes data]

  [16348 bytes data]

  [36 bytes data]

  [16339 bytes data]

  [45 bytes data]

  [16330 bytes data]

  [54 bytes data]

  [16321 bytes data]

  [63 bytes data]

  [16312 bytes data]

  [72 bytes data]

  [16303 bytes data]

  [81 bytes data]

  [16294 bytes data]

  [90 bytes data]

  [16285 bytes data]

  [99 bytes data]

  [16276 bytes data]

  [108 bytes data]

  [16267 bytes data]

  [117 bytes data]

  [16258 bytes data]

  [126 bytes data]

  [16249 bytes data]

  [135 bytes data]

  [16240 bytes data]

  [144 bytes data]

  [16375 bytes data]

  [9 bytes data]

  [16366 bytes data]

  [18 bytes data]

  [16357 bytes data]

  [27 bytes data]

  [16348 bytes data]

  [36 bytes data]

  [16339 bytes data]

  [45 bytes data]

  [16330 bytes data]

  [54 bytes data]

  [16321 bytes data]

  [63 bytes data]

  [16312 bytes data]

  [72 bytes data]

  [16303 bytes data]

  [81 bytes data]

  [16294 bytes data]

  [90 bytes data]

  [16285 bytes data]

  [99 bytes data]

  [16276 bytes data]

  [108 bytes data]

  [16267 bytes data]

  [117 bytes data]

  [16258 bytes data]

  [126 bytes data]

  [16249 bytes data]

  [135 bytes data]

  [16240 bytes data]

  [144 bytes data]

  [16375 bytes data]

  [9 bytes data]

  [16366 bytes data]

  [18 bytes data]

  [16357 bytes data]

  [27 bytes data]

  [16348 bytes data]

  [36 bytes data]

  [16339 bytes data]

  [45 bytes data]

  [16330 bytes data]

  [54 bytes data]

  [16321 bytes data]

  [63 bytes data]

  [16312 bytes data]

  [72 bytes data]

  [16303 bytes data]

  [81 bytes data]

  [16294 bytes data]

  [90 bytes data]

  [16285 bytes data]

  [99 bytes data]

  [16276 bytes data]

  [108 bytes data]

  [16267 bytes data]

  [117 bytes data]

  [16258 bytes data]

  [126 bytes data]

  [16249 bytes data]

  [135 bytes data]

  [16240 bytes data]

  [144 bytes data]

  [16375 bytes data]

  [9 bytes data]

  [16366 bytes data]

  [18 bytes data]

  [16357 bytes data]

  [27 bytes data]

  [16348 bytes data]

  [36 bytes data]

  [16339 bytes data]

  [45 bytes data]

  [16330 bytes data]

  [54 bytes data]

  [16321 bytes data]

  [63 bytes data]

  [16312 bytes data]

  [72 bytes data]

  [16303 bytes data]

  [81 bytes data]

  [16294 bytes data]

  [90 bytes data]

  [16285 bytes data]

  [99 bytes data]

  [16276 bytes data]

  [108 bytes data]

  [16267 bytes data]

  [117 bytes data]

  [16258 bytes data]

  [126 bytes data]

  [16249 bytes data]

  [135 bytes data]

  [16240 bytes data]

  [128 bytes data]

  [16375 bytes data]

  [9 bytes data]

  [16366 bytes data]

  [18 bytes data]

  [16357 bytes data]

  [27 bytes data]

  [16348 bytes data]

  [36 bytes data]

  [16339 bytes data]

  [45 bytes data]

  [16330 bytes data]

  [54 bytes data]

  [16321 bytes data]

  [63 bytes data]

  [16312 bytes data]

  [72 bytes data]

  [16303 bytes data]

  [81 bytes data]

  [16294 bytes data]

  [90 bytes data]

  [16285 bytes data]

  [99 bytes data]

  [16276 bytes data]

  [108 bytes data]

  [16267 bytes data]

  [117 bytes data]

  [16258 bytes data]

  [126 bytes data]

  [16249 bytes data]

  [135 bytes data]

  [16240 bytes data]

  [144 bytes data]

  [16375 bytes data]

  [9 bytes data]

  [16366 bytes data]

  [18 bytes data]

  [16357 bytes data]

  [27 bytes data]

  [16348 bytes data]

  [36 bytes data]

  [16339 bytes data]

  [45 bytes data]

  [16330 bytes data]

  [54 bytes data]

  [16321 bytes data]

  [63 bytes data]

  [16312 bytes data]

  [72 bytes data]

  [16303 bytes data]

  [81 bytes data]

  [16294 bytes data]

  [90 bytes data]

  [16285 bytes data]

  [99 bytes data]

  [16276 bytes data]

  [108 bytes data]

  [16267 bytes data]

  [117 bytes data]

  [16258 bytes data]

  [126 bytes data]

  [16249 bytes data]

  [135 bytes data]

  [16240 bytes data]

  [144 bytes data]

  [16375 bytes data]

  [9 bytes data]

  [16366 bytes data]

  [18 bytes data]

  [16357 bytes data]

  [27 bytes data]

  [16348 bytes data]

  [36 bytes data]

  [16339 bytes data]

  [45 bytes data]

  [16330 bytes data]

  [54 bytes data]

  [16321 bytes data]

  [63 bytes data]

  [16312 bytes data]

  [72 bytes data]

  [16303 bytes data]

  [81 bytes data]

  [16294 bytes data]

  [90 bytes data]

  [16285 bytes data]

  [99 bytes data]

  [16276 bytes data]

  [108 bytes data]

  [16267 bytes data]

  [117 bytes data]

  [16258 bytes data]

  [126 bytes data]

  [16249 bytes data]

  [135 bytes data]

  [16240 bytes data]

  [144 bytes data]

  [16375 bytes data]

  [9 bytes data]

  [16366 bytes data]

  [18 bytes data]

  [16357 bytes data]

  [27 bytes data]

  [16348 bytes data]

  [36 bytes data]

  [16339 bytes data]

  [45 bytes data]

  [16330 bytes data]

  [54 bytes data]

  [16321 bytes data]

  [63 bytes data]

  [16312 bytes data]

  [72 bytes data]

  [16303 bytes data]

  [81 bytes data]

  [16294 bytes data]

  [90 bytes data]

  [16285 bytes data]

  [99 bytes data]

  [16276 bytes data]

  [108 bytes data]

  [16267 bytes data]

  [117 bytes data]

  [16258 bytes data]

  [126 bytes data]

  [16249 bytes data]

  [135 bytes data]

  [16240 bytes data]

  [144 bytes data]

  [16375 bytes data]

  [9 bytes data]

  [16366 bytes data]

  [18 bytes data]

  [16357 bytes data]

  [27 bytes data]

  [16348 bytes data]

  [36 bytes data]

  [16339 bytes data]

  [45 bytes data]

  [16330 bytes data]

  [54 bytes data]

  [16321 bytes data]

  [63 bytes data]

  [16312 bytes data]

  [72 bytes data]

  [16303 bytes data]

  [81 bytes data]

  [16294 bytes data]

  [90 bytes data]

  [16285 bytes data]

  [99 bytes data]

  [16276 bytes data]

  [108 bytes data]

  [16267 bytes data]

  [117 bytes data]

  [16258 bytes data]

  [126 bytes data]

  [16249 bytes data]

  [135 bytes data]

  [16240 bytes data]

  [144 bytes data]

  [16375 bytes data]

  [9 bytes data]

  [16366 bytes data]

  [18 bytes data]

  [16357 bytes data]

  [27 bytes data]

  [16348 bytes data]

  [36 bytes data]

  [16339 bytes data]

  [45 bytes data]

  [16330 bytes data]

  [54 bytes data]

  [16321 bytes data]

  [63 bytes data]

  [16312 bytes data]

  [72 bytes data]

  [16303 bytes data]

  [81 bytes data]

  [16294 bytes data]

  [90 bytes data]

  [16285 bytes data]

  [99 bytes data]

  [16276 bytes data]

  [108 bytes data]

  [16267 bytes data]

  [117 bytes data]

  [16258 bytes data]

  [126 bytes data]

  [16249 bytes data]

  [135 bytes data]

  [16240 bytes data]

  [144 bytes data]

  [16375 bytes data]

  [9 bytes data]

  [16366 bytes data]

  [18 bytes data]

  [16357 bytes data]

  [27 bytes data]

  [16348 bytes data]

  [36 bytes data]

  [16339 bytes data]

  [45 bytes data]

  [16330 bytes data]

  [54 bytes data]

  [16321 bytes data]

  [63 bytes data]

  [16312 bytes data]

  [72 bytes data]

  [16303 bytes data]

  [81 bytes data]

  [16294 bytes data]

  [90 bytes data]

  [16285 bytes data]

  [99 bytes data]

  [16276 bytes data]

  [108 bytes data]

  [16267 bytes data]

  [117 bytes data]

  [16258 bytes data]

  [126 bytes data]

  [16249 bytes data]

  [135 bytes data]

  [16240 bytes data]

  [144 bytes data]

  [16375 bytes data]

  [9 bytes data]

  [16366 bytes data]

  [18 bytes data]

  [16357 bytes data]

  [27 bytes data]

  [16348 bytes data]

  [36 bytes data]

  [16339 bytes data]

  [45 bytes data]

  [16330 bytes data]

  [54 bytes data]

  [16321 bytes data]

  [63 bytes data]

  [16312 bytes data]

  [72 bytes data]

  [16303 bytes data]

  [81 bytes data]

  [16294 bytes data]

  [90 bytes data]

  [16285 bytes data]

  [99 bytes data]

  [16276 bytes data]

  [108 bytes data]

  [16267 bytes data]

  [117 bytes data]

  [16258 bytes data]

  [126 bytes data]

  [16249 bytes data]

  [135 bytes data]

  [16240 bytes data]

  [128 bytes data]

  [16375 bytes data]

  [9 bytes data]

  [16366 bytes data]

  [18 bytes data]

  [16357 bytes data]

  [27 bytes data]

  [16348 bytes data]

  [36 bytes data]

  [16339 bytes data]

  [45 bytes data]

  [16330 bytes data]

  [54 bytes data]

  [16321 bytes data]

  [63 bytes data]

  [16312 bytes data]

  [72 bytes data]

  [16303 bytes data]

  [81 bytes data]

  [16294 bytes data]

  [90 bytes data]

  [16285 bytes data]

  [99 bytes data]

  [16276 bytes data]

  [108 bytes data]

  [16267 bytes data]

  [117 bytes data]

  [16258 bytes data]

  [126 bytes data]

  [16249 bytes data]

  [135 bytes data]

  [16240 bytes data]

  [144 bytes data]

  [16231 bytes data]

  [153 bytes data]

  [16222 bytes data]

  [162 bytes data]

  [16213 bytes data]

  [171 bytes data]

  [16204 bytes data]

  [180 bytes data]

  [16195 bytes data]

  [189 bytes data]

  [16186 bytes data]

  [198 bytes data]

  [16177 bytes data]

  [207 bytes data]

  [16168 bytes data]

  [216 bytes data]

  [16159 bytes data]

  [225 bytes data]

  [16150 bytes data]

  [234 bytes data]

  [16141 bytes data]

  [243 bytes data]

  [16132 bytes data]

  [252 bytes data]

  [16123 bytes data]

  [261 bytes data]

  [16114 bytes data]

  [270 bytes data]

  [16105 bytes data]

  [279 bytes data]

  [16096 bytes data]

  [288 bytes data]

  [16087 bytes data]

  [297 bytes data]

  [16078 bytes data]

  [306 bytes data]

  [16069 bytes data]

  [315 bytes data]

  [16060 bytes data]

  [324 bytes data]

  [16051 bytes data]

  [333 bytes data]

  [16042 bytes data]

  [342 bytes data]

  [16033 bytes data]

  [351 bytes data]

  [16024 bytes data]

  [360 bytes data]

  [16015 bytes data]

  [369 bytes data]

  [16006 bytes data]

  [378 bytes data]

  [15997 bytes data]

  [387 bytes data]

  [15988 bytes data]

  [396 bytes data]

  [15979 bytes data]

  [405 bytes data]

  [15970 bytes data]

  [414 bytes data]

  [15961 bytes data]

  [423 bytes data]

  [15952 bytes data]

  [432 bytes data]

  [15943 bytes data]

  [441 bytes data]

  [15934 bytes data]

  [450 bytes data]

  [15925 bytes data]

  [459 bytes data]

  [15916 bytes data]

  [468 bytes data]

  [15907 bytes data]

  [477 bytes data]

  [15898 bytes data]

  [486 bytes data]

  [15889 bytes data]

  [495 bytes data]

  [15880 bytes data]

  [504 bytes data]

  [15871 bytes data]

  [513 bytes data]

  [15862 bytes data]

  [522 bytes data]

  [15853 bytes data]

  [531 bytes data]

  [15844 bytes data]

  [540 bytes data]

  [15835 bytes data]

  [549 bytes data]

  [15826 bytes data]

  [558 bytes data]

  [15817 bytes data]

  [567 bytes data]

  [15808 bytes data]

  [1369 bytes data]

  [1378 bytes data]

  [1378 bytes data]

  [1378 bytes data]

  [1378 bytes data]

  [1378 bytes data]

  [1378 bytes data]

  [1378 bytes data]

  [1378 bytes data]

  [1378 bytes data]

  [1378 bytes data]

  [1235 bytes data]

  [9780 bytes data]

  [5512 bytes data]

  [1092 bytes data]

  [8545 bytes data]

  [1378 bytes data]

  [1378 bytes data]

  [1378 bytes data]

  [3705 bytes data]

  [8688 bytes data]

  [1378 bytes data]

  [1378 bytes data]

  [4134 bytes data]

  [806 bytes data]

  [563 bytes data]

  [1378 bytes data]

  [1378 bytes data]

  [1378 bytes data]

  [4134 bytes data]

  [1378 bytes data]

  [6175 bytes data]

  [10200 bytes data]

  [2908 bytes data]

  [3276 bytes data]

  [13099 bytes data]

  [152 bytes data]

  [3133 bytes data]

  [2370 bytes data]

  [6890 bytes data]

  [1378 bytes data]

  [1378 bytes data]

  [1378 bytes data]

  [2990 bytes data]

  [1135 bytes data]

  [1378 bytes data]

  [1378 bytes data]

  [2756 bytes data]

  [2756 bytes data]

  [4134 bytes data]

  [2847 bytes data]

  [2656 bytes data]

  [1378 bytes data]

  [12350 bytes data]

  [4025 bytes data]

  [1530 bytes data]

  [1378 bytes data]

  [1378 bytes data]

  [1378 bytes data]

  [1378 bytes data]

  [1378 bytes data]

  [1378 bytes data]

  [1378 bytes data]

  [1183 bytes data]

  [186 bytes data]

  [1378 bytes data]

  [1378 bytes data]

  [2756 bytes data]

  [1378 bytes data]

  [1378 bytes data]

  [1378 bytes data]

  [1378 bytes data]

  [1378 bytes data]

  [1378 bytes data]

  [1378 bytes data]

  [1040 bytes data]

  [329 bytes data]

  [6890 bytes data]

  [9165 bytes data]

  [472 bytes data]

  [1378 bytes data]

  [1378 bytes data]

  [1378 bytes data]

  [1378 bytes data]

  [1378 bytes data]

  [1378 bytes data]

  [1378 bytes data]

  [1378 bytes data]

  [4134 bytes data]

  [754 bytes data]

  [13017 bytes data]

  [1378 bytes data]

  [1378 bytes data]

  [611 bytes data]

  [758 bytes data]

  [1378 bytes data]

  [1378 bytes data]

  [1378 bytes data]

  [1378 bytes data]

  [1378 bytes data]

  [1378 bytes data]

  [1378 bytes data]

  [2756 bytes data]

  [2756 bytes data]

  [468 bytes data]

  [901 bytes data]

  [5512 bytes data]

  [9971 bytes data]

  [6404 bytes data]

  [8420 bytes data]

  [1560 bytes data]

  [8077 bytes data]

  [5512 bytes data]

  [1378 bytes data]

  [1378 bytes data]

  [39 bytes data]

  [1330 bytes data]

  [1378 bytes data]

  [5512 bytes data]

  [8164 bytes data]

  [2851 bytes data]

  [1378 bytes data]

  [1378 bytes data]

  [9646 bytes data]

  [1131 bytes data]

  [2994 bytes data]

  [5512 bytes data]

  [1378 bytes data]

  [1378 bytes data]

  [5122 bytes data]

  [1759 bytes data]

  [1378 bytes data]

  [1378 bytes data]

  [1378 bytes data]

  [1378 bytes data]

  [4134 bytes data]

  [1378 bytes data]

  [1378 bytes data]

  [2223 bytes data]

  [12926 bytes data]

  [1378 bytes data]

  [1378 bytes data]

  [702 bytes data]

  [667 bytes data]

  [1378 bytes data]

  [1378 bytes data]

  [1378 bytes data]

  [1378 bytes data]

  [1378 bytes data]

  [1378 bytes data]

  [1378 bytes data]

  [1378 bytes data]

  [1378 bytes data]

  [1378 bytes data]

  [1378 bytes data]

  [559 bytes data]

  [3566 bytes data]

  [1378 bytes data]

  [11440 bytes data]

  [4935 bytes data]

  [2908 bytes data]

  [8541 bytes data]

  [1096 bytes data]

  [1378 bytes data]

  [1378 bytes data]

  [11024 bytes data]

  [1378 bytes data]

  [130 bytes data]

  [9507 bytes data]

  [6877 bytes data]

  [4138 bytes data]

  [1378 bytes data]

  [1378 bytes data]

  [1378 bytes data]

  [4134 bytes data]

  [1378 bytes data]

  [2600 bytes data]

  [147 bytes data]

  [1378 bytes data]

  [1378 bytes data]

  [1378 bytes data]

  [1378 bytes data]

  [1378 bytes data]

  [1378 bytes data]

  [1378 bytes data]

  [1378 bytes data]

  [1378 bytes data]

  [3835 bytes data]

  [5802 bytes data]

  [1378 bytes data]

  [1378 bytes data]

  [7826 bytes data]

  [1811 bytes data]

  [1378 bytes data]

  [8268 bytes data]

  [1378 bytes data]

  [1378 bytes data]

  [1378 bytes data]

  [793 bytes data]

  [576 bytes data]

  [1378 bytes data]

  [1378 bytes data]

  [1378 bytes data]

  [1378 bytes data]

  [1378 bytes data]

  [1378 bytes data]

  [1378 bytes data]

  [1378 bytes data]

  [1378 bytes data]

  [1378 bytes data]

  [1378 bytes data]

  [650 bytes data]

  [719 bytes data]

  [1378 bytes data]

  [1378 bytes data]

  [1378 bytes data]

  [1378 bytes data]

  [1378 bytes data]

  [1378 bytes data]

  [1378 bytes data]

  [1378 bytes data]

  [1378 bytes data]

  [1378 bytes data]

  [1378 bytes data]

  [507 bytes data]

  [3618 bytes data]

  [1378 bytes data]

  [1378 bytes data]

  [1378 bytes data]

  [8632 bytes data]

  [2383 bytes data]

  [1378 bytes data]

  [1378 bytes data]

  [1378 bytes data]

  [1378 bytes data]

  [1378 bytes data]

  [1378 bytes data]

  [1378 bytes data]

  [1378 bytes data]

  [1378 bytes data]

  [1378 bytes data]

  [221 bytes data]

  [1148 bytes data]

  [1378 bytes data]

  [4134 bytes data]

  [2756 bytes data]

  [2756 bytes data]

  [1378 bytes data]

  [1378 bytes data]

  [1456 bytes data]

  [2669 bytes data]

  [1378 bytes data]

  [1378 bytes data]

  [4134 bytes data]

  [1378 bytes data]

  [5447 bytes data]

  [10928 bytes data]

  [152 bytes data]

  [5304 bytes data]

  [1577 bytes data]

  [1378 bytes data]

  [11024 bytes data]

  [2405 bytes data]

  [13970 bytes data]

  [2414 bytes data]

  [7375 bytes data]

  [6890 bytes data]

  [1378 bytes data]

  [741 bytes data]

  [628 bytes data]

  [1378 bytes data]

  [2756 bytes data]

  [1378 bytes data]

  [1378 bytes data]

  [1378 bytes data]

  [1378 bytes data]

  [6110 bytes data]

  [771 bytes data]

  [1378 bytes data]

  [5512 bytes data]

  [1378 bytes data]

  [1378 bytes data]

  [1378 bytes data]

  [1378 bytes data]

  [3211 bytes data]

  [2292 bytes data]

  [2756 bytes data]

  [11336 bytes data]

  [1057 bytes data]

  [1378 bytes data]

  [1378 bytes data]

  [1378 bytes data]

  [1378 bytes data]

  [1378 bytes data]

  [1378 bytes data]

  [7059 bytes data]

  [2578 bytes data]

  [1378 bytes data]

  [1378 bytes data]

  [1378 bytes data]

  [1378 bytes data]

  [1378 bytes data]

  [1378 bytes data]

  [5538 bytes data]

  [1343 bytes data]

  [1378 bytes data]

  [13663 bytes data]

  [2712 bytes data]

  [1530 bytes data]

  [11024 bytes data]

  [1118 bytes data]

  [251 bytes data]

  [1378 bytes data]

  [1378 bytes data]

  [1378 bytes data]

  [1378 bytes data]

  [1378 bytes data]

  [9243 bytes data]

  [394 bytes data]

  [1378 bytes data]

  [2756 bytes data]

  [11856 bytes data]

  [537 bytes data]

  [1378 bytes data]

  [1378 bytes data]

  [1378 bytes data]

  [11024 bytes data]

  [689 bytes data]

  [680 bytes data]

  [1378 bytes data]

  [1378 bytes data]

  [2756 bytes data]

  [1378 bytes data]

  [1378 bytes data]

  [4134 bytes data]

  [3302 bytes data]

  [13073 bytes data]

  [152 bytes data]

  [3159 bytes data]

  [966 bytes data]

  [8268 bytes data]

  [1378 bytes data]

  [1378 bytes data]

  [1378 bytes data]

  [1378 bytes data]

  [1378 bytes data]

  [260 bytes data]

  [6621 bytes data]

  [1378 bytes data]

  [1378 bytes data]

  [1378 bytes data]

  [1378 bytes data]

  [1378 bytes data]

  [1378 bytes data]

  [1378 bytes data]

  [117 bytes data]

  [1252 bytes data]

  [1378 bytes data]

  [1378 bytes data]

  [1378 bytes data]

  [1378 bytes data]

  [2756 bytes data]

  [1378 bytes data]

  [1378 bytes data]

  [1378 bytes data]

  [1378 bytes data]

  [1352 bytes data]

  [17 bytes data]

  [1378 bytes data]

  [1378 bytes data]

  [1378 bytes data]

  [1378 bytes data]

  [1378 bytes data]

  [1378 bytes data]

  [1378 bytes data]

  [1378 bytes data]

  [1378 bytes data]

  [1378 bytes data]

  [1378 bytes data]

  [1209 bytes data]

  [160 bytes data]

  [1378 bytes data]

  [1378 bytes data]

  [1378 bytes data]

  [1378 bytes data]

  [2756 bytes data]

  [2756 bytes data]

  [1378 bytes data]

  [1378 bytes data]

  [1378 bytes data]

  [1066 bytes data]

  [303 bytes data]

  [1378 bytes data]

  [1378 bytes data]

  [1378 bytes data]

  [1378 bytes data]

  [1378 bytes data]

  [1378 bytes data]

  [1378 bytes data]

  [1378 bytes data]

  [1378 bytes data]

  [1378 bytes data]

  [1378 bytes data]

  [923 bytes data]

  [446 bytes data]

  [1378 bytes data]

  [1378 bytes data]

  [1378 bytes data]

  [1378 bytes data]

  [1378 bytes data]

  [2756 bytes data]

  [1378 bytes data]

  [1378 bytes data]

  [1378 bytes data]

  [1378 bytes data]

  [780 bytes data]

  [589 bytes data]

  [2756 bytes data]

  [1378 bytes data]

  [1378 bytes data]

  [1378 bytes data]

  [1378 bytes data]

  [1378 bytes data]

  [1378 bytes data]

  [1378 bytes data]

  [3393 bytes data]

  [732 bytes data]

  [1378 bytes data]

  [1378 bytes data]

  [1378 bytes data]

  [1378 bytes data]

  [1378 bytes data]

  [1378 bytes data]

  [6808 bytes data]

  [1136 bytes data]

  [16375 bytes data]

  [9 bytes data]

  [16366 bytes data]

  [18 bytes data]

  [16357 bytes data]

  [27 bytes data]

  [16348 bytes data]

  [36 bytes data]

  [16339 bytes data]

  [45 bytes data]

  [16330 bytes data]

  [54 bytes data]

  [16321 bytes data]

  [63 bytes data]

  [16312 bytes data]

  [72 bytes data]

  [16303 bytes data]

  [81 bytes data]

  [16294 bytes data]

  [90 bytes data]

  [16285 bytes data]

  [99 bytes data]

  [16276 bytes data]

  [108 bytes data]

  [16267 bytes data]

  [117 bytes data]

  [16258 bytes data]

  [126 bytes data]

  [16249 bytes data]

  [135 bytes data]

  [16240 bytes data]

  [144 bytes data]

  [16375 bytes data]

  [9 bytes data]

  [16366 bytes data]

  [18 bytes data]

  [16357 bytes data]

  [27 bytes data]

  [16348 bytes data]

  [36 bytes data]

  [16339 bytes data]

  [45 bytes data]

  [16330 bytes data]

  [54 bytes data]

  [16321 bytes data]

  [63 bytes data]

  [16312 bytes data]

  [72 bytes data]

  [16303 bytes data]

  [81 bytes data]

  [16294 bytes data]

  [90 bytes data]

  [16285 bytes data]

  [99 bytes data]

  [16276 bytes data]

  [108 bytes data]

  [16267 bytes data]

  [117 bytes data]

  [16258 bytes data]

  [126 bytes data]

  [16249 bytes data]

  [135 bytes data]

  [16240 bytes data]

  [144 bytes data]

  [16375 bytes data]

  [9 bytes data]

  [16366 bytes data]

  [18 bytes data]

  [16357 bytes data]

  [27 bytes data]

  [16348 bytes data]

  [36 bytes data]

  [16339 bytes data]

  [45 bytes data]

  [16330 bytes data]

  [54 bytes data]

  [16321 bytes data]

  [63 bytes data]

  [16312 bytes data]

  [72 bytes data]

  [16303 bytes data]

  [81 bytes data]

  [16294 bytes data]

  [90 bytes data]

  [16285 bytes data]

  [99 bytes data]

  [16276 bytes data]

  [108 bytes data]

  [16267 bytes data]

  [117 bytes data]

  [16258 bytes data]

  [126 bytes data]

  [16249 bytes data]

  [135 bytes data]

  [16240 bytes data]

  [144 bytes data]

  [16375 bytes data]

  [9 bytes data]

  [16366 bytes data]

  [18 bytes data]

  [16357 bytes data]

  [27 bytes data]

  [16348 bytes data]

  [36 bytes data]

  [16339 bytes data]

  [45 bytes data]

  [16330 bytes data]

  [54 bytes data]

  [16321 bytes data]

  [63 bytes data]

  [16312 bytes data]

  [72 bytes data]

  [16303 bytes data]

  [81 bytes data]

  [16294 bytes data]

  [90 bytes data]

  [16285 bytes data]

  [99 bytes data]

  [16276 bytes data]

  [108 bytes data]

  [16267 bytes data]

  [117 bytes data]

  [16258 bytes data]

  [126 bytes data]

  [16249 bytes data]

  [135 bytes data]

  [16240 bytes data]

  [144 bytes data]

  [16375 bytes data]

  [9 bytes data]

  [16366 bytes data]

  [18 bytes data]

  [16357 bytes data]

  [27 bytes data]

  [16348 bytes data]

  [36 bytes data]

  [16339 bytes data]

  [45 bytes data]

  [16330 bytes data]

  [54 bytes data]

  [16321 bytes data]

  [63 bytes data]

  [16312 bytes data]

  [72 bytes data]

  [16303 bytes data]

  [81 bytes data]

  [16294 bytes data]

  [90 bytes data]

  [16285 bytes data]

  [99 bytes data]

  [16276 bytes data]

  [108 bytes data]

  [16267 bytes data]

  [117 bytes data]

  [16258 bytes data]

  [126 bytes data]

  [16249 bytes data]

  [135 bytes data]

  [16240 bytes data]

  [144 bytes data]

  [16375 bytes data]

  [9 bytes data]

  [16366 bytes data]

  [18 bytes data]

  [16357 bytes data]

  [27 bytes data]

  [16348 bytes data]

  [36 bytes data]

  [16339 bytes data]

  [45 bytes data]

  [16330 bytes data]

  [54 bytes data]

  [16321 bytes data]

  [63 bytes data]

  [16312 bytes data]

  [72 bytes data]

  [16303 bytes data]

  [81 bytes data]

  [16294 bytes data]

  [90 bytes data]

  [16285 bytes data]

  [99 bytes data]

  [16276 bytes data]

  [108 bytes data]

  [16267 bytes data]

  [117 bytes data]

  [16258 bytes data]

  [126 bytes data]

  [16249 bytes data]

  [135 bytes data]

  [16240 bytes data]

  [144 bytes data]

  [16375 bytes data]

  [9 bytes data]

  [16366 bytes data]

  [18 bytes data]

  [16357 bytes data]

  [27 bytes data]

  [16348 bytes data]

  [36 bytes data]

  [16339 bytes data]

  [45 bytes data]

  [16330 bytes data]

  [54 bytes data]

  [16321 bytes data]

  [63 bytes data]

  [16312 bytes data]

  [72 bytes data]

  [16303 bytes data]

  [81 bytes data]

  [16294 bytes data]

  [90 bytes data]

  [16285 bytes data]

  [99 bytes data]

  [16276 bytes data]

  [108 bytes data]

  [16267 bytes data]

  [117 bytes data]

  [16258 bytes data]

  [126 bytes data]

  [16249 bytes data]

  [135 bytes data]

  [16240 bytes data]

  [144 bytes data]

  [16375 bytes data]

  [9 bytes data]

  [16366 bytes data]

  [18 bytes data]

  [16357 bytes data]

  [27 bytes data]

  [16348 bytes data]

  [36 bytes data]

  [16339 bytes data]

  [45 bytes data]

  [16330 bytes data]

  [54 bytes data]

  [16321 bytes data]

  [63 bytes data]

  [16312 bytes data]

  [72 bytes data]

  [16303 bytes data]

  [81 bytes data]

  [16294 bytes data]

  [90 bytes data]

  [16285 bytes data]

  [99 bytes data]

  [16276 bytes data]

  [108 bytes data]

  [16267 bytes data]

  [117 bytes data]

  [16258 bytes data]

  [126 bytes data]

  [16249 bytes data]

  [135 bytes data]

  [16240 bytes data]

  [128 bytes data]

  [2747 bytes data]

  [1378 bytes data]

  [1378 bytes data]

  [1378 bytes data]

  [9503 bytes data]

  [134 bytes data]

  [1378 bytes data]

  [1378 bytes data]

  [1378 bytes data]

  [1378 bytes data]

  [1378 bytes data]

  [1378 bytes data]

  [1378 bytes data]

  [6604 bytes data]

  [3033 bytes data]

  [5512 bytes data]

  [4134 bytes data]

  [3705 bytes data]

  [12670 bytes data]

  [152 bytes data]

  [3562 bytes data]

  [1941 bytes data]

  [1378 bytes data]

  [1378 bytes data]

  [4134 bytes data]

  [1378 bytes data]

  [4134 bytes data]

  [2041 bytes data]

  [3462 bytes data]

  [1378 bytes data]

  [1378 bytes data]

  [6890 bytes data]

  [2756 bytes data]

  [520 bytes data]

  [849 bytes data]

  [15158 bytes data]

  [377 bytes data]

  [6504 bytes data]

  [1378 bytes data]

  [8502 bytes data]

  [2513 bytes data]

  [1378 bytes data]

  [9646 bytes data]

  [1378 bytes data]

  [1469 bytes data]

  [1278 bytes data]

  [1378 bytes data]

  [1378 bytes data]

  [1378 bytes data]

  [1378 bytes data]

  [1378 bytes data]

  [1378 bytes data]

  [6838 bytes data]

  [43 bytes data]

  [4134 bytes data]

  [1378 bytes data]

  [10829 bytes data]

  [1564 bytes data]

  [1378 bytes data]

  [1378 bytes data]

  [1378 bytes data]

  [1378 bytes data]

  [4134 bytes data]

  [2756 bytes data]

  [2418 bytes data]

  [1707 bytes data]

  [2756 bytes data]

  [6890 bytes data]

  [1378 bytes data]

  [1378 bytes data]

  [1378 bytes data]

  [897 bytes data]

  [472 bytes data]

  [15912 bytes data]

  [463 bytes data]

  [2908 bytes data]

  [4134 bytes data]

  [1378 bytes data]

  [7501 bytes data]

  [3514 bytes data]

  [1378 bytes data]

  [4134 bytes data]

  [4134 bytes data]

  [2756 bytes data]

  [468 bytes data]

  [1369 bytes data]

  [1378 bytes data]

  [2756 bytes data]

  [4134 bytes data]

  [1378 bytes data]

  [1378 bytes data]

  [1378 bytes data]

  [2613 bytes data]

  [1512 bytes data]

  [1378 bytes data]

  [1378 bytes data]

  [11024 bytes data]

  [1092 bytes data]

  [8545 bytes data]

  [1378 bytes data]

  [5512 bytes data]

  [949 bytes data]

  [1798 bytes data]

  [1378 bytes data]

  [4134 bytes data]

  [2756 bytes data]

  [2756 bytes data]

  [1378 bytes data]

  [1378 bytes data]

  [806 bytes data]

  [563 bytes data]

  [4134 bytes data]

  [6890 bytes data]

  [1378 bytes data]

  [1378 bytes data]

  [1378 bytes data]

  [663 bytes data]

  [706 bytes data]

  [1378 bytes data]

  [1378 bytes data]

  [1378 bytes data]

  [1378 bytes data]

  [4134 bytes data]

  [2756 bytes data]

  [1378 bytes data]

  [1378 bytes data]

  [520 bytes data]

  [849 bytes data]

  [1378 bytes data]

  [11024 bytes data]

  [1378 bytes data]

  [1755 bytes data]

  [5126 bytes data]

  [1378 bytes data]

  [1378 bytes data]

  [1378 bytes data]

  [1378 bytes data]

  [1378 bytes data]

  [1378 bytes data]

  [1378 bytes data]

  [1612 bytes data]

  [3891 bytes data]

  [8268 bytes data]

  [1378 bytes data]

  [1378 bytes data]

  [1469 bytes data]

  [2656 bytes data]

  [1378 bytes data]

  [1378 bytes data]

  [1378 bytes data]

  [1378 bytes data]

  [1378 bytes data]

  [1378 bytes data]

  [1378 bytes data]

  [1378 bytes data]

  [1378 bytes data]

  [1326 bytes data]

  [43 bytes data]

  [1378 bytes data]

  [1378 bytes data]

  [1378 bytes data]

  [1378 bytes data]

  [4134 bytes data]

  [1378 bytes data]

  [1378 bytes data]

  [3939 bytes data]

  [1564 bytes data]

  [1378 bytes data]

  [1378 bytes data]

  [1378 bytes data]

  [1378 bytes data]

  [1378 bytes data]

  [1378 bytes data]

  [1378 bytes data]

  [1378 bytes data]

  [1378 bytes data]

  [1378 bytes data]

  [1040 bytes data]

  [329 bytes data]

  [1378 bytes data]

  [1378 bytes data]

  [1378 bytes data]

  [1378 bytes data]

  [1378 bytes data]

  [1378 bytes data]

  [4134 bytes data]

  [1378 bytes data]

  [1378 bytes data]

  [897 bytes data]

  [472 bytes data]

  [1378 bytes data]

  [1378 bytes data]

  [1378 bytes data]

  [1378 bytes data]

  [1378 bytes data]

  [1378 bytes data]

  [1378 bytes data]

  [1378 bytes data]

  [1378 bytes data]

  [1378 bytes data]

  [1378 bytes data]

  [754 bytes data]

  [615 bytes data]

  [1378 bytes data]

  [1378 bytes data]

  [1378 bytes data]

  [1378 bytes data]

  [5512 bytes data]

  [4745 bytes data]

  [6270 bytes data]

  [5512 bytes data]

  [1378 bytes data]

  [1378 bytes data]

  [1846 bytes data]

  [5503 bytes data]

  [10881 bytes data]

  [1512 bytes data]

  [1378 bytes data]

  [1378 bytes data]

  [11024 bytes data]

  [1092 bytes data]

  [277 bytes data]

  [1378 bytes data]

  [1378 bytes data]

  [13351 bytes data]

  [3024 bytes data]

  [152 bytes data]

  [1378 bytes data]

  [1378 bytes data]

  [1378 bytes data]

  [1378 bytes data]

  [1378 bytes data]

  [1378 bytes data]

  [1378 bytes data]

  [1378 bytes data]

  [1378 bytes data]

  [806 bytes data]

  [563 bytes data]

  [1378 bytes data]

  [5512 bytes data]

  [1378 bytes data]

  [1378 bytes data]

  [1378 bytes data]

  [4797 bytes data]

  [2084 bytes data]

  [8268 bytes data]

  [6032 bytes data]

  [10343 bytes data]

  [1530 bytes data]

  [1378 bytes data]

  [1378 bytes data]

  [1378 bytes data]

  [377 bytes data]

  [992 bytes data]

  [1378 bytes data]

  [1378 bytes data]

  [1378 bytes data]

  [1378 bytes data]

  [1378 bytes data]

  [2756 bytes data]

  [1378 bytes data]

  [1378 bytes data]

  [1378 bytes data]

  [1378 bytes data]

  [234 bytes data]

  [1135 bytes data]

  [1378 bytes data]

  [1378 bytes data]

  [1378 bytes data]

  [1378 bytes data]

  [1378 bytes data]

  [1378 bytes data]

  [1378 bytes data]

  [1378 bytes data]

  [1378 bytes data]

  [1378 bytes data]

  [1378 bytes data]

  [91 bytes data]

  [1278 bytes data]

  [1378 bytes data]

  [1378 bytes data]

  [1378 bytes data]

  [1378 bytes data]

  [1378 bytes data]

  [1378 bytes data]

  [1378 bytes data]

  [1378 bytes data]

  [1378 bytes data]

  [1378 bytes data]

  [1326 bytes data]

  [43 bytes data]

  [1378 bytes data]

  [1378 bytes data]

  [1378 bytes data]

  [12207 bytes data]

  [4168 bytes data]

  [7042 bytes data]

  [1378 bytes data]

  [1378 bytes data]

  [1378 bytes data]

  [1040 bytes data]

  [3085 bytes data]

  [1378 bytes data]

  [1378 bytes data]

  [1378 bytes data]

  [1378 bytes data]

  [1378 bytes data]

  [1378 bytes data]

  [1378 bytes data]

  [1378 bytes data]

  [1378 bytes data]

  [897 bytes data]

  [3228 bytes data]

  [1378 bytes data]

  [1378 bytes data]

  [1378 bytes data]

  [1378 bytes data]

  [2756 bytes data]

  [1378 bytes data]

  [1378 bytes data]

  [1378 bytes data]

  [754 bytes data]

  [615 bytes data]

  [5512 bytes data]

  [1378 bytes data]

  [1378 bytes data]

  [1378 bytes data]

  [1378 bytes data]

  [1378 bytes data]

  [1378 bytes data]

  [1378 bytes data]

  [611 bytes data]

  [758 bytes data]

  [1378 bytes data]

  [9646 bytes data]

  [4134 bytes data]

  [468 bytes data]

  [1369 bytes data]

  [1378 bytes data]

  [1378 bytes data]

  [1378 bytes data]

  [1378 bytes data]

  [1378 bytes data]

  [1378 bytes data]

  [5512 bytes data]

  [1235 bytes data]

  [134 bytes data]

  [1378 bytes data]

  [1378 bytes data]

  [1378 bytes data]

  [1378 bytes data]

  [1378 bytes data]

  [1378 bytes data]

  [1378 bytes data]

  [1378 bytes data]

  [1378 bytes data]

  [1378 bytes data]

  [1378 bytes data]

  [1092 bytes data]

  [4411 bytes data]

  [11973 bytes data]

  [420 bytes data]

  [1378 bytes data]

  [1378 bytes data]

  [1378 bytes data]

  [1378 bytes data]

  [1378 bytes data]

  [1378 bytes data]

  [1378 bytes data]

  [1378 bytes data]

  [1378 bytes data]

  [1378 bytes data]

  [1378 bytes data]

  [806 bytes data]

  [563 bytes data]

  [1378 bytes data]

  [1378 bytes data]

  [1378 bytes data]

  [1378 bytes data]

  [1378 bytes data]

  [1378 bytes data]

  [1378 bytes data]

  [1378 bytes data]

  [1378 bytes data]

  [1378 bytes data]

  [1378 bytes data]

  [663 bytes data]

  [706 bytes data]

  [1378 bytes data]

  [1378 bytes data]

  [1378 bytes data]

  [1378 bytes data]

  [1378 bytes data]

  [1378 bytes data]

  [1378 bytes data]

  [1378 bytes data]

  [1378 bytes data]

  [1378 bytes data]

  [1378 bytes data]

  [520 bytes data]

  [2227 bytes data]

  [1378 bytes data]

  [4134 bytes data]

  [1378 bytes data]

  [1378 bytes data]

  [5889 bytes data]

  [2370 bytes data]

  [1378 bytes data]

  [1378 bytes data]

  [1378 bytes data]

  [1378 bytes data]

  [1378 bytes data]

  [1378 bytes data]

  [1378 bytes data]

  [1378 bytes data]

  [1378 bytes data]

  [1378 bytes data]

  [234 bytes data]

  [1135 bytes data]

  [1378 bytes data]

  [1378 bytes data]

  [1378 bytes data]

  [1378 bytes data]

  [1378 bytes data]

  [1378 bytes data]

  [1378 bytes data]

  [1378 bytes data]

  [1378 bytes data]

  [1378 bytes data]

  [1378 bytes data]

  [91 bytes data]

  [5412 bytes data]

  [1378 bytes data]

  [1378 bytes data]

  [1378 bytes data]

  [1378 bytes data]

  [1378 bytes data]

  [4082 bytes data]

  [5555 bytes data]

  [1378 bytes data]

  [1378 bytes data]

  [1378 bytes data]

  [1378 bytes data]

  [1378 bytes data]

  [1378 bytes data]

  [1378 bytes data]

  [1183 bytes data]

  [186 bytes data]

  [1378 bytes data]

  [1378 bytes data]

  [5512 bytes data]

  [1378 bytes data]

  [1378 bytes data]

  [1378 bytes data]

  [3796 bytes data]

  [5841 bytes data]

  [6890 bytes data]

  [1378 bytes data]

  [2275 bytes data]

  [472 bytes data]

  [1378 bytes data]

  [1378 bytes data]

  [1378 bytes data]

  [1378 bytes data]

  [1378 bytes data]

  [1378 bytes data]

  [1378 bytes data]

  [1378 bytes data]

  [1378 bytes data]

  [1378 bytes data]

  [1378 bytes data]

  [754 bytes data]

  [615 bytes data]

  [1378 bytes data]

  [1378 bytes data]

  [6890 bytes data]

  [5512 bytes data]

  [611 bytes data]

  [758 bytes data]

  [1378 bytes data]

  [1378 bytes data]

  [1378 bytes data]

  [1378 bytes data]

  [1378 bytes data]

  [1378 bytes data]

  [1378 bytes data]

  [1378 bytes data]

  [1378 bytes data]

  [3224 bytes data]

  [1369 bytes data]

  [1378 bytes data]

  [1378 bytes data]

  [4134 bytes data]

  [1378 bytes data]

  [1378 bytes data]

  [1378 bytes data]

  [3991 bytes data]

  [2890 bytes data]

  [1378 bytes data]

  [1378 bytes data]

  [1378 bytes data]

  [1378 bytes data]

  [5512 bytes data]

  [2470 bytes data]

  [277 bytes data]

  [1378 bytes data]

  [1378 bytes data]

  [1378 bytes data]

  [2756 bytes data]

  [1378 bytes data]

  [1378 bytes data]

  [1378 bytes data]

  [1378 bytes data]

  [1378 bytes data]

  [2327 bytes data]

  [420 bytes data]

  [1378 bytes data]

  [1378 bytes data]

  [1378 bytes data]

  [4134 bytes data]

  [1378 bytes data]

  [1378 bytes data]

  [1378 bytes data]

  [1378 bytes data]

  [1378 bytes data]

  [806 bytes data]

  [563 bytes data]

  [1378 bytes data]

  [1378 bytes data]

  [1378 bytes data]

  [1378 bytes data]

  [1378 bytes data]

  [1378 bytes data]

  [1378 bytes data]

  [1378 bytes data]

  [1378 bytes data]

  [1378 bytes data]

  [1378 bytes data]

  [663 bytes data]

  [706 bytes data]

  [1378 bytes data]

  [1378 bytes data]

  [1378 bytes data]

  [1378 bytes data]

  [10166 bytes data]

  [6209 bytes data]

  [7042 bytes data]

  [1378 bytes data]

  [1378 bytes data]

  [377 bytes data]

  [12016 bytes data]

  [1378 bytes data]

  [1378 bytes data]

  [1378 bytes data]

  [234 bytes data]

  [2513 bytes data]

  [1378 bytes data]

  [12493 bytes data]

  [3882 bytes data]

  [1530 bytes data]

  [5512 bytes data]

  [1378 bytes data]

  [4082 bytes data]

  [4177 bytes data]

  [1378 bytes data]

  [4134 bytes data]

  [5512 bytes data]

  [1183 bytes data]

  [8454 bytes data]

  [4134 bytes data]

  [1378 bytes data]

  [1378 bytes data]

  [1040 bytes data]

  [5841 bytes data]

  [1378 bytes data]

  [9165 bytes data]

  [7210 bytes data]

  [152 bytes data]

  [1378 bytes data]

  [1378 bytes data]

  [1378 bytes data]

  [1378 bytes data]

  [1378 bytes data]

  [1378 bytes data]

  [754 bytes data]

  [615 bytes data]

  [1378 bytes data]

  [1378 bytes data]

  [1378 bytes data]

  [1378 bytes data]

  [1378 bytes data]

  [1378 bytes data]

  [1378 bytes data]

  [1378 bytes data]

  [1378 bytes data]

  [1378 bytes data]

  [1989 bytes data]

  [6270 bytes data]

  [1378 bytes data]

  [1378 bytes data]

  [1378 bytes data]

  [1378 bytes data]

  [1378 bytes data]

  [1378 bytes data]

  [1846 bytes data]

  [1369 bytes data]

  [1378 bytes data]

  [1378 bytes data]

  [1378 bytes data]

  [1378 bytes data]

  [1378 bytes data]

  [1378 bytes data]

  [1378 bytes data]

  [1378 bytes data]

  [1378 bytes data]

  [1378 bytes data]

  [1235 bytes data]

  [134 bytes data]

  [1378 bytes data]

  [1378 bytes data]

  [1378 bytes data]

  [1378 bytes data]

  [1378 bytes data]

  [1378 bytes data]

  [1378 bytes data]

  [6604 bytes data]

  [277 bytes data]

  [1378 bytes data]

  [14729 bytes data]

  [1646 bytes data]

  [5664 bytes data]

  [9074 bytes data]

  [7301 bytes data]

  [9083 bytes data]

  [3462 bytes data]

  [12922 bytes data]

  [3453 bytes data]

  [12931 bytes data]

  [3444 bytes data]

  [12940 bytes data]

  [3435 bytes data]

  [4590 bytes data]

  [1378 bytes data]

  [1378 bytes data]

  [1378 bytes data]

  [4225 bytes data]

  [12150 bytes data]

  [4234 bytes data]

  [12141 bytes data]

  [4243 bytes data]

  [186 bytes data]

  [11024 bytes data]

  [5174 bytes data]

  [329 bytes data]

  [9646 bytes data]

  [6409 bytes data]

  [7362 bytes data]

  [1378 bytes data]

  [1378 bytes data]

  [1378 bytes data]

  [1378 bytes data]

  [1378 bytes data]

  [1378 bytes data]

  [754 bytes data]

  [615 bytes data]

  [1378 bytes data]

  [4134 bytes data]

  [1378 bytes data]

  [1378 bytes data]

  [1378 bytes data]

  [1378 bytes data]

  [2756 bytes data]

  [1989 bytes data]

  [4892 bytes data]

  [6890 bytes data]

  [4134 bytes data]

  [468 bytes data]

  [5503 bytes data]

  [1378 bytes data]

  [1378 bytes data]

  [1378 bytes data]

  [4134 bytes data]

  [2613 bytes data]

  [134 bytes data]

  [1378 bytes data]

  [1378 bytes data]

  [1378 bytes data]

  [1378 bytes data]

  [1378 bytes data]

  [4134 bytes data]

  [5226 bytes data]

  [1655 bytes data]

  [4134 bytes data]

  [10595 bytes data]

  [3176 bytes data]

  [1378 bytes data]

  [5512 bytes data]

  [4134 bytes data]

  [1378 bytes data]

  [806 bytes data]

  [3319 bytes data]

  [1378 bytes data]

  [1378 bytes data]

  [1378 bytes data]

  [1378 bytes data]

  [1378 bytes data]

  [1378 bytes data]

  [1378 bytes data]

  [3419 bytes data]

  [8974 bytes data]

  [2756 bytes data]

  [4654 bytes data]

  [849 bytes data]

  [4134 bytes data]

  [11024 bytes data]

  [377 bytes data]

  [15998 bytes data]

  [386 bytes data]

  [3891 bytes data]

  [4134 bytes data]

  [1378 bytes data]

  [6981 bytes data]

  [1278 bytes data]

  [1378 bytes data]

  [4134 bytes data]

  [6890 bytes data]

  [1378 bytes data]

  [1326 bytes data]

  [43 bytes data]

  [1378 bytes data]

  [1378 bytes data]

  [1378 bytes data]

  [1378 bytes data]

  [4134 bytes data]

  [6695 bytes data]

  [5698 bytes data]

  [1378 bytes data]

  [1378 bytes data]

  [1378 bytes data]

  [1378 bytes data]

  [5174 bytes data]

  [329 bytes data]

  [1378 bytes data]

  [1378 bytes data]

  [1378 bytes data]

  [5512 bytes data]

  [6409 bytes data]

  [1850 bytes data]

  [1378 bytes data]

  [4134 bytes data]

  [1378 bytes data]

  [1378 bytes data]

  [1378 bytes data]

  [1378 bytes data]

  [1378 bytes data]

  [1378 bytes data]

  [754 bytes data]

  [615 bytes data]

  [4134 bytes data]

  [2756 bytes data]

  [1378 bytes data]

  [7501 bytes data]

  [758 bytes data]

  [4134 bytes data]

  [11492 bytes data]

  [4883 bytes data]

  [11501 bytes data]

  [4874 bytes data]

  [9040 bytes data]

  [2470 bytes data]

  [13905 bytes data]

  [152 bytes data]

  [2327 bytes data]

  [14048 bytes data]

  [2336 bytes data]

  [14039 bytes data]

  [1682 bytes data]

  [663 bytes data]

  [15712 bytes data]

  [672 bytes data]

  [15703 bytes data]

  [681 bytes data]

  [15694 bytes data]

  [690 bytes data]

  [9403 bytes data]

  [6981 bytes data]

  [9394 bytes data]

  [6990 bytes data]

  [4177 bytes data]

  [12207 bytes data]

  [4168 bytes data]

  [11176 bytes data]

  [1040 bytes data]

  [3085 bytes data]

  [13299 bytes data]

  [1850 bytes data]

  [1378 bytes data]

  [9646 bytes data]

  [3510 bytes data]

  [12865 bytes data]

  [3519 bytes data]

  [758 bytes data]

  [15610 bytes data]

  [765 bytes data]

  [11628 bytes data]

  [3991 bytes data]

  [12384 bytes data]

  [4000 bytes data]

  [9923 bytes data]

  [6461 bytes data]

  [9914 bytes data]

  [6470 bytes data]

  [9905 bytes data]

  [1682 bytes data]

  [4797 bytes data]

  [11578 bytes data]

  [4806 bytes data]

  [11569 bytes data]

  [4438 bytes data]

  [377 bytes data]

  [15998 bytes data]

  [386 bytes data]

  [6647 bytes data]

  [9737 bytes data]

  [2656 bytes data]

  [13728 bytes data]

  [2647 bytes data]

  [7042 bytes data]

  [6695 bytes data]

  [9680 bytes data]

  [6704 bytes data]

  [9671 bytes data]

  [3060 bytes data]

  [3653 bytes data]

  [8740 bytes data]

  [7644 bytes data]

  [8731 bytes data]

  [7653 bytes data]

  [4892 bytes data]

  [11492 bytes data]

  [4883 bytes data]

  [6132 bytes data]

  [5369 bytes data]

  [11006 bytes data]

  [5378 bytes data]

  [10997 bytes data]

  [5387 bytes data]

  [10988 bytes data]

  [456 bytes data]

  [4940 bytes data]

  [11435 bytes data]

  [2908 bytes data]

  [2041 bytes data]

  [8974 bytes data]

  [7410 bytes data]

  [8965 bytes data]

  [7419 bytes data]

  [992 bytes data]

  [15392 bytes data]

  [983 bytes data]

  [15401 bytes data]

  [974 bytes data]

  [3060 bytes data]

  [12350 bytes data]

  [4025 bytes data]

  [12359 bytes data]

  [4016 bytes data]

  [12368 bytes data]

  [4007 bytes data]

  [5968 bytes data]

  [6409 bytes data]

  [9966 bytes data]

  [6418 bytes data]

  [3371 bytes data]

  [13013 bytes data]

  [758 bytes data]

  [1378 bytes data]

  [1378 bytes data]

  [1378 bytes data]

  [1378 bytes data]

  [2756 bytes data]

  [5512 bytes data]

  [1846 bytes data]

  [1369 bytes data]

  [1378 bytes data]

  [1378 bytes data]

  [1378 bytes data]

  [1378 bytes data]

  [1378 bytes data]

  [1378 bytes data]

  [4134 bytes data]

  [1378 bytes data]

  [1235 bytes data]

  [134 bytes data]

  [1378 bytes data]

  [1378 bytes data]

  [1378 bytes data]

  [1378 bytes data]

  [1378 bytes data]

  [1378 bytes data]

  [1378 bytes data]

  [2756 bytes data]

  [1378 bytes data]

  [1378 bytes data]

  [1092 bytes data]

  [277 bytes data]

  [2756 bytes data]

  [1378 bytes data]

  [1378 bytes data]

  [5512 bytes data]

  [1378 bytes data]

  [3705 bytes data]

  [7310 bytes data]

  [1378 bytes data]

  [1378 bytes data]

  [6318 bytes data]

  [10057 bytes data]

  [6327 bytes data]

  [10048 bytes data]

  [304 bytes data]

  [6032 bytes data]

  [10343 bytes data]

  [6041 bytes data]

  [3748 bytes data]

  [12636 bytes data]

  [3739 bytes data]

  [12645 bytes data]

  [3730 bytes data]

  [12654 bytes data]

  [3721 bytes data]

  [5968 bytes data]

  [6695 bytes data]

  [9680 bytes data]

  [5664 bytes data]

  [1040 bytes data]

  [15335 bytes data]

  [1049 bytes data]

  [15326 bytes data]

  [1058 bytes data]

  [1993 bytes data]

  [4134 bytes data]

  [10257 bytes data]

  [6118 bytes data]

  [10266 bytes data]

  [6109 bytes data]

  [10275 bytes data]

  [6100 bytes data]

  [2302 bytes data]

  [7982 bytes data]

  [8393 bytes data]

  [7991 bytes data]

  [7310 bytes data]

  [9074 bytes data]

  [7301 bytes data]

  [9083 bytes data]

  [706 bytes data]

  [15678 bytes data]

  [697 bytes data]

  [15687 bytes data]

  [688 bytes data]

  [11328 bytes data]

  [1378 bytes data]

  [2990 bytes data]

  [9403 bytes data]

  [6981 bytes data]

  [9394 bytes data]

  [5664 bytes data]

  [1326 bytes data]

  [15049 bytes data]

  [1335 bytes data]

  [15040 bytes data]

  [1344 bytes data]

  [14109 bytes data]

  [2275 bytes data]

  [14100 bytes data]

  [2284 bytes data]

  [1993 bytes data]

  [4134 bytes data]

  [10257 bytes data]

  [6118 bytes data]

  [10266 bytes data]

  [16375 bytes data]

  [9 bytes data]

  [16366 bytes data]

  [18 bytes data]

  [16357 bytes data]

  [27 bytes data]

  [16348 bytes data]

  [36 bytes data]

  [16339 bytes data]

  [45 bytes data]

  [16330 bytes data]

  [54 bytes data]

  [16321 bytes data]

  [63 bytes data]

  [16312 bytes data]

  [72 bytes data]

  [16303 bytes data]

  [81 bytes data]

  [16294 bytes data]

  [90 bytes data]

  [16285 bytes data]

  [99 bytes data]

  [16276 bytes data]

  [108 bytes data]

  [16267 bytes data]

  [117 bytes data]

  [16258 bytes data]

  [126 bytes data]

  [16249 bytes data]

  [135 bytes data]

  [16240 bytes data]

  [144 bytes data]

  [16231 bytes data]

  [153 bytes data]

  [16222 bytes data]

  [144 bytes data]

  [18 bytes data]

  [16357 bytes data]

  [27 bytes data]

  [16348 bytes data]

  [36 bytes data]

  [16339 bytes data]

  [45 bytes data]

  [16330 bytes data]

  [54 bytes data]

  [16321 bytes data]

  [63 bytes data]

  [16312 bytes data]

  [72 bytes data]

  [16303 bytes data]

  [81 bytes data]

  [16294 bytes data]

  [90 bytes data]

  [16285 bytes data]

  [99 bytes data]

  [16276 bytes data]

  [108 bytes data]

  [16267 bytes data]

  [117 bytes data]

  [16258 bytes data]

  [126 bytes data]

  [16249 bytes data]

  [135 bytes data]

  [16240 bytes data]

  [144 bytes data]

  [16231 bytes data]

  [144 bytes data]

  [9 bytes data]

  [16366 bytes data]

  [18 bytes data]

  [16357 bytes data]

  [27 bytes data]

  [16348 bytes data]

  [36 bytes data]

  [16339 bytes data]

  [45 bytes data]

  [16330 bytes data]

  [54 bytes data]

  [16321 bytes data]

  [63 bytes data]

  [16312 bytes data]

  [72 bytes data]

  [16303 bytes data]

  [81 bytes data]

  [16294 bytes data]

  [90 bytes data]

  [16285 bytes data]

  [99 bytes data]

  [16276 bytes data]

  [108 bytes data]

  [16267 bytes data]

  [117 bytes data]

  [16258 bytes data]

  [126 bytes data]

  [16249 bytes data]

  [135 bytes data]

  [16240 bytes data]

  [144 bytes data]

  [16375 bytes data]

  [9 bytes data]

  [16366 bytes data]

  [18 bytes data]

  [16357 bytes data]

  [27 bytes data]

  [16348 bytes data]

  [36 bytes data]

  [16339 bytes data]

  [45 bytes data]

  [16330 bytes data]

  [54 bytes data]

  [16321 bytes data]

  [63 bytes data]

  [16312 bytes data]

  [72 bytes data]

  [16303 bytes data]

  [81 bytes data]

  [16294 bytes data]

  [90 bytes data]

  [16285 bytes data]

  [99 bytes data]

  [16276 bytes data]

  [108 bytes data]

  [16267 bytes data]

  [117 bytes data]

  [16258 bytes data]

  [126 bytes data]

  [16249 bytes data]

  [135 bytes data]

  [16240 bytes data]

  [128 bytes data]

  [12393 bytes data]

  [3991 bytes data]

  [12384 bytes data]

  [4000 bytes data]

  [4411 bytes data]

  [11973 bytes data]

  [4402 bytes data]

  [11982 bytes data]

  [4393 bytes data]

  [11991 bytes data]

  [3462 bytes data]

  [12922 bytes data]

  [3453 bytes data]

  [12931 bytes data]

  [992 bytes data]

  [1378 bytes data]

  [14014 bytes data]

  [2361 bytes data]

  [14023 bytes data]

  [2352 bytes data]

  [14032 bytes data]

  [2343 bytes data]

  [14041 bytes data]

  [186 bytes data]

  [16198 bytes data]

  [177 bytes data]

  [9798 bytes data]

  [4134 bytes data]

  [2275 bytes data]

  [5984 bytes data]

  [2756 bytes data]

  [5512 bytes data]

  [2132 bytes data]

  [14243 bytes data]

  [2141 bytes data]

  [6270 bytes data]

  [10114 bytes data]

  [1369 bytes data]

  [15015 bytes data]

  [1360 bytes data]

  [15024 bytes data]

  [277 bytes data]

  [9646 bytes data]

  [2756 bytes data]

  [3705 bytes data]

  [420 bytes data]

  [1378 bytes data]

  [5512 bytes data]

  [9074 bytes data]

  [6075 bytes data]

  [10309 bytes data]

  [6066 bytes data]

  [1530 bytes data]

  [4134 bytes data]

  [4654 bytes data]

  [11721 bytes data]

  [4663 bytes data]

  [9260 bytes data]

  [7124 bytes data]

  [2513 bytes data]

  [13871 bytes data]

  [2504 bytes data]

  [152 bytes data]

  [1378 bytes data]

  [12350 bytes data]

  [4025 bytes data]

  [12359 bytes data]

  [4016 bytes data]

  [12368 bytes data]

  [4007 bytes data]

  [12377 bytes data]

  [3998 bytes data]

  [12386 bytes data]

  [3989 bytes data]

  [6272 bytes data]

  [6123 bytes data]

  [4892 bytes data]

  [11492 bytes data]

  [4883 bytes data]

  [6132 bytes data]

  [5369 bytes data]

  [11006 bytes data]

  [5378 bytes data]

  [10997 bytes data]

  [5387 bytes data]

  [10988 bytes data]

  [5396 bytes data]

  [563 bytes data]

  [15821 bytes data]

  [554 bytes data]

  [12554 bytes data]

  [3276 bytes data]

  [13099 bytes data]

  [3285 bytes data]

  [13090 bytes data]

  [3294 bytes data]

  [13081 bytes data]

  [3303 bytes data]

  [4034 bytes data]

  [12350 bytes data]

  [4025 bytes data]

  [7042 bytes data]

  [5317 bytes data]

  [11058 bytes data]

  [2908 bytes data]

  [2418 bytes data]

  [9975 bytes data]

  [6409 bytes data]

  [9966 bytes data]

  [152 bytes data]

  [6266 bytes data]

  [10109 bytes data]

  [5664 bytes data]

  [611 bytes data]

  [15764 bytes data]

  [620 bytes data]

  [15755 bytes data]

  [629 bytes data]

  [13914 bytes data]

  [2470 bytes data]

  [13905 bytes data]

  [2479 bytes data]

  [13896 bytes data]

  [2488 bytes data]

  [563 bytes data]

  [15821 bytes data]

  [554 bytes data]

  [12554 bytes data]

  [3276 bytes data]

  [13099 bytes data]

  [3285 bytes data]

  [13090 bytes data]

  [3294 bytes data]

  [5269 bytes data]

  [11115 bytes data]

  [5260 bytes data]

  [2908 bytes data]

  [8216 bytes data]

  [8159 bytes data]

  [8225 bytes data]

  [5698 bytes data]

  [10686 bytes data]

  [5689 bytes data]

  [10695 bytes data]

  [5680 bytes data]

  [1682 bytes data]

  [9022 bytes data]

  [7353 bytes data]

  [8420 bytes data]

  [611 bytes data]

  [15764 bytes data]

  [620 bytes data]

  [15755 bytes data]

  [629 bytes data]

  [9780 bytes data]

  [1378 bytes data]

  [5226 bytes data]

  [11149 bytes data]

  [5235 bytes data]

  [11140 bytes data]

  [5244 bytes data]

  [1941 bytes data]

  [14443 bytes data]

  [1932 bytes data]

  [11176 bytes data]

  [3276 bytes data]

  [11873 bytes data]

  [4511 bytes data]

  [992 bytes data]

  [15392 bytes data]

  [983 bytes data]

  [1530 bytes data]

  [8268 bytes data]

  [4134 bytes data]

  [1469 bytes data]

  [10924 bytes data]

  [5460 bytes data]

  [6933 bytes data]

  [9451 bytes data]

  [6924 bytes data]

  [9460 bytes data]

  [6915 bytes data]

  [9469 bytes data]

  [4606 bytes data]

  [11778 bytes data]

  [4597 bytes data]

  [1530 bytes data]

  [10257 bytes data]

  [6118 bytes data]

  [10266 bytes data]

  [6109 bytes data]

  [10275 bytes data]

  [6100 bytes data]

  [10284 bytes data]

  [6091 bytes data]

  [10293 bytes data]

  [6082 bytes data]

  [1228 bytes data]

  [9074 bytes data]

  [7301 bytes data]

  [9083 bytes data]

  [7292 bytes data]

  [9092 bytes data]

  [7283 bytes data]

  [9101 bytes data]

  [992 bytes data]

  [13780 bytes data]

  [1612 bytes data]

  [12159 bytes data]

  [4225 bytes data]

  [10924 bytes data]

  [5460 bytes data]

  [10915 bytes data]

  [5469 bytes data]

  [10906 bytes data]

  [304 bytes data]

  [5174 bytes data]

  [329 bytes data]

  [16055 bytes data]

  [320 bytes data]

  [2908 bytes data]

  [13156 bytes data]

  [3219 bytes data]

  [13165 bytes data]

  [3210 bytes data]

  [1682 bytes data]

  [2756 bytes data]

  [2756 bytes data]

  [5980 bytes data]

  [10395 bytes data]

  [5989 bytes data]

  [10386 bytes data]

  [5998 bytes data]

  [3033 bytes data]

  [13351 bytes data]

  [3024 bytes data]

  [8420 bytes data]

  [4940 bytes data]

  [11435 bytes data]

  [4949 bytes data]

  [11426 bytes data]

  [4958 bytes data]

  [9117 bytes data]

  [7267 bytes data]

  [9108 bytes data]

  [7276 bytes data]

  [9099 bytes data]

  [7285 bytes data]

  [4034 bytes data]

  [12350 bytes data]

  [4025 bytes data]

  [12359 bytes data]

  [4016 bytes data]

  [9950 bytes data]

  [2418 bytes data]

  [13957 bytes data]

  [2427 bytes data]

  [13948 bytes data]

  [304 bytes data]

  [2132 bytes data]

  [14243 bytes data]

  [2141 bytes data]

  [14234 bytes data]

  [2150 bytes data]

  [1369 bytes data]

  [5512 bytes data]

  [9503 bytes data]

  [6872 bytes data]

  [9512 bytes data]

  [6863 bytes data]

  [304 bytes data]

  [9217 bytes data]

  [7158 bytes data]

  [2908 bytes data]

  [6318 bytes data]

  [7453 bytes data]

  [8931 bytes data]

  [7444 bytes data]

  [4286 bytes data]

  [2756 bytes data]

  [1898 bytes data]

  [14477 bytes data]

  [1907 bytes data]

  [3748 bytes data]

  [12636 bytes data]

  [3739 bytes data]

  [12645 bytes data]

  [3730 bytes data]

  [1682 bytes data]

  [10972 bytes data]

  [5403 bytes data]

  [2908 bytes data]

  [8073 bytes data]

  [8302 bytes data]

  [8082 bytes data]

  [329 bytes data]

  [16055 bytes data]

  [320 bytes data]

  [7042 bytes data]

  [9022 bytes data]

  [4749 bytes data]

  [11024 bytes data]

  [611 bytes data]

  [15764 bytes data]

  [604 bytes data]

  [13771 bytes data]

  [2613 bytes data]

  [13762 bytes data]

  [2622 bytes data]

  [13753 bytes data]

  [1682 bytes data]

  [949 bytes data]

  [1798 bytes data]

  [14586 bytes data]

  [1789 bytes data]

  [5664 bytes data]

  [8931 bytes data]

  [2084 bytes data]

  [14300 bytes data]

  [2075 bytes data]

  [4286 bytes data]

  [10023 bytes data]

  [6352 bytes data]

  [10032 bytes data]

  [6343 bytes data]

  [1682 bytes data]

  [8359 bytes data]

  [5412 bytes data]

  [10972 bytes data]

  [4177 bytes data]

  [4134 bytes data]

  [8073 bytes data]

  [7076 bytes data]

  [9308 bytes data]

  [1707 bytes data]

  [13780 bytes data]

  [897 bytes data]

  [15478 bytes data]

  [906 bytes data]

  [6127 bytes data]

  [10257 bytes data]

  [758 bytes data]

  [15626 bytes data]

  [749 bytes data]

  [3376 bytes data]

  [12259 bytes data]

  [4116 bytes data]

  [12268 bytes data]

  [4107 bytes data]

  [1682 bytes data]

  [10595 bytes data]

  [5780 bytes data]

  [9798 bytes data]

  [806 bytes data]

  [15569 bytes data]

  [815 bytes data]

  [10352 bytes data]

  [6032 bytes data]

  [10343 bytes data]

  [6041 bytes data]

  [9260 bytes data]

  [7124 bytes data]

  [9251 bytes data]

  [7133 bytes data]

  [6790 bytes data]

  [9594 bytes data]

  [6781 bytes data]

  [1530 bytes data]

  [8073 bytes data]

  [8302 bytes data]

  [4286 bytes data]

  [1378 bytes data]

  [2418 bytes data]

  [1707 bytes data]

  [6890 bytes data]

  [7787 bytes data]

  [472 bytes data]

  [13780 bytes data]

  [2132 bytes data]

  [6127 bytes data]

  [4134 bytes data]

  [6123 bytes data]

  [758 bytes data]

  [9646 bytes data]

  [1378 bytes data]

  [1378 bytes data]

  [3224 bytes data]

  [2747 bytes data]

  [11024 bytes data]

  [1378 bytes data]

  [1235 bytes data]

  [4268 bytes data]

  [1378 bytes data]

  [10738 bytes data]

  [277 bytes data]

  [1378 bytes data]

  [1378 bytes data]

  [1378 bytes data]

  [1378 bytes data]

  [1378 bytes data]

  [1378 bytes data]

  [1378 bytes data]

  [1378 bytes data]

  [1378 bytes data]

  [3705 bytes data]

  [420 bytes data]

  [1378 bytes data]

  [1378 bytes data]

  [5512 bytes data]

  [1378 bytes data]

  [1378 bytes data]

  [1378 bytes data]

  [1378 bytes data]

  [1378 bytes data]

  [806 bytes data]

  [1941 bytes data]

  [1378 bytes data]

  [1378 bytes data]

  [1378 bytes data]

  [1378 bytes data]

  [1378 bytes data]

  [1378 bytes data]

  [1378 bytes data]

  [1378 bytes data]

  [1378 bytes data]

  [1378 bytes data]

  [663 bytes data]

  [706 bytes data]

  [13780 bytes data]

  [1378 bytes data]

  [520 bytes data]

  [849 bytes data]

  [1378 bytes data]

  [9646 bytes data]

  [4511 bytes data]

  [992 bytes data]

  [1378 bytes data]

  [1378 bytes data]

  [1378 bytes data]

  [1378 bytes data]

  [1378 bytes data]

  [1378 bytes data]

  [1378 bytes data]

  [1378 bytes data]

  [1378 bytes data]

  [1378 bytes data]

  [1378 bytes data]

  [234 bytes data]

  [1135 bytes data]

  [1378 bytes data]

  [1378 bytes data]

  [1378 bytes data]

  [1378 bytes data]

  [1378 bytes data]

  [4134 bytes data]

  [1378 bytes data]

  [1378 bytes data]

  [1378 bytes data]

  [91 bytes data]

  [1278 bytes data]

  [1378 bytes data]

  [1378 bytes data]

  [1378 bytes data]

  [1378 bytes data]

  [4134 bytes data]

  [1378 bytes data]

  [1378 bytes data]

  [1378 bytes data]

  [1326 bytes data]

  [4177 bytes data]

  [5512 bytes data]

  [1378 bytes data]

  [1378 bytes data]

  [1378 bytes data]

  [1378 bytes data]

  [1183 bytes data]

  [186 bytes data]

  [1378 bytes data]

  [1378 bytes data]

  [1378 bytes data]

  [1378 bytes data]

  [1378 bytes data]

  [1378 bytes data]

  [1378 bytes data]

  [1378 bytes data]

  [1378 bytes data]

  [1378 bytes data]

  [1378 bytes data]

  [1040 bytes data]

  [329 bytes data]

  [1378 bytes data]

  [1378 bytes data]

  [5512 bytes data]

  [1378 bytes data]

  [6409 bytes data]

  [3228 bytes data]

  [1378 bytes data]

  [1378 bytes data]

  [1378 bytes data]

  [1378 bytes data]

  [1378 bytes data]

  [6266 bytes data]

  [4749 bytes data]

  [1378 bytes data]

  [1378 bytes data]

  [1378 bytes data]

  [1378 bytes data]

  [1378 bytes data]

  [1378 bytes data]

  [1378 bytes data]

  [1378 bytes data]

  [611 bytes data]

  [758 bytes data]

  [1378 bytes data]

  [1378 bytes data]

  [1378 bytes data]

  [1378 bytes data]

  [1378 bytes data]

  [1378 bytes data]

  [2756 bytes data]

  [4602 bytes data]

  [4125 bytes data]

  [4134 bytes data]

  [8125 bytes data]

  [2890 bytes data]

  [1378 bytes data]

  [1378 bytes data]

  [1378 bytes data]

  [1378 bytes data]

  [1378 bytes data]

  [1378 bytes data]

  [1378 bytes data]

  [1378 bytes data]

  [1378 bytes data]

  [1092 bytes data]

  [1655 bytes data]

  [4134 bytes data]

  [1378 bytes data]

  [1378 bytes data]

  [1378 bytes data]

  [6461 bytes data]

  [1798 bytes data]

  [2756 bytes data]

  [2756 bytes data]

  [2756 bytes data]

  [1378 bytes data]

  [2756 bytes data]

  [1378 bytes data]

  [806 bytes data]

  [1941 bytes data]

  [1378 bytes data]

  [1378 bytes data]

  [1378 bytes data]

  [1378 bytes data]

  [1378 bytes data]

  [2756 bytes data]

  [1378 bytes data]

  [1378 bytes data]

  [1378 bytes data]

  [663 bytes data]

  [706 bytes data]

  [1378 bytes data]

  [1378 bytes data]

  [1378 bytes data]

  [1378 bytes data]

  [1378 bytes data]

  [1378 bytes data]

  [1378 bytes data]

  [1378 bytes data]

  [1378 bytes data]

  [1378 bytes data]

  [1378 bytes data]

  [520 bytes data]

  [2227 bytes data]

  [1378 bytes data]

  [1378 bytes data]

  [1378 bytes data]

  [1378 bytes data]

  [1378 bytes data]

  [1378 bytes data]

  [1378 bytes data]

  [2756 bytes data]

  [1755 bytes data]

  [992 bytes data]

  [11024 bytes data]

  [4368 bytes data]

  [6647 bytes data]

  [1378 bytes data]

  [1378 bytes data]

  [6981 bytes data]

  [9394 bytes data]

  [1530 bytes data]

  [1378 bytes data]

  [2756 bytes data]

  [1326 bytes data]

  [8311 bytes data]

  [6890 bytes data]

  [1183 bytes data]

  [186 bytes data]

  [1378 bytes data]

  [4134 bytes data]

  [1378 bytes data]

  [5512 bytes data]

  [2756 bytes data]

  [1040 bytes data]

  [5841 bytes data]

  [2756 bytes data]

  [1378 bytes data]

  [6409 bytes data]

  [4606 bytes data]

  [1378 bytes data]

  [10400 bytes data]

  [615 bytes data]

  [1378 bytes data]

  [1378 bytes data]

  [4134 bytes data]

  [4134 bytes data]

  [4745 bytes data]

  [4892 bytes data]

  [1378 bytes data]

  [1378 bytes data]

  [1378 bytes data]

  [1378 bytes data]

  [1378 bytes data]

  [1378 bytes data]

  [1378 bytes data]

  [1846 bytes data]

  [1369 bytes data]

  [1378 bytes data]

  [1378 bytes data]

  [1378 bytes data]

  [1378 bytes data]

  [1378 bytes data]

  [1378 bytes data]

  [1378 bytes data]

  [1378 bytes data]

  [1378 bytes data]

  [1378 bytes data]

  [1235 bytes data]

  [134 bytes data]

  [1378 bytes data]

  [1378 bytes data]

  [1378 bytes data]

  [1378 bytes data]

  [1378 bytes data]

  [1378 bytes data]

  [1378 bytes data]

  [1378 bytes data]

  [1378 bytes data]

  [1378 bytes data]

  [1378 bytes data]

  [1092 bytes data]

  [277 bytes data]

  [1378 bytes data]

  [2756 bytes data]

  [5512 bytes data]

  [1378 bytes data]

  [1378 bytes data]

  [1378 bytes data]

  [1378 bytes data]

  [949 bytes data]

  [420 bytes data]

  [1378 bytes data]

  [1378 bytes data]

  [1378 bytes data]

  [1378 bytes data]

  [1378 bytes data]

  [1378 bytes data]

  [1378 bytes data]

  [1378 bytes data]

  [4134 bytes data]

  [806 bytes data]

  [10209 bytes data]

  [1378 bytes data]

  [1378 bytes data]

  [1378 bytes data]

  [1378 bytes data]

  [663 bytes data]

  [706 bytes data]

  [1378 bytes data]

  [1378 bytes data]

  [1378 bytes data]

  [1378 bytes data]

  [1378 bytes data]

  [1378 bytes data]

  [1378 bytes data]

  [1378 bytes data]

  [2756 bytes data]

  [1898 bytes data]

  [2227 bytes data]

  [1378 bytes data]

  [1378 bytes data]

  [1378 bytes data]

  [1378 bytes data]

  [1378 bytes data]

  [1378 bytes data]

  [1378 bytes data]

  [1378 bytes data]

  [1378 bytes data]

  [1378 bytes data]

  [377 bytes data]

  [992 bytes data]

  [2756 bytes data]

  [1378 bytes data]

  [4134 bytes data]

  [1378 bytes data]

  [1378 bytes data]

  [1378 bytes data]

  [1378 bytes data]

  [1612 bytes data]

  [14763 bytes data]

  [1530 bytes data]

  [91 bytes data]

  [4034 bytes data]

  [1378 bytes data]

  [1378 bytes data]

  [1378 bytes data]

  [1378 bytes data]

  [1378 bytes data]

  [4134 bytes data]

  [1326 bytes data]

  [43 bytes data]

  [1378 bytes data]

  [1378 bytes data]

  [1378 bytes data]

  [1378 bytes data]

  [1378 bytes data]

  [1378 bytes data]

  [1378 bytes data]

  [1378 bytes data]

  [1378 bytes data]

  [1378 bytes data]

  [2561 bytes data]

  [1564 bytes data]

  [1378 bytes data]

  [1378 bytes data]

  [1378 bytes data]

  [1378 bytes data]

  [1378 bytes data]

  [1378 bytes data]

  [6552 bytes data]

  [329 bytes data]

  [1378 bytes data]

  [1378 bytes data]

  [1378 bytes data]

  [1378 bytes data]

  [1378 bytes data]

  [9165 bytes data]

  [3228 bytes data]

  [1378 bytes data]

  [1378 bytes data]

  [1378 bytes data]

  [1378 bytes data]

  [1378 bytes data]

  [1378 bytes data]

  [2756 bytes data]

  [1378 bytes data]

  [754 bytes data]

  [615 bytes data]

  [1378 bytes data]

  [4134 bytes data]

  [1378 bytes data]

  [8879 bytes data]

  [6270 bytes data]

  [1378 bytes data]

  [8736 bytes data]

  [1369 bytes data]

  [1378 bytes data]

  [1378 bytes data]

  [1378 bytes data]

  [1378 bytes data]

  [6890 bytes data]

  [2613 bytes data]

  [134 bytes data]

  [1378 bytes data]

  [1378 bytes data]

  [1378 bytes data]

  [1378 bytes data]

  [10738 bytes data]

  [3033 bytes data]

  [1378 bytes data]

  [1378 bytes data]

  [1378 bytes data]

  [1378 bytes data]

  [1378 bytes data]

  [1378 bytes data]

  [5083 bytes data]

  [420 bytes data]

  [8268 bytes data]

  [1378 bytes data]

  [1378 bytes data]

  [1378 bytes data]

  [2756 bytes data]

  [806 bytes data]

  [563 bytes data]

  [2756 bytes data]

  [4134 bytes data]

  [6890 bytes data]

  [1378 bytes data]

  [663 bytes data]

  [706 bytes data]

  [1378 bytes data]

  [1378 bytes data]

  [1378 bytes data]

  [2756 bytes data]

  [1378 bytes data]

  [2756 bytes data]

  [4654 bytes data]

  [4983 bytes data]

  [2756 bytes data]

  [6890 bytes data]

  [1755 bytes data]

  [2370 bytes data]

  [11024 bytes data]

  [2990 bytes data]

  [1135 bytes data]

  [1378 bytes data]

  [1378 bytes data]

  [1378 bytes data]

  [1378 bytes data]

  [1378 bytes data]

  [1378 bytes data]

  [1378 bytes data]

  [4134 bytes data]

  [1469 bytes data]

  [5412 bytes data]

  [1378 bytes data]

  [5512 bytes data]

  [1378 bytes data]

  [1378 bytes data]

  [1326 bytes data]

  [43 bytes data]

  [1378 bytes data]

  [1378 bytes data]

  [1378 bytes data]

  [1378 bytes data]

  [1378 bytes data]

  [1378 bytes data]

  [1378 bytes data]

  [1378 bytes data]

  [1378 bytes data]

  [1378 bytes data]

  [2561 bytes data]

  [11210 bytes data]

  [4134 bytes data]

  [1040 bytes data]

  [329 bytes data]

  [1378 bytes data]

  [14677 bytes data]

  [1698 bytes data]

  [152 bytes data]

  [1378 bytes data]

  [1378 bytes data]

  [5512 bytes data]

  [1378 bytes data]

  [1378 bytes data]

  [2756 bytes data]

  [754 bytes data]

  [615 bytes data]

  [2756 bytes data]

  [2756 bytes data]

  [1378 bytes data]

  [1378 bytes data]

  [1378 bytes data]

  [1378 bytes data]

  [1378 bytes data]

  [3367 bytes data]

  [758 bytes data]

  [2756 bytes data]

  [12870 bytes data]

  [1369 bytes data]

  [4134 bytes data]

  [10881 bytes data]

  [5494 bytes data]

  [5664 bytes data]

  [5226 bytes data]

  [11149 bytes data]

  [5235 bytes data]

  [420 bytes data]

  [15964 bytes data]

  [411 bytes data]

  [9798 bytes data]

  [6175 bytes data]

  [10200 bytes data]

  [6184 bytes data]

  [10191 bytes data]

  [1682 bytes data]

  [4511 bytes data]

  [11864 bytes data]

  [4520 bytes data]

  [11855 bytes data]

  [4529 bytes data]

  [9546 bytes data]

  [6838 bytes data]

  [9537 bytes data]

  [5664 bytes data]

  [1183 bytes data]

  [15192 bytes data]

  [1192 bytes data]

  [3085 bytes data]

  [13299 bytes data]

  [3076 bytes data]

  [9798 bytes data]

  [3510 bytes data]

  [8883 bytes data]

  [7501 bytes data]

  [8874 bytes data]

  [7510 bytes data]

  [8865 bytes data]

  [4906 bytes data]

  [2613 bytes data]

  [13762 bytes data]

  [2622 bytes data]

  [13753 bytes data]

  [2631 bytes data]

  [1798 bytes data]

  [6890 bytes data]

  [1378 bytes data]

  [6318 bytes data]

  [3319 bytes data]

  [13065 bytes data]

  [3310 bytes data]

  [13074 bytes data]

  [3301 bytes data]

  [13083 bytes data]

  [3292 bytes data]

  [3212 bytes data]

  [9880 bytes data]

  [6495 bytes data]

  [152 bytes data]

  [9737 bytes data]

  [6638 bytes data]

  [1530 bytes data]

  [4134 bytes data]

  [1378 bytes data]

  [2704 bytes data]

  [13671 bytes data]

  [2713 bytes data]

  [5698 bytes data]

  [10686 bytes data]

  [5689 bytes data]

  [152 bytes data]

  [1378 bytes data]

  [9165 bytes data]

  [7210 bytes data]

  [4286 bytes data]

  [4888 bytes data]

  [11487 bytes data]

  [4897 bytes data]

  [2136 bytes data]

  [14232 bytes data]

  [16375 bytes data]

  [9 bytes data]

  [16366 bytes data]

  [18 bytes data]

  [16357 bytes data]

  [27 bytes data]

  [16348 bytes data]

  [36 bytes data]

  [16339 bytes data]

  [45 bytes data]

  [16330 bytes data]

  [54 bytes data]

  [16321 bytes data]

  [63 bytes data]

  [16312 bytes data]

  [72 bytes data]

  [16303 bytes data]

  [81 bytes data]

  [16294 bytes data]

  [90 bytes data]

  [16285 bytes data]

  [99 bytes data]

  [16276 bytes data]

  [108 bytes data]

  [16267 bytes data]

  [117 bytes data]

  [16258 bytes data]

  [126 bytes data]

  [16249 bytes data]

  [135 bytes data]

  [16240 bytes data]

  [144 bytes data]

  [9637 bytes data]

  [6747 bytes data]

  [9628 bytes data]

  [6756 bytes data]

  [277 bytes data]

  [16107 bytes data]

  [268 bytes data]

  [16116 bytes data]

  [259 bytes data]

  [16125 bytes data]

  [250 bytes data]

  [3212 bytes data]

  [5512 bytes data]

  [7410 bytes data]

  [8965 bytes data]

  [7419 bytes data]

  [8956 bytes data]

  [7428 bytes data]

  [1135 bytes data]

  [6890 bytes data]

  [5512 bytes data]

  [2847 bytes data]

  [13528 bytes data]

  [2856 bytes data]

  [12445 bytes data]

  [3939 bytes data]

  [12436 bytes data]

  [152 bytes data]

  [3796 bytes data]

  [12579 bytes data]

  [3805 bytes data]

  [5984 bytes data]

  [10400 bytes data]

  [5975 bytes data]

  [10409 bytes data]

  [5966 bytes data]

  [9950 bytes data]

  [468 bytes data]

  [15907 bytes data]

  [477 bytes data]

  [134 bytes data]

  [16250 bytes data]

  [125 bytes data]

  [5664 bytes data]

  [10595 bytes data]

  [5780 bytes data]

  [152 bytes data]

  [10452 bytes data]

  [5923 bytes data]

  [10461 bytes data]

  [4840 bytes data]

  [11544 bytes data]

  [4831 bytes data]

  [11553 bytes data]

  [4822 bytes data]

  [304 bytes data]

  [11258 bytes data]

  [5117 bytes data]

  [152 bytes data]

  [11115 bytes data]

  [5260 bytes data]

  [11124 bytes data]

  [5251 bytes data]

  [11133 bytes data]

  [5242 bytes data]

  [11142 bytes data]

  [5233 bytes data]

  [3364 bytes data]

  [1378 bytes data]

  [1378 bytes data]

  [4134 bytes data]

  [897 bytes data]

  [472 bytes data]

  [1378 bytes data]

  [1378 bytes data]

  [1378 bytes data]

  [5512 bytes data]

  [2756 bytes data]

  [3510 bytes data]

  [3371 bytes data]

  [1378 bytes data]

  [1378 bytes data]

  [1378 bytes data]

  [1378 bytes data]

  [1378 bytes data]

  [1378 bytes data]

  [1378 bytes data]

  [1378 bytes data]

  [1378 bytes data]

  [611 bytes data]

  [3514 bytes data]

  [1378 bytes data]

  [1378 bytes data]

  [1378 bytes data]

  [1378 bytes data]

  [4134 bytes data]

  [1378 bytes data]

  [1846 bytes data]

  [1369 bytes data]

  [15015 bytes data]

  [134 bytes data]

  [1378 bytes data]

  [1378 bytes data]

  [1378 bytes data]

  [1378 bytes data]

  [8268 bytes data]

  [1378 bytes data]

  [1092 bytes data]

  [277 bytes data]

  [1378 bytes data]

  [1378 bytes data]

  [1378 bytes data]

  [1378 bytes data]

  [1378 bytes data]

  [1378 bytes data]

  [1378 bytes data]

  [1378 bytes data]

  [1378 bytes data]

  [1378 bytes data]

  [1378 bytes data]

  [949 bytes data]

  [420 bytes data]

  [1378 bytes data]

  [1378 bytes data]

  [1378 bytes data]

  [1378 bytes data]

  [1378 bytes data]

  [1378 bytes data]

  [1378 bytes data]

  [1378 bytes data]

  [1378 bytes data]

  [1378 bytes data]

  [1378 bytes data]

  [806 bytes data]

  [563 bytes data]

  [1378 bytes data]

  [1378 bytes data]

  [1378 bytes data]

  [1378 bytes data]

  [1378 bytes data]

  [1378 bytes data]

  [1378 bytes data]

  [1378 bytes data]

  [1378 bytes data]

  [1378 bytes data]

  [1378 bytes data]

  [663 bytes data]

  [706 bytes data]

  [1378 bytes data]

  [1378 bytes data]

  [1378 bytes data]

  [1378 bytes data]

  [1378 bytes data]

  [8788 bytes data]

  [2227 bytes data]

  [11024 bytes data]

  [3133 bytes data]

  [6504 bytes data]

  [5512 bytes data]

  [4368 bytes data]

  [1135 bytes data]

  [1378 bytes data]

  [4134 bytes data]

  [1378 bytes data]

  [1378 bytes data]

  [4134 bytes data]

  [1378 bytes data]

  [1469 bytes data]

  [5412 bytes data]

  [1378 bytes data]

  [1378 bytes data]

  [1378 bytes data]

  [1378 bytes data]

  [1378 bytes data]

  [1378 bytes data]

  [1378 bytes data]

  [1326 bytes data]

  [43 bytes data]

  [1378 bytes data]

  [5512 bytes data]

  [1378 bytes data]

  [1378 bytes data]

  [1378 bytes data]

  [1378 bytes data]

  [1378 bytes data]

  [1378 bytes data]

  [1183 bytes data]

  [186 bytes data]

  [1378 bytes data]

  [1378 bytes data]

  [1378 bytes data]

  [1378 bytes data]

  [1378 bytes data]

  [1378 bytes data]

  [1378 bytes data]

  [1378 bytes data]

  [1378 bytes data]

  [2756 bytes data]

  [1040 bytes data]

  [329 bytes data]

  [4134 bytes data]

  [11024 bytes data]

  [897 bytes data]

  [472 bytes data]

  [1378 bytes data]

  [1378 bytes data]

  [1378 bytes data]

  [1378 bytes data]

  [1378 bytes data]

  [1378 bytes data]

  [1378 bytes data]

  [1378 bytes data]

  [1378 bytes data]

  [1378 bytes data]

  [1378 bytes data]

  [754 bytes data]

  [615 bytes data]

  [1378 bytes data]

  [1378 bytes data]

  [1378 bytes data]

  [1378 bytes data]

  [1378 bytes data]

  [8268 bytes data]

  [611 bytes data]

  [2136 bytes data]

  [4134 bytes data]

  [10114 bytes data]

  [6261 bytes data]

  [7510 bytes data]

  [2613 bytes data]

  [13762 bytes data]

  [2622 bytes data]

  [5789 bytes data]

  [10595 bytes data]

  [5780 bytes data]

  [10604 bytes data]

  [4697 bytes data]

  [11687 bytes data]

  [4688 bytes data]

  [11696 bytes data]

  [4679 bytes data]

  [11705 bytes data]

  [4670 bytes data]

  [456 bytes data]

  [11258 bytes data]

  [5117 bytes data]

  [5664 bytes data]

  [5603 bytes data]

  [5412 bytes data]

  [1378 bytes data]

  [1378 bytes data]

  [5512 bytes data]

  [2704 bytes data]

  [2799 bytes data]

  [5512 bytes data]

  [8073 bytes data]

  [8302 bytes data]

  [5664 bytes data]

  [2418 bytes data]

  [4463 bytes data]

  [9646 bytes data]

  [2275 bytes data]

  [7362 bytes data]

  [9022 bytes data]

  [1993 bytes data]

  [12402 bytes data]

  [1378 bytes data]

  [611 bytes data]

  [758 bytes data]

  [1378 bytes data]

  [6890 bytes data]

  [7358 bytes data]

  [1369 bytes data]

  [1378 bytes data]

  [1378 bytes data]

  [1378 bytes data]

  [1378 bytes data]

  [1378 bytes data]

  [1378 bytes data]

  [1378 bytes data]

  [1378 bytes data]

  [1378 bytes data]

  [2613 bytes data]

  [1512 bytes data]

  [1378 bytes data]

  [6890 bytes data]

  [1378 bytes data]

  [1378 bytes data]

  [1378 bytes data]

  [1378 bytes data]

  [1092 bytes data]

  [8545 bytes data]

  [1378 bytes data]

  [1378 bytes data]

  [1378 bytes data]

  [1378 bytes data]

  [1378 bytes data]

  [949 bytes data]

  [420 bytes data]

  [1378 bytes data]

  [1378 bytes data]

  [1378 bytes data]

  [1378 bytes data]

  [1378 bytes data]

  [1378 bytes data]

  [1378 bytes data]

  [6318 bytes data]

  [4697 bytes data]

  [6890 bytes data]

  [4797 bytes data]

  [6218 bytes data]

  [10166 bytes data]

  [849 bytes data]

  [1378 bytes data]

  [1378 bytes data]

  [1378 bytes data]

  [1378 bytes data]

  [1378 bytes data]

  [1378 bytes data]

  [1378 bytes data]

  [1378 bytes data]

  [1378 bytes data]

  [3133 bytes data]

  [7882 bytes data]

  [1378 bytes data]

  [1378 bytes data]

  [1378 bytes data]

  [1378 bytes data]

  [1378 bytes data]

  [1378 bytes data]

  [234 bytes data]

  [1135 bytes data]

  [11024 bytes data]

  [1378 bytes data]

  [2847 bytes data]

  [2656 bytes data]

  [1378 bytes data]

  [1378 bytes data]

  [1378 bytes data]

  [1378 bytes data]

  [2756 bytes data]

  [1378 bytes data]

  [1378 bytes data]

  [2704 bytes data]

  [1421 bytes data]

  [1378 bytes data]

  [1378 bytes data]

  [1378 bytes data]

  [1378 bytes data]

  [1378 bytes data]

  [2756 bytes data]

  [1378 bytes data]

  [1378 bytes data]

  [2561 bytes data]

  [13814 bytes data]

  [2570 bytes data]

  [8597 bytes data]

  [7787 bytes data]

  [8588 bytes data]

  [7796 bytes data]

  [8579 bytes data]

  [7805 bytes data]

  [6270 bytes data]

  [10114 bytes data]

  [6261 bytes data]

  [6132 bytes data]

  [3991 bytes data]

  [12384 bytes data]

  [4000 bytes data]

  [9923 bytes data]

  [6461 bytes data]

  [9914 bytes data]

  [6470 bytes data]

  [9905 bytes data]

  [6479 bytes data]

  [8974 bytes data]

  [7410 bytes data]

  [8965 bytes data]

  [7419 bytes data]

  [5126 bytes data]

  [11258 bytes data]

  [5117 bytes data]

  [5664 bytes data]

  [5603 bytes data]

  [2656 bytes data]

  [13728 bytes data]

  [2647 bytes data]

  [13737 bytes data]

  [2638 bytes data]

  [13746 bytes data]

  [2629 bytes data]

  [3212 bytes data]

  [10543 bytes data]

  [5832 bytes data]

  [10552 bytes data]

  [615 bytes data]

  [15769 bytes data]

  [606 bytes data]

  [152 bytes data]

  [13780 bytes data]

  [1846 bytes data]

  [1369 bytes data]

  [5512 bytes data]

  [9503 bytes data]

  [6872 bytes data]

  [9512 bytes data]

  [6863 bytes data]

  [304 bytes data]

  [9217 bytes data]

  [7158 bytes data]

  [9226 bytes data]

  [7149 bytes data]

  [9235 bytes data]

  [7140 bytes data]

  [5968 bytes data]

  [3276 bytes data]

  [13099 bytes data]

  [3285 bytes data]

  [2370 bytes data]

  [14014 bytes data]

  [2361 bytes data]

  [14023 bytes data]

  [2352 bytes data]

  [304 bytes data]

  [13728 bytes data]

  [2647 bytes data]

  [8420 bytes data]

  [5317 bytes data]

  [8454 bytes data]

  [7930 bytes data]

  [7219 bytes data]

  [9165 bytes data]

  [7210 bytes data]

  [7042 bytes data]

  [2132 bytes data]

  [14243 bytes data]

  [2141 bytes data]

  [758 bytes data]

  [15610 bytes data]

  [765 bytes data]

  [7494 bytes data]

  [8125 bytes data]

  [8250 bytes data]

  [152 bytes data]

  [7982 bytes data]

  [3033 bytes data]

  [13351 bytes data]

  [3024 bytes data]

  [7042 bytes data]

  [6318 bytes data]

  [10057 bytes data]

  [6327 bytes data]

  [6218 bytes data]

  [10166 bytes data]

  [6209 bytes data]

  [152 bytes data]

  [10023 bytes data]

  [6352 bytes data]

  [10032 bytes data]

  [6343 bytes data]

  [10041 bytes data]

  [1278 bytes data]

  [15106 bytes data]

  [1269 bytes data]

  [11176 bytes data]

  [3939 bytes data]

  [12436 bytes data]

  [3948 bytes data]

  [8597 bytes data]

  [7787 bytes data]

  [8588 bytes data]

  [7796 bytes data]

  [1993 bytes data]

  [14391 bytes data]

  [758 bytes data]

  [1378 bytes data]

  [1378 bytes data]

  [6890 bytes data]

  [5980 bytes data]

  [10395 bytes data]

  [620 bytes data]

  [2756 bytes data]

  [2613 bytes data]

  [9780 bytes data]

  [5512 bytes data]

  [1092 bytes data]

  [1655 bytes data]

  [14729 bytes data]

  [1646 bytes data]

  [14738 bytes data]

  [1637 bytes data]

  [14747 bytes data]

  [1628 bytes data]

  [14756 bytes data]

  [1619 bytes data]

  [14765 bytes data]

  [1610 bytes data]

  [14774 bytes data]

  [1601 bytes data]

  [14783 bytes data]

  [1592 bytes data]

  [3820 bytes data]

  [6890 bytes data]

  [4082 bytes data]

  [12293 bytes data]

  [4091 bytes data]

  [12284 bytes data]

  [4100 bytes data]

  [9975 bytes data]

  [6409 bytes data]

  [9966 bytes data]

  [6418 bytes data]

  [9957 bytes data]

  [6427 bytes data]

  [2136 bytes data]

  [14248 bytes data]

  [2127 bytes data]

  [14257 bytes data]

  [2118 bytes data]

  [14266 bytes data]

  [2109 bytes data]

  [14275 bytes data]

  [2100 bytes data]

  [14284 bytes data]

  [2091 bytes data]

  [14293 bytes data]

  [2082 bytes data]

  [2758 bytes data]

  [11544 bytes data]

  [4831 bytes data]

  [11553 bytes data]

  [4822 bytes data]

  [11562 bytes data]

  [4813 bytes data]

  [11571 bytes data]

  [4804 bytes data]

  [11580 bytes data]

  [4795 bytes data]

  [11589 bytes data]

  [4786 bytes data]

  [11598 bytes data]

  [4777 bytes data]

  [11607 bytes data]

  [4768 bytes data]

  [11616 bytes data]

  [4759 bytes data]

  [11625 bytes data]

  [4750 bytes data]

  [11634 bytes data]

  [4741 bytes data]

  [11643 bytes data]

  [4732 bytes data]

  [11652 bytes data]

  [1655 bytes data]

  [14729 bytes data]

  [1646 bytes data]

  [14738 bytes data]

  [1637 bytes data]

  [14747 bytes data]

  [1628 bytes data]

  [11480 bytes data]

  [3276 bytes data]

  [13099 bytes data]

  [3285 bytes data]

  [13090 bytes data]

  [3294 bytes data]

  [8025 bytes data]

  [8268 bytes data]

  [91 bytes data]

  [16284 bytes data]

  [100 bytes data]

  [16275 bytes data]

  [109 bytes data]

  [11210 bytes data]

  [5174 bytes data]

  [11201 bytes data]

  [5183 bytes data]

  [5984 bytes data]

  [10400 bytes data]

  [5975 bytes data]

  [10409 bytes data]

  [3514 bytes data]

  [12870 bytes data]

  [3505 bytes data]

  [12879 bytes data]

  [3496 bytes data]

  [12888 bytes data]

  [277 bytes data]

  [16107 bytes data]

  [268 bytes data]

  [1530 bytes data]

  [14586 bytes data]

  [1789 bytes data]

  [14595 bytes data]

  [706 bytes data]

  [15158 bytes data]

  [520 bytes data]

  [15855 bytes data]

  [529 bytes data]

  [9260 bytes data]

  [7124 bytes data]

  [9251 bytes data]

  [5664 bytes data]

  [1469 bytes data]

  [9546 bytes data]

  [6838 bytes data]

  [43 bytes data]

  [12402 bytes data]

  [3939 bytes data]

  [11210 bytes data]

  [5174 bytes data]

  [8597 bytes data]

  [7787 bytes data]

  [8588 bytes data]

  [7796 bytes data]

  [1993 bytes data]

  [4134 bytes data]

  [5512 bytes data]

  [4745 bytes data]

  [758 bytes data]

  [5512 bytes data]

  [5512 bytes data]

  [1378 bytes data]

  [3224 bytes data]

  [2747 bytes data]

  [4134 bytes data]

  [9503 bytes data]

  [6872 bytes data]

  [1530 bytes data]

  [4134 bytes data]

  [1378 bytes data]

  [1378 bytes data]

  [1092 bytes data]

  [277 bytes data]

  [1378 bytes data]

  [1378 bytes data]

  [1378 bytes data]

  [11024 bytes data]

  [949 bytes data]

  [3176 bytes data]

  [11024 bytes data]

  [2184 bytes data]

  [10209 bytes data]

  [6175 bytes data]

  [10200 bytes data]

  [6184 bytes data]

  [4983 bytes data]

  [8268 bytes data]

  [3133 bytes data]

  [13242 bytes data]

  [152 bytes data]

  [2990 bytes data]

  [13385 bytes data]

  [152 bytes data]

  [2756 bytes data]

  [91 bytes data]

  [1278 bytes data]

  [1378 bytes data]

  [1378 bytes data]

  [1378 bytes data]

  [1378 bytes data]

  [1378 bytes data]

  [1378 bytes data]

  [1378 bytes data]

  [1378 bytes data]

  [1378 bytes data]

  [1378 bytes data]

  [1326 bytes data]

  [43 bytes data]

  [1378 bytes data]

  [1378 bytes data]

  [1378 bytes data]

  [1378 bytes data]

  [1378 bytes data]

  [1378 bytes data]

  [4134 bytes data]

  [1378 bytes data]

  [2561 bytes data]

  [2942 bytes data]

  [1378 bytes data]

  [8268 bytes data]

  [3796 bytes data]

  [3085 bytes data]

  [1378 bytes data]

  [1378 bytes data]

  [2756 bytes data]

  [4134 bytes data]

  [3653 bytes data]

  [8740 bytes data]

  [1378 bytes data]

  [1378 bytes data]

  [4888 bytes data]

  [615 bytes data]

  [1378 bytes data]

  [1378 bytes data]

  [1378 bytes data]

  [1378 bytes data]

  [1378 bytes data]

  [1378 bytes data]

  [1378 bytes data]

  [1378 bytes data]

  [1378 bytes data]

  [1378 bytes data]

  [1378 bytes data]

  [611 bytes data]

  [758 bytes data]

  [1378 bytes data]

  [1378 bytes data]

  [1378 bytes data]

  [1378 bytes data]

  [5512 bytes data]

  [2756 bytes data]

  [1846 bytes data]

  [1369 bytes data]

  [1378 bytes data]

  [1378 bytes data]

  [1378 bytes data]

  [1378 bytes data]

  [1378 bytes data]

  [1378 bytes data]

  [5512 bytes data]

  [1235 bytes data]

  [134 bytes data]

  [1378 bytes data]

  [1378 bytes data]

  [1378 bytes data]

  [1378 bytes data]

  [1378 bytes data]

  [1378 bytes data]

  [1378 bytes data]

  [1378 bytes data]

  [1378 bytes data]

  [1378 bytes data]

  [1378 bytes data]

  [1092 bytes data]

  [277 bytes data]

  [1378 bytes data]

  [4134 bytes data]

  [1378 bytes data]

  [1378 bytes data]

  [7839 bytes data]

  [5932 bytes data]

  [1378 bytes data]

  [1378 bytes data]

  [1378 bytes data]

  [1378 bytes data]

  [1378 bytes data]

  [1378 bytes data]

  [2184 bytes data]

  [8831 bytes data]

  [1378 bytes data]

  [1378 bytes data]

  [1378 bytes data]

  [1378 bytes data]

  [1378 bytes data]

  [663 bytes data]

  [706 bytes data]

  [1378 bytes data]

  [1378 bytes data]

  [1378 bytes data]

  [1378 bytes data]

  [2756 bytes data]

  [2756 bytes data]

  [1378 bytes data]

  [1378 bytes data]

  [1378 bytes data]

  [520 bytes data]

  [849 bytes data]

  [1378 bytes data]

  [1378 bytes data]

  [1378 bytes data]

  [1378 bytes data]

  [1378 bytes data]

  [1378 bytes data]

  [1378 bytes data]

  [1378 bytes data]

  [1378 bytes data]

  [1378 bytes data]

  [1378 bytes data]

  [377 bytes data]

  [992 bytes data]

  [1378 bytes data]

  [1378 bytes data]

  [1378 bytes data]

  [1378 bytes data]

  [1378 bytes data]

  [1378 bytes data]

  [1378 bytes data]

  [1378 bytes data]

  [1378 bytes data]

  [1378 bytes data]

  [1378 bytes data]

  [234 bytes data]

  [1135 bytes data]

  [1378 bytes data]

  [1378 bytes data]

  [1378 bytes data]

  [1378 bytes data]

  [1378 bytes data]

  [6890 bytes data]

  [1469 bytes data]

  [10924 bytes data]

  [1378 bytes data]

  [1378 bytes data]

  [2704 bytes data]

  [4177 bytes data]

  [1378 bytes data]

  [1378 bytes data]

  [1378 bytes data]

  [2756 bytes data]

  [1378 bytes data]

  [1378 bytes data]

  [1378 bytes data]

  [1183 bytes data]

  [5698 bytes data]

  [1378 bytes data]

  [1378 bytes data]

  [1378 bytes data]

  [1378 bytes data]

  [1378 bytes data]

  [1378 bytes data]

  [1378 bytes data]

  [1040 bytes data]

  [329 bytes data]

  [1378 bytes data]

  [1378 bytes data]

  [1378 bytes data]

  [1378 bytes data]

  [1378 bytes data]

  [1378 bytes data]

  [6890 bytes data]

  [897 bytes data]

  [3228 bytes data]

  [6890 bytes data]

  [1378 bytes data]

  [1378 bytes data]

  [1378 bytes data]

  [1378 bytes data]

  [754 bytes data]

  [615 bytes data]

  [2756 bytes data]

  [2756 bytes data]

  [4134 bytes data]

  [1378 bytes data]

  [1378 bytes data]

  [1378 bytes data]

  [1378 bytes data]

  [611 bytes data]

  [758 bytes data]

  [1378 bytes data]

  [1378 bytes data]

  [1378 bytes data]

  [8268 bytes data]

  [3224 bytes data]

  [6881 bytes data]

  [1378 bytes data]

  [1378 bytes data]

  [1378 bytes data]

  [1378 bytes data]

  [1378 bytes data]

  [1378 bytes data]

  [1235 bytes data]

  [134 bytes data]

  [1378 bytes data]

  [4134 bytes data]

  [8268 bytes data]

  [1378 bytes data]

  [1092 bytes data]

  [7167 bytes data]

  [1378 bytes data]

  [1378 bytes data]

  [1378 bytes data]

  [1378 bytes data]

  [3705 bytes data]

  [8688 bytes data]

  [1378 bytes data]

  [1378 bytes data]

  [1378 bytes data]

  [1378 bytes data]

  [1378 bytes data]

  [806 bytes data]

  [563 bytes data]

  [8268 bytes data]

  [1378 bytes data]

  [1378 bytes data]

  [4797 bytes data]

  [6218 bytes data]

  [8268 bytes data]

  [1898 bytes data]

  [849 bytes data]

  [1378 bytes data]

  [1378 bytes data]

  [1378 bytes data]

  [1378 bytes data]

  [4134 bytes data]

  [5889 bytes data]

  [3748 bytes data]

  [1378 bytes data]

  [1378 bytes data]

  [1378 bytes data]

  [1378 bytes data]

  [1378 bytes data]

  [1378 bytes data]

  [1378 bytes data]

  [1378 bytes data]

  [1378 bytes data]

  [234 bytes data]

  [1135 bytes data]

  [1378 bytes data]

  [1378 bytes data]

  [1378 bytes data]

  [1378 bytes data]

  [1378 bytes data]

  [1378 bytes data]

  [1378 bytes data]

  [1378 bytes data]

  [1378 bytes data]

  [1378 bytes data]

  [1378 bytes data]

  [91 bytes data]

  [1278 bytes data]

  [15106 bytes data]

  [1269 bytes data]

  [152 bytes data]

  [1378 bytes data]

  [1378 bytes data]

  [1378 bytes data]

  [1378 bytes data]

  [6890 bytes data]

  [2561 bytes data]

  [2942 bytes data]

  [5512 bytes data]

  [1378 bytes data]

  [1378 bytes data]

  [1378 bytes data]

  [1378 bytes data]

  [1378 bytes data]

  [1040 bytes data]

  [329 bytes data]

  [1378 bytes data]

  [1378 bytes data]

  [1378 bytes data]

  [1378 bytes data]

  [1378 bytes data]

  [1378 bytes data]

  [1378 bytes data]

  [1378 bytes data]

  [1378 bytes data]

  [2756 bytes data]

  [897 bytes data]

  [472 bytes data]

  [6890 bytes data]

  [6890 bytes data]

  [2132 bytes data]

  [1993 bytes data]

  [5512 bytes data]

  [1378 bytes data]

  [1378 bytes data]

  [1378 bytes data]

  [1378 bytes data]

  [1378 bytes data]

  [1378 bytes data]

  [611 bytes data]

  [758 bytes data]

  [1378 bytes data]

  [1378 bytes data]

  [1378 bytes data]

  [1378 bytes data]

  [1378 bytes data]

  [8268 bytes data]

  [452 bytes data]

  [1369 bytes data]

  [1378 bytes data]

  [1378 bytes data]

  [5512 bytes data]

  [1378 bytes data]

  [1378 bytes data]

  [1378 bytes data]

  [1378 bytes data]

  [1235 bytes data]

  [134 bytes data]

  [1378 bytes data]

  [1378 bytes data]

  [1378 bytes data]

  [1378 bytes data]

  [8268 bytes data]

  [1378 bytes data]

  [1092 bytes data]

  [277 bytes data]

  [1378 bytes data]

  [1378 bytes data]

  [1378 bytes data]

  [1378 bytes data]

  [1378 bytes data]

  [9217 bytes data]

  [420 bytes data]

  [4134 bytes data]

  [1378 bytes data]

  [1378 bytes data]

  [9074 bytes data]

  [7301 bytes data]

  [8420 bytes data]

  [663 bytes data]

  [11730 bytes data]

  [4654 bytes data]

  [6361 bytes data]

  [1378 bytes data]

  [1378 bytes data]

  [1378 bytes data]

  [1378 bytes data]

  [1378 bytes data]

  [1378 bytes data]

  [1378 bytes data]

  [377 bytes data]

  [992 bytes data]

  [2756 bytes data]

  [1378 bytes data]

  [6890 bytes data]

  [1378 bytes data]

  [1378 bytes data]

  [1378 bytes data]

  [234 bytes data]

  [1135 bytes data]

  [1378 bytes data]

  [1378 bytes data]

  [1378 bytes data]

  [1378 bytes data]

  [1378 bytes data]

  [1378 bytes data]

  [1378 bytes data]

  [1378 bytes data]

  [1378 bytes data]

  [1378 bytes data]

  [1378 bytes data]

  [91 bytes data]

  [4034 bytes data]

  [4134 bytes data]

  [1378 bytes data]

  [1378 bytes data]

  [1378 bytes data]

  [1378 bytes data]

  [1378 bytes data]

  [1326 bytes data]

  [5555 bytes data]

  [4134 bytes data]

  [1378 bytes data]

  [1378 bytes data]

  [1378 bytes data]

  [1378 bytes data]

  [1183 bytes data]

  [186 bytes data]

  [1378 bytes data]

  [1378 bytes data]

  [1378 bytes data]

  [1378 bytes data]

  [4134 bytes data]

  [5512 bytes data]

  [1040 bytes data]

  [329 bytes data]

  [1378 bytes data]

  [1378 bytes data]

  [1378 bytes data]

  [1378 bytes data]

  [5512 bytes data]

  [1378 bytes data]

  [3653 bytes data]

  [12722 bytes data]

  [152 bytes data]

  [3510 bytes data]

  [6127 bytes data]

  [10257 bytes data]

  [6118 bytes data]

  [10266 bytes data]

  [16375 bytes data]

  [9 bytes data]

  [16366 bytes data]

  [18 bytes data]

  [16357 bytes data]

  [27 bytes data]

  [16348 bytes data]

  [36 bytes data]

  [16339 bytes data]

  [45 bytes data]

  [3462 bytes data]

  [6890 bytes data]

  [6032 bytes data]

  [3605 bytes data]

  [12779 bytes data]

  [3596 bytes data]

  [12554 bytes data]

  [234 bytes data]

  [8025 bytes data]

  [8268 bytes data]

  [91 bytes data]

  [16284 bytes data]

  [100 bytes data]

  [4177 bytes data]

  [1378 bytes data]

  [1378 bytes data]

  [9451 bytes data]

  [6924 bytes data]

  [9460 bytes data]

  [6915 bytes data]

  [9469 bytes data]

  [5984 bytes data]

  [4134 bytes data]

  [6266 bytes data]

  [10109 bytes data]

  [6275 bytes data]

  [6270 bytes data]

  [2756 bytes data]

  [4134 bytes data]

  [1378 bytes data]

  [1846 bytes data]

  [14529 bytes data]

  [1855 bytes data]

  [14520 bytes data]

  [1864 bytes data]

  [3033 bytes data]

  [13351 bytes data]

  [3024 bytes data]

  [13360 bytes data]

  [3015 bytes data]

  [13369 bytes data]

  [2084 bytes data]

  [12402 bytes data]

  [1898 bytes data]

  [14477 bytes data]

  [1907 bytes data]

  [14468 bytes data]

  [1916 bytes data]

  [13537 bytes data]

  [2847 bytes data]

  [8168 bytes data]

  [1378 bytes data]

  [6838 bytes data]

  [9537 bytes data]

  [6847 bytes data]

  [9528 bytes data]

  [6856 bytes data]

  [9519 bytes data]

  [6865 bytes data]

  [9510 bytes data]

  [6874 bytes data]

  [9501 bytes data]

  [6883 bytes data]

  [9492 bytes data]

  [6892 bytes data]

  [6881 bytes data]

  [6890 bytes data]

  [1378 bytes data]

  [1235 bytes data]

  [12536 bytes data]

  [1378 bytes data]

  [2470 bytes data]

  [13905 bytes data]

  [2479 bytes data]

  [4554 bytes data]

  [9646 bytes data]

  [2184 bytes data]

  [6075 bytes data]

  [5512 bytes data]

  [1378 bytes data]

  [3419 bytes data]

  [8974 bytes data]

  [4134 bytes data]

  [2756 bytes data]

  [520 bytes data]

  [849 bytes data]

  [1378 bytes data]

  [2756 bytes data]

  [5512 bytes data]

  [5889 bytes data]

  [10486 bytes data]

  [5898 bytes data]

  [10477 bytes data]

  [304 bytes data]

  [5603 bytes data]

  [10772 bytes data]

  [5612 bytes data]

  [10763 bytes data]

  [5621 bytes data]

  [5698 bytes data]

  [10686 bytes data]

  [5689 bytes data]

  [8420 bytes data]

  [1378 bytes data]

  [897 bytes data]

  [15478 bytes data]

  [906 bytes data]

  [8883 bytes data]

  [7501 bytes data]

  [8874 bytes data]

  [7510 bytes data]

  [8865 bytes data]

  [6284 bytes data]

  [1235 bytes data]

  [1512 bytes data]

  [14872 bytes data]

  [1503 bytes data]

  [14881 bytes data]

  [1494 bytes data]

  [14890 bytes data]

  [1485 bytes data]

  [3212 bytes data]

  [6890 bytes data]

  [4797 bytes data]

  [11578 bytes data]

  [152 bytes data]

  [4654 bytes data]

  [3605 bytes data]

  [1378 bytes data]

  [1378 bytes data]

  [1378 bytes data]

  [5512 bytes data]

  [3133 bytes data]

  [5126 bytes data]

  [1378 bytes data]

  [1378 bytes data]

  [1378 bytes data]

  [1378 bytes data]

  [1378 bytes data]

  [1378 bytes data]

  [1378 bytes data]

  [1378 bytes data]

  [234 bytes data]

  [1135 bytes data]

  [2756 bytes data]

  [4134 bytes data]

  [4134 bytes data]

  [1378 bytes data]

  [2847 bytes data]

  [1278 bytes data]

  [15106 bytes data]

  [1269 bytes data]

  [15115 bytes data]

  [1260 bytes data]

  [3060 bytes data]

  [12064 bytes data]

  [329 bytes data]

  [8268 bytes data]

  [7787 bytes data]

  [1850 bytes data]

  [1378 bytes data]

  [1378 bytes data]

  [9646 bytes data]

  [1378 bytes data]

  [754 bytes data]

  [615 bytes data]

  [1378 bytes data]

  [1378 bytes data]

  [5512 bytes data]

  [1378 bytes data]

  [1378 bytes data]

  [1378 bytes data]

  [1378 bytes data]

  [1378 bytes data]

  [611 bytes data]

  [758 bytes data]

  [1378 bytes data]

  [11024 bytes data]

  [1378 bytes data]

  [1846 bytes data]

  [16375 bytes data]

  [9 bytes data]

  [16366 bytes data]

  [18 bytes data]

  [16357 bytes data]

  [27 bytes data]

  [16348 bytes data]

  [36 bytes data]

  [16339 bytes data]

  [45 bytes data]

  [16330 bytes data]

  [54 bytes data]

  [16321 bytes data]

  [63 bytes data]

  [16312 bytes data]

  [72 bytes data]

  [16303 bytes data]

  [81 bytes data]

  [16294 bytes data]

  [90 bytes data]

  [16285 bytes data]

  [99 bytes data]

  [16276 bytes data]

  [108 bytes data]

  [16267 bytes data]

  [117 bytes data]

  [16258 bytes data]

  [126 bytes data]

  [16249 bytes data]

  [135 bytes data]

  [16240 bytes data]

  [144 bytes data]

  [16231 bytes data]

  [144 bytes data]

  [9 bytes data]

  [16366 bytes data]

  [18 bytes data]

  [16357 bytes data]

  [27 bytes data]

  [16348 bytes data]

  [36 bytes data]

  [16339 bytes data]

  [45 bytes data]

  [16330 bytes data]

  [54 bytes data]

  [16321 bytes data]

  [63 bytes data]

  [16312 bytes data]

  [72 bytes data]

  [16303 bytes data]

  [81 bytes data]

  [16294 bytes data]

  [90 bytes data]

  [16285 bytes data]

  [99 bytes data]

  [16276 bytes data]

  [108 bytes data]

  [16267 bytes data]

  [117 bytes data]

  [16258 bytes data]

  [126 bytes data]

  [16249 bytes data]

  [135 bytes data]

  [16240 bytes data]

  [144 bytes data]

  [16375 bytes data]

  [9 bytes data]

  [16366 bytes data]

  [18 bytes data]

  [16357 bytes data]

  [27 bytes data]

  [16348 bytes data]

  [36 bytes data]

  [16339 bytes data]

  [45 bytes data]

  [16330 bytes data]

  [54 bytes data]

  [16321 bytes data]

  [63 bytes data]

  [16312 bytes data]

  [72 bytes data]

  [16303 bytes data]

  [81 bytes data]

  [16294 bytes data]

  [90 bytes data]

  [16285 bytes data]

  [99 bytes data]

  [16276 bytes data]

  [108 bytes data]

  [16267 bytes data]

  [117 bytes data]

  [16258 bytes data]

  [126 bytes data]

  [16249 bytes data]

  [135 bytes data]

  [16240 bytes data]

  [128 bytes data]

  [16375 bytes data]

  [9 bytes data]

  [16366 bytes data]

  [18 bytes data]

  [16357 bytes data]

  [27 bytes data]

  [16348 bytes data]

  [36 bytes data]

  [16339 bytes data]

  [45 bytes data]

  [16330 bytes data]

  [54 bytes data]

  [16321 bytes data]

  [63 bytes data]

  [16312 bytes data]

  [72 bytes data]

  [16303 bytes data]

  [81 bytes data]

  [16294 bytes data]

  [90 bytes data]

  [16285 bytes data]

  [99 bytes data]

  [16276 bytes data]

  [108 bytes data]

  [16267 bytes data]

  [117 bytes data]

  [16258 bytes data]

  [126 bytes data]

  [16249 bytes data]

  [135 bytes data]

  [16240 bytes data]

  [144 bytes data]

  [16231 bytes data]

  [153 bytes data]

  [12536 bytes data]

  [3848 bytes data]

  [12527 bytes data]

  [3857 bytes data]

  [12518 bytes data]

  [3866 bytes data]

  [12509 bytes data]

  [3875 bytes data]

  [12500 bytes data]

  [3884 bytes data]

  [12491 bytes data]

  [3893 bytes data]

  [12482 bytes data]

  [3902 bytes data]

  [5269 bytes data]

  [1378 bytes data]

  [2756 bytes data]

  [2756 bytes data]

  [2756 bytes data]

  [1469 bytes data]

  [4034 bytes data]

  [5512 bytes data]

  [2756 bytes data]

  [4082 bytes data]

  [2799 bytes data]

  [8268 bytes data]

  [1378 bytes data]

  [3939 bytes data]

  [12436 bytes data]

  [3948 bytes data]

  [329 bytes data]

  [16055 bytes data]

  [320 bytes data]

  [16064 bytes data]

  [311 bytes data]

  [15462 bytes data]

  [611 bytes data]

  [15764 bytes data]

  [620 bytes data]

  [15755 bytes data]

  [629 bytes data]

  [15746 bytes data]

  [638 bytes data]

  [15737 bytes data]

  [647 bytes data]

  [15728 bytes data]

  [656 bytes data]

  [15719 bytes data]

  [665 bytes data]

  [15710 bytes data]

  [154 bytes data]

  [520 bytes data]

  [15855 bytes data]

  [529 bytes data]

  [15846 bytes data]

  [538 bytes data]

  [15837 bytes data]

  [547 bytes data]

  [5412 bytes data]

  [10972 bytes data]

  [5403 bytes data]

  [10981 bytes data]

  [5394 bytes data]

  [10990 bytes data]

  [5385 bytes data]

  [10999 bytes data]

  [5376 bytes data]

  [11008 bytes data]

  [5367 bytes data]

  [11017 bytes data]

  [5358 bytes data]

  [11026 bytes data]

  [5349 bytes data]

  [11035 bytes data]

  [5340 bytes data]

  [11044 bytes data]

  [5331 bytes data]

  [11053 bytes data]

  [5322 bytes data]

  [11062 bytes data]

  [5313 bytes data]

  [11071 bytes data]

  [5304 bytes data]

  [11080 bytes data]

  [5295 bytes data]

  [11089 bytes data]

  [5286 bytes data]

  [11098 bytes data]

  [5277 bytes data]

  [11107 bytes data]

  [5268 bytes data]

  [7034 bytes data]

  [4082 bytes data]

  [1421 bytes data]

  [2756 bytes data]

  [1378 bytes data]

  [1378 bytes data]

  [1378 bytes data]

  [1378 bytes data]

  [1378 bytes data]

  [1378 bytes data]

  [1378 bytes data]

  [1378 bytes data]

  [1183 bytes data]

  [186 bytes data]

  [9646 bytes data]

  [6552 bytes data]

  [9823 bytes data]

  [5664 bytes data]

  [897 bytes data]

  [472 bytes data]

  [1378 bytes data]

  [1378 bytes data]

  [1378 bytes data]

  [1378 bytes data]

  [1378 bytes data]

  [1378 bytes data]

  [1378 bytes data]

  [1378 bytes data]

  [1378 bytes data]

  [3510 bytes data]

  [10261 bytes data]

  [4134 bytes data]

  [1989 bytes data]

  [9026 bytes data]

  [2756 bytes data]

  [2756 bytes data]

  [1378 bytes data]

  [468 bytes data]

  [1369 bytes data]

  [1378 bytes data]

  [1378 bytes data]

  [1378 bytes data]

  [1378 bytes data]

  [1378 bytes data]

  [1378 bytes data]

  [1378 bytes data]

  [1378 bytes data]

  [1378 bytes data]

  [1378 bytes data]

  [1235 bytes data]

  [134 bytes data]

  [1378 bytes data]

  [1378 bytes data]

  [2756 bytes data]

  [1378 bytes data]

  [1378 bytes data]

  [1378 bytes data]

  [1378 bytes data]

  [1378 bytes data]

  [1378 bytes data]

  [1378 bytes data]

  [1092 bytes data]

  [9923 bytes data]

  [6461 bytes data]

  [9914 bytes data]

  [6470 bytes data]

  [9905 bytes data]

  [304 bytes data]

  [6175 bytes data]

  [10200 bytes data]

  [6184 bytes data]

  [10191 bytes data]

  [4438 bytes data]

  [1378 bytes data]

  [377 bytes data]

  [12016 bytes data]

  [4368 bytes data]

  [12007 bytes data]

  [4377 bytes data]

  [9546 bytes data]

  [6838 bytes data]

  [9537 bytes data]

  [6847 bytes data]

  [7076 bytes data]

  [9308 bytes data]

  [7067 bytes data]

  [4286 bytes data]

  [5031 bytes data]

  [1850 bytes data]

  [2756 bytes data]

  [5512 bytes data]

  [6266 bytes data]

  [10109 bytes data]

  [1530 bytes data]

  [4745 bytes data]

  [11630 bytes data]

  [4754 bytes data]

  [11621 bytes data]

  [4763 bytes data]

  [134 bytes data]

  [16250 bytes data]

  [125 bytes data]

  [16259 bytes data]

  [116 bytes data]

  [15462 bytes data]

  [806 bytes data]

  [1941 bytes data]

  [14443 bytes data]

  [1932 bytes data]

  [9798 bytes data]

  [4654 bytes data]

  [11721 bytes data]

  [4663 bytes data]

  [3748 bytes data]

  [12636 bytes data]

  [3739 bytes data]

  [152 bytes data]

  [12493 bytes data]

  [3882 bytes data]

  [8420 bytes data]

  [4082 bytes data]

  [9689 bytes data]

  [6695 bytes data]

  [9680 bytes data]

  [6704 bytes data]

  [9671 bytes data]

  [6713 bytes data]

  [9662 bytes data]

  [6722 bytes data]

  [9653 bytes data]

  [4742 bytes data]

  [1989 bytes data]

  [14386 bytes data]

  [1998 bytes data]

  [14377 bytes data]

  [2007 bytes data]

  [14368 bytes data]

  [2016 bytes data]

  [7167 bytes data]

  [9217 bytes data]

  [7158 bytes data]

  [9226 bytes data]

  [7149 bytes data]

  [9235 bytes data]

  [7140 bytes data]

  [9244 bytes data]

  [7131 bytes data]

  [9253 bytes data]

  [992 bytes data]

  [4134 bytes data]

  [11258 bytes data]

  [5117 bytes data]

  [11267 bytes data]

  [5108 bytes data]

  [11276 bytes data]

  [5099 bytes data]

  [11285 bytes data]

  [5090 bytes data]

  [11294 bytes data]

  [5081 bytes data]

  [11303 bytes data]

  [5072 bytes data]

  [11312 bytes data]

  [5063 bytes data]

  [11321 bytes data]

  [5054 bytes data]

  [11330 bytes data]

  [5045 bytes data]

  [11339 bytes data]

  [5036 bytes data]

  [11348 bytes data]

  [5027 bytes data]

  [11357 bytes data]

  [5018 bytes data]

  [11366 bytes data]

  [3319 bytes data]

  [13065 bytes data]

  [3310 bytes data]

  [13074 bytes data]

  [3301 bytes data]

  [13083 bytes data]

  [3292 bytes data]

  [8724 bytes data]

  [4368 bytes data]

  [12007 bytes data]

  [4377 bytes data]

  [11998 bytes data]

  [4386 bytes data]

  [11989 bytes data]

  [4395 bytes data]

  [1564 bytes data]

  [14820 bytes data]

  [1555 bytes data]

  [1530 bytes data]

  [13299 bytes data]

  [3076 bytes data]

  [7042 bytes data]

  [6266 bytes data]

  [10109 bytes data]

  [6275 bytes data]

  [10100 bytes data]

  [6268 bytes data]

  [10107 bytes data]

  [6277 bytes data]

  [10098 bytes data]

  [6286 bytes data]

  [10089 bytes data]

  [6295 bytes data]

  [10080 bytes data]

  [6304 bytes data]

  [10071 bytes data]

  [6313 bytes data]

  [7596 bytes data]

  [8788 bytes data]

  [7587 bytes data]

  [152 bytes data]

  [4134 bytes data]

  [4511 bytes data]

  [11864 bytes data]

  [4520 bytes data]

  [11855 bytes data]

  [4529 bytes data]

  [5412 bytes data]

  [10972 bytes data]

  [5403 bytes data]

  [10981 bytes data]

  [5394 bytes data]

  [10990 bytes data]

  [5385 bytes data]

  [3212 bytes data]

  [7787 bytes data]

  [8588 bytes data]

  [7796 bytes data]

  [1993 bytes data]

  [5512 bytes data]

  [8879 bytes data]

  [7496 bytes data]

  [152 bytes data]

  [8736 bytes data]

  [16375 bytes data]

  [9 bytes data]

  [16366 bytes data]

  [18 bytes data]

  [16357 bytes data]

  [27 bytes data]

  [16348 bytes data]

  [36 bytes data]

  [16339 bytes data]

  [45 bytes data]

  [16330 bytes data]

  [54 bytes data]

  [16321 bytes data]

  [63 bytes data]

  [16312 bytes data]

  [72 bytes data]

  [16303 bytes data]

  [81 bytes data]

  [16294 bytes data]

  [90 bytes data]

  [16285 bytes data]

  [99 bytes data]

  [16276 bytes data]

  [108 bytes data]

  [16267 bytes data]

  [117 bytes data]

  [16258 bytes data]

  [126 bytes data]

  [16249 bytes data]

  [135 bytes data]

  [16240 bytes data]

  [144 bytes data]

  [16375 bytes data]

  [9 bytes data]

  [16366 bytes data]

  [18 bytes data]

  [16357 bytes data]

  [27 bytes data]

  [16348 bytes data]

  [36 bytes data]

  [16339 bytes data]

  [45 bytes data]

  [16330 bytes data]

  [54 bytes data]

  [16321 bytes data]

  [63 bytes data]

  [16312 bytes data]

  [72 bytes data]

  [16303 bytes data]

  [81 bytes data]

  [16294 bytes data]

  [90 bytes data]

  [16285 bytes data]

  [99 bytes data]

  [16276 bytes data]

  [108 bytes data]

  [16267 bytes data]

  [117 bytes data]

  [16258 bytes data]

  [126 bytes data]

  [16249 bytes data]

  [135 bytes data]

  [16240 bytes data]

  [144 bytes data]

  [16375 bytes data]

  [9 bytes data]

  [16366 bytes data]

  [18 bytes data]

  [16357 bytes data]

  [27 bytes data]

  [16348 bytes data]

  [36 bytes data]

  [16339 bytes data]

  [45 bytes data]

  [16330 bytes data]

  [54 bytes data]

  [16321 bytes data]

  [63 bytes data]

  [16312 bytes data]

  [72 bytes data]

  [16303 bytes data]

  [81 bytes data]

  [16294 bytes data]

  [90 bytes data]

  [16285 bytes data]

  [99 bytes data]

  [16276 bytes data]

  [108 bytes data]

  [16267 bytes data]

  [117 bytes data]

  [16258 bytes data]

  [126 bytes data]

  [16249 bytes data]

  [135 bytes data]

  [16240 bytes data]

  [144 bytes data]

  [16375 bytes data]

  [9 bytes data]

  [16366 bytes data]

  [18 bytes data]

  [16357 bytes data]

  [27 bytes data]

  [16348 bytes data]

  [36 bytes data]

  [16339 bytes data]

  [45 bytes data]

  [16330 bytes data]

  [54 bytes data]

  [16321 bytes data]

  [63 bytes data]

  [16312 bytes data]

  [72 bytes data]

  [16303 bytes data]

  [81 bytes data]

  [16294 bytes data]

  [90 bytes data]

  [16285 bytes data]

  [99 bytes data]

  [16276 bytes data]

  [108 bytes data]

  [16267 bytes data]

  [117 bytes data]

  [16258 bytes data]

  [126 bytes data]

  [16249 bytes data]

  [135 bytes data]

  [16240 bytes data]

  [144 bytes data]

  [16231 bytes data]

  [144 bytes data]

  [9 bytes data]

  [16366 bytes data]

  [18 bytes data]

  [16357 bytes data]

  [27 bytes data]

  [16348 bytes data]

  [36 bytes data]

  [16339 bytes data]

  [45 bytes data]

  [16330 bytes data]

  [54 bytes data]

  [16321 bytes data]

  [63 bytes data]

  [16312 bytes data]

  [72 bytes data]

  [16303 bytes data]

  [81 bytes data]

  [16294 bytes data]

  [90 bytes data]

  [16285 bytes data]

  [99 bytes data]

  [16276 bytes data]

  [108 bytes data]

  [16267 bytes data]

  [117 bytes data]

  [16258 bytes data]

  [126 bytes data]

  [16249 bytes data]

  [135 bytes data]

  [16240 bytes data]

  [144 bytes data]

  [16231 bytes data]

  [153 bytes data]

  [16222 bytes data]

  [162 bytes data]

  [4411 bytes data]

  [11973 bytes data]

  [4402 bytes data]

  [4286 bytes data]

  [7696 bytes data]

  [8679 bytes data]

  [7705 bytes data]

  [2084 bytes data]

  [14300 bytes data]

  [2075 bytes data]

  [5664 bytes data]

  [8645 bytes data]

  [7730 bytes data]

  [8654 bytes data]

  [7721 bytes data]

  [8663 bytes data]

  [2656 bytes data]

  [8268 bytes data]

  [5460 bytes data]

  [10915 bytes data]

  [5469 bytes data]

  [9832 bytes data]

  [6552 bytes data]

  [9823 bytes data]

  [6561 bytes data]

  [9814 bytes data]

  [6570 bytes data]

  [9805 bytes data]

  [6579 bytes data]

  [9796 bytes data]

  [6588 bytes data]

  [5503 bytes data]

  [10881 bytes data]

  [5494 bytes data]

  [1530 bytes data]

  [9360 bytes data]

  [4411 bytes data]

  [11973 bytes data]

  [3176 bytes data]

  [13208 bytes data]

  [3167 bytes data]

  [1530 bytes data]

  [11687 bytes data]

  [4688 bytes data]

  [7042 bytes data]

  [1378 bytes data]

  [3276 bytes data]

  [11873 bytes data]

  [4511 bytes data]

  [11864 bytes data]

  [4520 bytes data]

  [11855 bytes data]

  [4438 bytes data]

  [91 bytes data]

  [16284 bytes data]

  [100 bytes data]

  [16275 bytes data]

  [109 bytes data]

  [5698 bytes data]

  [10686 bytes data]

  [5689 bytes data]

  [1530 bytes data]

  [4134 bytes data]

  [2756 bytes data]

  [2275 bytes data]

  [14100 bytes data]

  [2284 bytes data]

  [7505 bytes data]

  [8879 bytes data]

  [758 bytes data]

  [15610 bytes data]

  [765 bytes data]

  [15619 bytes data]

  [756 bytes data]

  [756 bytes data]

  [14872 bytes data]

  [1503 bytes data]

  [14881 bytes data]

  [1494 bytes data]

  [11328 bytes data]

  [3562 bytes data]

  [12813 bytes data]

  [3571 bytes data]

  [2084 bytes data]

  [14300 bytes data]

  [2075 bytes data]

  [14309 bytes data]

  [2066 bytes data]

  [14318 bytes data]

  [2057 bytes data]

  [14236 bytes data]

  [91 bytes data]

  [5412 bytes data]

  [2756 bytes data]

  [2756 bytes data]

  [2756 bytes data]

  [2704 bytes data]

  [13671 bytes data]

  [2713 bytes data]

  [5698 bytes data]

  [1378 bytes data]

  [9308 bytes data]

  [7067 bytes data]

  [9317 bytes data]

  [7058 bytes data]

  [9326 bytes data]

  [3371 bytes data]

  [13013 bytes data]

  [2136 bytes data]

  [14248 bytes data]

  [2127 bytes data]

  [14257 bytes data]

  [1512 bytes data]

  [14872 bytes data]

  [1503 bytes data]

  [14881 bytes data]

  [1494 bytes data]

  [9950 bytes data]

  [4940 bytes data]

  [7453 bytes data]

  [8931 bytes data]

  [7444 bytes data]

  [8940 bytes data]

  [7435 bytes data]

  [8949 bytes data]

  [7426 bytes data]

  [8958 bytes data]

  [5269 bytes data]

  [11115 bytes data]

  [5260 bytes data]

  [11124 bytes data]

  [5251 bytes data]

  [11133 bytes data]

  [186 bytes data]

  [16198 bytes data]

  [177 bytes data]

  [152 bytes data]

  [16055 bytes data]

  [320 bytes data]

  [16064 bytes data]

  [311 bytes data]

  [304 bytes data]

  [15769 bytes data]

  [606 bytes data]

  [15778 bytes data]

  [16375 bytes data]

  [9 bytes data]

  [16366 bytes data]

  [18 bytes data]

  [16357 bytes data]

  [27 bytes data]

  [16348 bytes data]

  [36 bytes data]

  [16339 bytes data]

  [45 bytes data]

  [16330 bytes data]

  [54 bytes data]

  [16321 bytes data]

  [63 bytes data]

  [16312 bytes data]

  [72 bytes data]

  [16303 bytes data]

  [81 bytes data]

  [16294 bytes data]

  [90 bytes data]

  [16285 bytes data]

  [99 bytes data]

  [16276 bytes data]

  [108 bytes data]

  [16267 bytes data]

  [117 bytes data]

  [16258 bytes data]

  [126 bytes data]

  [16249 bytes data]

  [135 bytes data]

  [16240 bytes data]

  [144 bytes data]

  [16375 bytes data]

  [9 bytes data]

  [16366 bytes data]

  [18 bytes data]

  [16357 bytes data]

  [27 bytes data]

  [16348 bytes data]

  [36 bytes data]

  [16339 bytes data]

  [45 bytes data]

  [16330 bytes data]

  [54 bytes data]

  [16321 bytes data]

  [63 bytes data]

  [16312 bytes data]

  [72 bytes data]

  [16303 bytes data]

  [81 bytes data]

  [16294 bytes data]

  [90 bytes data]

  [16285 bytes data]

  [99 bytes data]

  [16276 bytes data]

  [108 bytes data]

  [16267 bytes data]

  [117 bytes data]

  [16258 bytes data]

  [126 bytes data]

  [16249 bytes data]

  [135 bytes data]

  [16240 bytes data]

  [144 bytes data]

  [16231 bytes data]

  [153 bytes data]

  [16222 bytes data]

  [162 bytes data]

  [16213 bytes data]

  [144 bytes data]

  [27 bytes data]

  [16348 bytes data]

  [36 bytes data]

  [16339 bytes data]

  [45 bytes data]

  [16330 bytes data]

  [54 bytes data]

  [16321 bytes data]

  [63 bytes data]

  [16312 bytes data]

  [72 bytes data]

  [16303 bytes data]

  [81 bytes data]

  [16294 bytes data]

  [90 bytes data]

  [16285 bytes data]

  [99 bytes data]

  [16276 bytes data]

  [108 bytes data]

  [16267 bytes data]

  [117 bytes data]

  [16258 bytes data]

  [126 bytes data]

  [16249 bytes data]

  [135 bytes data]

  [16240 bytes data]

  [144 bytes data]

  [16231 bytes data]

  [144 bytes data]

  [9 bytes data]

  [16366 bytes data]

  [18 bytes data]

  [16357 bytes data]

  [27 bytes data]

  [16348 bytes data]

  [36 bytes data]

  [16339 bytes data]

  [45 bytes data]

  [16330 bytes data]

  [54 bytes data]

  [16321 bytes data]

  [63 bytes data]

  [16312 bytes data]

  [72 bytes data]

  [16303 bytes data]

  [81 bytes data]

  [16294 bytes data]

  [90 bytes data]

  [16285 bytes data]

  [99 bytes data]

  [16276 bytes data]

  [108 bytes data]

  [16267 bytes data]

  [117 bytes data]

  [16258 bytes data]

  [126 bytes data]

  [16249 bytes data]

  [135 bytes data]

  [16240 bytes data]

  [144 bytes data]

  [2747 bytes data]

  [2756 bytes data]

  [10881 bytes data]

  [4268 bytes data]

  [12116 bytes data]

  [4259 bytes data]

  [12125 bytes data]

  [1798 bytes data]

  [14586 bytes data]

  [1789 bytes data]

  [14595 bytes data]

  [706 bytes data]

  [15678 bytes data]

  [697 bytes data]

  [9798 bytes data]

  [1378 bytes data]

  [2756 bytes data]

  [1755 bytes data]

  [992 bytes data]

  [2756 bytes data]

  [12636 bytes data]

  [3739 bytes data]

  [1530 bytes data]

  [5512 bytes data]

  [5603 bytes data]

  [10772 bytes data]

  [2908 bytes data]

  [2704 bytes data]

  [13671 bytes data]

  [2713 bytes data]

  [13662 bytes data]

  [2722 bytes data]

  [9975 bytes data]

  [6409 bytes data]

  [9966 bytes data]

  [6418 bytes data]

  [9957 bytes data]

  [304 bytes data]

  [6123 bytes data]

  [10252 bytes data]

  [6132 bytes data]

  [8259 bytes data]

  [8125 bytes data]

  [2890 bytes data]

  [13494 bytes data]

  [2881 bytes data]

  [13503 bytes data]

  [2872 bytes data]

  [9950 bytes data]

  [3562 bytes data]

  [12813 bytes data]

  [3571 bytes data]

  [12804 bytes data]

  [3060 bytes data]

  [520 bytes data]

  [15855 bytes data]

  [529 bytes data]

  [12016 bytes data]

  [4368 bytes data]

  [10781 bytes data]

  [5603 bytes data]

  [6790 bytes data]

  [9594 bytes data]

  [6781 bytes data]

  [9603 bytes data]

  [6772 bytes data]

  [9612 bytes data]

  [6763 bytes data]

  [5968 bytes data]

  [1378 bytes data]

  [2275 bytes data]

  [14100 bytes data]

  [2284 bytes data]

  [14091 bytes data]

  [2293 bytes data]

  [3514 bytes data]

  [12854 bytes data]

  [3521 bytes data]

  [12863 bytes data]

  [3512 bytes data]

  [4890 bytes data]

  [7982 bytes data]

  [8393 bytes data]

  [7991 bytes data]

  [8384 bytes data]

  [8000 bytes data]

  [3319 bytes data]

  [13065 bytes data]

  [3310 bytes data]

  [1530 bytes data]

  [11544 bytes data]

  [2227 bytes data]

  [14157 bytes data]

  [2218 bytes data]

  [13932 bytes data]

  [234 bytes data]

  [16141 bytes data]

  [243 bytes data]

  [16132 bytes data]

  [252 bytes data]

  [2799 bytes data]

  [13585 bytes data]

  [2790 bytes data]

  [13594 bytes data]

  [2781 bytes data]

  [9950 bytes data]

  [3653 bytes data]

  [12722 bytes data]

  [3662 bytes data]

  [11639 bytes data]

  [4745 bytes data]

  [11630 bytes data]

  [4754 bytes data]

  [11621 bytes data]

  [4763 bytes data]

  [11612 bytes data]

  [4772 bytes data]

  [11603 bytes data]

  [4781 bytes data]

  [11594 bytes data]

  [4790 bytes data]

  [1941 bytes data]

  [14443 bytes data]

  [1932 bytes data]

  [14452 bytes data]

  [1923 bytes data]

  [8572 bytes data]

  [5889 bytes data]

  [10486 bytes data]

  [2908 bytes data]

  [2990 bytes data]

  [13385 bytes data]

  [2999 bytes data]

  [13376 bytes data]

  [3008 bytes data]

  [13367 bytes data]

  [3017 bytes data]

  [2942 bytes data]

  [13442 bytes data]

  [2933 bytes data]

  [13451 bytes data]

  [2924 bytes data]

  [1682 bytes data]

  [11778 bytes data]

  [4597 bytes data]

  [5664 bytes data]

  [6123 bytes data]

  [6270 bytes data]

  [2756 bytes data]

  [1378 bytes data]

  [1378 bytes data]

  [2756 bytes data]

  [1846 bytes data]

  [16375 bytes data]

  [9 bytes data]

  [16366 bytes data]

  [18 bytes data]

  [16357 bytes data]

  [27 bytes data]

  [16348 bytes data]

  [36 bytes data]

  [16339 bytes data]

  [45 bytes data]

  [16330 bytes data]

  [54 bytes data]

  [16321 bytes data]

  [63 bytes data]

  [16312 bytes data]

  [72 bytes data]

  [16303 bytes data]

  [81 bytes data]

  [16294 bytes data]

  [90 bytes data]

  [16285 bytes data]

  [99 bytes data]

  [16276 bytes data]

  [108 bytes data]

  [16267 bytes data]

  [117 bytes data]

  [16258 bytes data]

  [126 bytes data]

  [16249 bytes data]

  [135 bytes data]

  [16240 bytes data]

  [144 bytes data]

  [16231 bytes data]

  [144 bytes data]

  [9 bytes data]

  [16366 bytes data]

  [18 bytes data]

  [16357 bytes data]

  [27 bytes data]

  [16348 bytes data]

  [36 bytes data]

  [16339 bytes data]

  [45 bytes data]

  [16330 bytes data]

  [54 bytes data]

  [16321 bytes data]

  [63 bytes data]

  [16312 bytes data]

  [72 bytes data]

  [16303 bytes data]

  [81 bytes data]

  [16294 bytes data]

  [90 bytes data]

  [16285 bytes data]

  [99 bytes data]

  [16276 bytes data]

  [108 bytes data]

  [16267 bytes data]

  [117 bytes data]

  [16258 bytes data]

  [126 bytes data]

  [16249 bytes data]

  [135 bytes data]

  [16240 bytes data]

  [144 bytes data]

  [16375 bytes data]

  [9 bytes data]

  [16366 bytes data]

  [18 bytes data]

  [16357 bytes data]

  [27 bytes data]

  [16348 bytes data]

  [36 bytes data]

  [16339 bytes data]

  [45 bytes data]

  [16330 bytes data]

  [54 bytes data]

  [16321 bytes data]

  [63 bytes data]

  [16312 bytes data]

  [72 bytes data]

  [16303 bytes data]

  [81 bytes data]

  [16294 bytes data]

  [90 bytes data]

  [16285 bytes data]

  [99 bytes data]

  [16276 bytes data]

  [108 bytes data]

  [16267 bytes data]

  [117 bytes data]

  [16258 bytes data]

  [126 bytes data]

  [16249 bytes data]

  [135 bytes data]

  [16240 bytes data]

  [144 bytes data]

  [16375 bytes data]

  [9 bytes data]

  [16366 bytes data]

  [18 bytes data]

  [16357 bytes data]

  [27 bytes data]

  [16348 bytes data]

  [36 bytes data]

  [16339 bytes data]

  [45 bytes data]

  [16330 bytes data]

  [54 bytes data]

  [16321 bytes data]

  [63 bytes data]

  [16312 bytes data]

  [72 bytes data]

  [16303 bytes data]

  [81 bytes data]

  [16294 bytes data]

  [90 bytes data]

  [16285 bytes data]

  [99 bytes data]

  [16276 bytes data]

  [108 bytes data]

  [16267 bytes data]

  [117 bytes data]

  [16258 bytes data]

  [126 bytes data]

  [16249 bytes data]

  [135 bytes data]

  [16240 bytes data]

  [144 bytes data]

  [16375 bytes data]

  [9 bytes data]

  [16366 bytes data]

  [18 bytes data]

  [16357 bytes data]

  [27 bytes data]

  [16348 bytes data]

  [36 bytes data]

  [16339 bytes data]

  [45 bytes data]

  [16330 bytes data]

  [54 bytes data]

  [16321 bytes data]

  [63 bytes data]

  [16312 bytes data]

  [72 bytes data]

  [16303 bytes data]

  [81 bytes data]

  [16294 bytes data]

  [90 bytes data]

  [16285 bytes data]

  [99 bytes data]

  [16276 bytes data]

  [108 bytes data]

  [16267 bytes data]

  [117 bytes data]

  [16258 bytes data]

  [126 bytes data]

  [16249 bytes data]

  [135 bytes data]

  [16240 bytes data]

  [144 bytes data]

  [16231 bytes data]

  [153 bytes data]

  [16222 bytes data]

  [144 bytes data]

  [18 bytes data]

  [16357 bytes data]

  [27 bytes data]

  [16348 bytes data]

  [36 bytes data]

  [16339 bytes data]

  [45 bytes data]

  [16330 bytes data]

  [54 bytes data]

  [16321 bytes data]

  [63 bytes data]

  [16312 bytes data]

  [72 bytes data]

  [16303 bytes data]

  [81 bytes data]

  [16294 bytes data]

  [90 bytes data]

  [16285 bytes data]

  [99 bytes data]

  [16276 bytes data]

  [108 bytes data]

  [16267 bytes data]

  [117 bytes data]

  [16258 bytes data]

  [126 bytes data]

  [16249 bytes data]

  [135 bytes data]

  [16240 bytes data]

  [128 bytes data]

  [16247 bytes data]

  [137 bytes data]

  [16238 bytes data]

  [146 bytes data]

  [16229 bytes data]

  [128 bytes data]

  [27 bytes data]

  [16348 bytes data]

  [36 bytes data]

  [16339 bytes data]

  [45 bytes data]

  [16330 bytes data]

  [54 bytes data]

  [16321 bytes data]

  [63 bytes data]

  [16312 bytes data]

  [72 bytes data]

  [16303 bytes data]

  [81 bytes data]

  [16294 bytes data]

  [90 bytes data]

  [16285 bytes data]

  [99 bytes data]

  [16276 bytes data]

  [108 bytes data]

  [16267 bytes data]

  [117 bytes data]

  [16258 bytes data]

  [126 bytes data]

  [16249 bytes data]

  [135 bytes data]

  [16240 bytes data]

  [144 bytes data]

  [16231 bytes data]

  [144 bytes data]

  [9 bytes data]

  [16366 bytes data]

  [18 bytes data]

  [16357 bytes data]

  [27 bytes data]

  [16348 bytes data]

  [36 bytes data]

  [16339 bytes data]

  [45 bytes data]

  [16330 bytes data]

  [54 bytes data]

  [16321 bytes data]

  [63 bytes data]

  [16312 bytes data]

  [72 bytes data]

  [16303 bytes data]

  [81 bytes data]

  [16294 bytes data]

  [90 bytes data]

  [16285 bytes data]

  [99 bytes data]

  [16276 bytes data]

  [108 bytes data]

  [16267 bytes data]

  [117 bytes data]

  [16258 bytes data]

  [126 bytes data]

  [16249 bytes data]

  [135 bytes data]

  [16240 bytes data]

  [144 bytes data]

  [16231 bytes data]

  [144 bytes data]

  [9 bytes data]

  [16366 bytes data]

  [18 bytes data]

  [16357 bytes data]

  [27 bytes data]

  [16348 bytes data]

  [36 bytes data]

  [16339 bytes data]

  [45 bytes data]

  [16330 bytes data]

  [54 bytes data]

  [16321 bytes data]

  [63 bytes data]

  [16312 bytes data]

  [72 bytes data]

  [16303 bytes data]

  [81 bytes data]

  [16294 bytes data]

  [90 bytes data]

  [16285 bytes data]

  [99 bytes data]

  [16276 bytes data]

  [108 bytes data]

  [16267 bytes data]

  [117 bytes data]

  [16258 bytes data]

  [126 bytes data]

  [16249 bytes data]

  [135 bytes data]

  [16240 bytes data]

  [144 bytes data]

  [16375 bytes data]

  [9 bytes data]

  [16366 bytes data]

  [18 bytes data]

  [16357 bytes data]

  [27 bytes data]

  [16348 bytes data]

  [36 bytes data]

  [16339 bytes data]

  [45 bytes data]

  [16330 bytes data]

  [54 bytes data]

  [16321 bytes data]

  [63 bytes data]

  [16312 bytes data]

  [72 bytes data]

  [16303 bytes data]

  [81 bytes data]

  [16294 bytes data]

  [90 bytes data]

  [16285 bytes data]

  [99 bytes data]

  [16276 bytes data]

  [108 bytes data]

  [16267 bytes data]

  [117 bytes data]

  [16258 bytes data]

  [126 bytes data]

  [16249 bytes data]

  [135 bytes data]

  [16240 bytes data]

  [144 bytes data]

  [16375 bytes data]

  [9 bytes data]

  [16366 bytes data]

  [18 bytes data]

  [16357 bytes data]

  [27 bytes data]

  [16348 bytes data]

  [36 bytes data]

  [16339 bytes data]

  [45 bytes data]

  [16330 bytes data]

  [54 bytes data]

  [16321 bytes data]

  [63 bytes data]

  [16312 bytes data]

  [72 bytes data]

  [16303 bytes data]

  [81 bytes data]

  [16294 bytes data]

  [90 bytes data]

  [16285 bytes data]

  [99 bytes data]

  [16276 bytes data]

  [108 bytes data]

  [16267 bytes data]

  [117 bytes data]

  [16258 bytes data]

  [126 bytes data]

  [16249 bytes data]

  [135 bytes data]

  [16240 bytes data]

  [144 bytes data]

  [16375 bytes data]

  [9 bytes data]

  [16366 bytes data]

  [18 bytes data]

  [16357 bytes data]

  [27 bytes data]

  [16348 bytes data]

  [36 bytes data]

  [16339 bytes data]

  [45 bytes data]

  [16330 bytes data]

  [54 bytes data]

  [16321 bytes data]

  [63 bytes data]

  [16312 bytes data]

  [72 bytes data]

  [16303 bytes data]

  [81 bytes data]

  [16294 bytes data]

  [90 bytes data]

  [16285 bytes data]

  [99 bytes data]

  [16276 bytes data]

  [108 bytes data]

  [16267 bytes data]

  [117 bytes data]

  [16258 bytes data]

  [126 bytes data]

  [16249 bytes data]

  [135 bytes data]

  [16240 bytes data]

  [144 bytes data]

  [16375 bytes data]

  [9 bytes data]

  [16366 bytes data]

  [18 bytes data]

  [16357 bytes data]

  [27 bytes data]

  [16348 bytes data]

  [36 bytes data]

  [16339 bytes data]

  [45 bytes data]

  [16330 bytes data]

  [54 bytes data]

  [16321 bytes data]

  [63 bytes data]

  [16312 bytes data]

  [72 bytes data]

  [16303 bytes data]

  [81 bytes data]

  [16294 bytes data]

  [90 bytes data]

  [16285 bytes data]

  [99 bytes data]

  [16276 bytes data]

  [108 bytes data]

  [16267 bytes data]

  [117 bytes data]

  [16258 bytes data]

  [126 bytes data]

  [16249 bytes data]

  [135 bytes data]

  [16240 bytes data]

  [144 bytes data]

  [16375 bytes data]

  [9 bytes data]

  [16366 bytes data]

  [18 bytes data]

  [16357 bytes data]

  [27 bytes data]

  [16348 bytes data]

  [36 bytes data]

  [16339 bytes data]

  [45 bytes data]

  [16330 bytes data]

  [54 bytes data]

  [16321 bytes data]

  [63 bytes data]

  [16312 bytes data]

  [72 bytes data]

  [16303 bytes data]

  [81 bytes data]

  [16294 bytes data]

  [90 bytes data]

  [16285 bytes data]

  [99 bytes data]

  [16276 bytes data]

  [108 bytes data]

  [16267 bytes data]

  [117 bytes data]

  [16258 bytes data]

  [126 bytes data]

  [16249 bytes data]

  [135 bytes data]

  [16240 bytes data]

  [128 bytes data]

  [16375 bytes data]

  [9 bytes data]

  [16366 bytes data]

  [18 bytes data]

  [16357 bytes data]

  [27 bytes data]

  [16348 bytes data]

  [36 bytes data]

  [16339 bytes data]

  [45 bytes data]

  [16330 bytes data]

  [54 bytes data]

  [16321 bytes data]

  [63 bytes data]

  [16312 bytes data]

  [72 bytes data]

  [16303 bytes data]

  [81 bytes data]

  [16294 bytes data]

  [90 bytes data]

  [16285 bytes data]

  [99 bytes data]

  [16276 bytes data]

  [108 bytes data]

  [16267 bytes data]

  [117 bytes data]

  [16258 bytes data]

  [126 bytes data]

  [16249 bytes data]

  [135 bytes data]

  [16240 bytes data]

  [144 bytes data]

  [16231 bytes data]

  [153 bytes data]

  [16222 bytes data]

  [144 bytes data]

  [18 bytes data]

  [16357 bytes data]

  [27 bytes data]

  [16348 bytes data]

  [36 bytes data]

  [16339 bytes data]

  [45 bytes data]

  [16330 bytes data]

  [54 bytes data]

  [16321 bytes data]

  [63 bytes data]

  [16312 bytes data]

  [72 bytes data]

  [16303 bytes data]

  [81 bytes data]

  [16294 bytes data]

  [90 bytes data]

  [16285 bytes data]

  [99 bytes data]

  [16276 bytes data]

  [108 bytes data]

  [16267 bytes data]

  [117 bytes data]

  [16258 bytes data]

  [126 bytes data]

  [16249 bytes data]

  [135 bytes data]

  [16240 bytes data]

  [144 bytes data]

  [16375 bytes data]

  [9 bytes data]

  [16366 bytes data]

  [18 bytes data]

  [16357 bytes data]

  [27 bytes data]

  [16348 bytes data]

  [36 bytes data]

  [16339 bytes data]

  [45 bytes data]

  [16330 bytes data]

  [54 bytes data]

  [16321 bytes data]

  [63 bytes data]

  [16312 bytes data]

  [72 bytes data]

  [16303 bytes data]

  [81 bytes data]

  [16294 bytes data]

  [90 bytes data]

  [16285 bytes data]

  [99 bytes data]

  [16276 bytes data]

  [108 bytes data]

  [16267 bytes data]

  [117 bytes data]

  [16258 bytes data]

  [126 bytes data]

  [16249 bytes data]

  [135 bytes data]

  [16240 bytes data]

  [144 bytes data]

  [16231 bytes data]

  [144 bytes data]

  [9 bytes data]

  [16366 bytes data]

  [18 bytes data]

  [16357 bytes data]

  [27 bytes data]

  [16348 bytes data]

  [36 bytes data]

  [16339 bytes data]

  [45 bytes data]

  [16330 bytes data]

  [54 bytes data]

  [16321 bytes data]

  [63 bytes data]

  [16312 bytes data]

  [72 bytes data]

  [16303 bytes data]

  [81 bytes data]

  [16294 bytes data]

  [90 bytes data]

  [16285 bytes data]

  [99 bytes data]

  [16276 bytes data]

  [108 bytes data]

  [16267 bytes data]

  [117 bytes data]

  [16258 bytes data]

  [126 bytes data]

  [16249 bytes data]

  [135 bytes data]

  [16240 bytes data]

  [144 bytes data]

  [16375 bytes data]

  [9 bytes data]

  [16366 bytes data]

  [18 bytes data]

  [16357 bytes data]

  [27 bytes data]

  [16348 bytes data]

  [36 bytes data]

  [16339 bytes data]

  [45 bytes data]

  [16330 bytes data]

  [54 bytes data]

  [16321 bytes data]

  [63 bytes data]

  [16312 bytes data]

  [72 bytes data]

  [16303 bytes data]

  [81 bytes data]

  [16294 bytes data]

  [90 bytes data]

  [16285 bytes data]

  [99 bytes data]

  [16276 bytes data]

  [108 bytes data]

  [16267 bytes data]

  [117 bytes data]

  [16258 bytes data]

  [126 bytes data]

  [16249 bytes data]

  [135 bytes data]

  [16240 bytes data]

  [144 bytes data]

  [16231 bytes data]

  [144 bytes data]

  [9 bytes data]

  [16366 bytes data]

  [18 bytes data]

  [16357 bytes data]

  [27 bytes data]

  [16348 bytes data]

  [36 bytes data]

  [16339 bytes data]

  [45 bytes data]

  [16330 bytes data]

  [54 bytes data]

  [16321 bytes data]

  [63 bytes data]

  [16312 bytes data]

  [72 bytes data]

  [16303 bytes data]

  [81 bytes data]

  [16294 bytes data]

  [90 bytes data]

  [16285 bytes data]

  [99 bytes data]

  [16276 bytes data]

  [108 bytes data]

  [16267 bytes data]

  [117 bytes data]

  [16258 bytes data]

  [126 bytes data]

  [16249 bytes data]

  [135 bytes data]

  [16240 bytes data]

  [144 bytes data]

  [16231 bytes data]

  [144 bytes data]

  [9 bytes data]

  [16366 bytes data]

  [18 bytes data]

  [16357 bytes data]

  [27 bytes data]

  [16348 bytes data]

  [36 bytes data]

  [16339 bytes data]

  [45 bytes data]

  [16330 bytes data]

  [54 bytes data]

  [16321 bytes data]

  [63 bytes data]

  [16312 bytes data]

  [72 bytes data]

  [16303 bytes data]

  [81 bytes data]

  [16294 bytes data]

  [90 bytes data]

  [16285 bytes data]

  [99 bytes data]

  [16276 bytes data]

  [108 bytes data]

  [16267 bytes data]

  [117 bytes data]

  [16258 bytes data]

  [126 bytes data]

  [16249 bytes data]

  [135 bytes data]

  [16240 bytes data]

  [144 bytes data]

  [16231 bytes data]

  [153 bytes data]

  [16222 bytes data]

  [162 bytes data]

  [16213 bytes data]

  [171 bytes data]

  [16204 bytes data]

  [144 bytes data]

  [36 bytes data]

  [16339 bytes data]

  [45 bytes data]

  [16330 bytes data]

  [54 bytes data]

  [16321 bytes data]

  [63 bytes data]

  [16312 bytes data]

  [72 bytes data]

  [16303 bytes data]

  [81 bytes data]

  [16294 bytes data]

  [90 bytes data]

  [16285 bytes data]

  [99 bytes data]

  [16276 bytes data]

  [108 bytes data]

  [16267 bytes data]

  [117 bytes data]

  [16258 bytes data]

  [126 bytes data]

  [16249 bytes data]

  [135 bytes data]

  [16240 bytes data]

  [128 bytes data]

  [16375 bytes data]

  [9 bytes data]

  [16366 bytes data]

  [18 bytes data]

  [16357 bytes data]

  [27 bytes data]

  [16348 bytes data]

  [36 bytes data]

  [16339 bytes data]

  [45 bytes data]

  [16330 bytes data]

  [54 bytes data]

  [16321 bytes data]

  [63 bytes data]

  [16312 bytes data]

  [72 bytes data]

  [16303 bytes data]

  [81 bytes data]

  [16294 bytes data]

  [90 bytes data]

  [16285 bytes data]

  [99 bytes data]

  [16276 bytes data]

  [108 bytes data]

  [16267 bytes data]

  [117 bytes data]

  [16258 bytes data]

  [126 bytes data]

  [16249 bytes data]

  [135 bytes data]

  [16240 bytes data]

  [144 bytes data]

  [16375 bytes data]

  [9 bytes data]

  [16366 bytes data]

  [18 bytes data]

  [16357 bytes data]

  [27 bytes data]

  [16348 bytes data]

  [36 bytes data]

  [16339 bytes data]

  [45 bytes data]

  [16330 bytes data]

  [54 bytes data]

  [16321 bytes data]

  [63 bytes data]

  [16312 bytes data]

  [72 bytes data]

  [16303 bytes data]

  [81 bytes data]

  [16294 bytes data]

  [90 bytes data]

  [16285 bytes data]

  [99 bytes data]

  [16276 bytes data]

  [108 bytes data]

  [16267 bytes data]

  [117 bytes data]

  [16258 bytes data]

  [126 bytes data]

  [16249 bytes data]

  [135 bytes data]

  [16240 bytes data]

  [144 bytes data]

  [16231 bytes data]

  [153 bytes data]

  [16222 bytes data]

  [144 bytes data]

  [18 bytes data]

  [16357 bytes data]

  [27 bytes data]

  [16348 bytes data]

  [36 bytes data]

  [16339 bytes data]

  [45 bytes data]

  [16330 bytes data]

  [54 bytes data]

  [16321 bytes data]

  [63 bytes data]

  [16312 bytes data]

  [72 bytes data]

  [16303 bytes data]

  [81 bytes data]

  [16294 bytes data]

  [90 bytes data]

  [16285 bytes data]

  [99 bytes data]

  [16276 bytes data]

  [108 bytes data]

  [16267 bytes data]

  [117 bytes data]

  [16258 bytes data]

  [126 bytes data]

  [16249 bytes data]

  [135 bytes data]

  [16240 bytes data]

  [144 bytes data]

  [2747 bytes data]

  [13637 bytes data]

  [2738 bytes data]

  [13646 bytes data]

  [277 bytes data]

  [16107 bytes data]

  [268 bytes data]

  [16116 bytes data]

  [259 bytes data]

  [16125 bytes data]

  [250 bytes data]

  [16134 bytes data]

  [241 bytes data]

  [16143 bytes data]

  [232 bytes data]

  [16152 bytes data]

  [223 bytes data]

  [16161 bytes data]

  [214 bytes data]

  [16170 bytes data]

  [205 bytes data]

  [1216 bytes data]

  [2756 bytes data]

  [1378 bytes data]

  [6890 bytes data]

  [3939 bytes data]

  [186 bytes data]

  [6890 bytes data]

  [2756 bytes data]

  [2756 bytes data]

  [2756 bytes data]

  [1040 bytes data]

  [4463 bytes data]

  [2756 bytes data]

  [9165 bytes data]

  [7210 bytes data]

  [9174 bytes data]

  [7201 bytes data]

  [9183 bytes data]

  [7192 bytes data]

  [4590 bytes data]

  [1378 bytes data]

  [2756 bytes data]

  [468 bytes data]

  [15907 bytes data]

  [477 bytes data]

  [134 bytes data]

  [1378 bytes data]

  [1378 bytes data]

  [1378 bytes data]

  [1378 bytes data]

  [1378 bytes data]

  [1378 bytes data]

  [1378 bytes data]

  [1378 bytes data]

  [1378 bytes data]

  [1378 bytes data]

  [2470 bytes data]

  [4411 bytes data]

  [4134 bytes data]

  [1378 bytes data]

  [1378 bytes data]

  [1378 bytes data]

  [1378 bytes data]

  [1378 bytes data]

  [949 bytes data]

  [420 bytes data]

  [1378 bytes data]

  [8268 bytes data]

  [1378 bytes data]

  [1378 bytes data]

  [3562 bytes data]

  [7453 bytes data]

  [1378 bytes data]

  [1378 bytes data]

  [1378 bytes data]

  [1378 bytes data]

  [1378 bytes data]

  [2041 bytes data]

  [10352 bytes data]

  [1378 bytes data]

  [1378 bytes data]

  [1378 bytes data]

  [1378 bytes data]

  [520 bytes data]

  [849 bytes data]

  [1378 bytes data]

  [1378 bytes data]

  [1378 bytes data]

  [1378 bytes data]

  [1378 bytes data]

  [1378 bytes data]

  [1378 bytes data]

  [1378 bytes data]

  [1378 bytes data]

  [1378 bytes data]

  [1378 bytes data]

  [377 bytes data]

  [992 bytes data]

  [1378 bytes data]

  [1378 bytes data]

  [1378 bytes data]

  [1378 bytes data]

  [1378 bytes data]

  [1378 bytes data]

  [1378 bytes data]

  [1378 bytes data]

  [1378 bytes data]

  [1378 bytes data]

  [1378 bytes data]

  [234 bytes data]

  [1135 bytes data]

  [6890 bytes data]

  [8359 bytes data]

  [2656 bytes data]

  [4134 bytes data]

  [1378 bytes data]

  [8216 bytes data]

  [43 bytes data]

  [16341 bytes data]

  [34 bytes data]

  [16350 bytes data]

  [25 bytes data]

  [16359 bytes data]

  [16 bytes data]

  [16368 bytes data]

  [7 bytes data]

  [4742 bytes data]

  [11635 bytes data]

  [4740 bytes data]

  [1530 bytes data]

  [10114 bytes data]

  [6261 bytes data]

  [10123 bytes data]

  [6252 bytes data]

  [10132 bytes data]

  [5789 bytes data]

  [10595 bytes data]

  [5780 bytes data]

  [10604 bytes data]

  [5771 bytes data]

  [10613 bytes data]

  [5762 bytes data]

  [10622 bytes data]

  [5753 bytes data]

  [10631 bytes data]

  [5744 bytes data]

  [760 bytes data]

  [4134 bytes data]

  [5746 bytes data]

  [2513 bytes data]

  [2756 bytes data]

  [2756 bytes data]

  [8268 bytes data]

  [91 bytes data]

  [2656 bytes data]

  [2756 bytes data]

  [2756 bytes data]

  [2756 bytes data]

  [2756 bytes data]

  [2704 bytes data]

  [43 bytes data]

  [2756 bytes data]

  [13585 bytes data]

  [2790 bytes data]

  [8420 bytes data]

  [5174 bytes data]

  [4463 bytes data]

  [1378 bytes data]

  [2756 bytes data]

  [4134 bytes data]

  [1378 bytes data]

  [2275 bytes data]

  [8740 bytes data]

  [1378 bytes data]

  [1378 bytes data]

  [1378 bytes data]

  [3510 bytes data]

  [615 bytes data]

  [1378 bytes data]

  [1378 bytes data]

  [5512 bytes data]

  [7501 bytes data]

  [2136 bytes data]

  [1378 bytes data]

  [1378 bytes data]

  [1378 bytes data]

  [1378 bytes data]

  [1378 bytes data]

  [1378 bytes data]

  [1378 bytes data]

  [4602 bytes data]

  [8259 bytes data]

  [1378 bytes data]

  [1378 bytes data]

  [1378 bytes data]

  [3991 bytes data]

  [5646 bytes data]

  [9646 bytes data]

  [1092 bytes data]

  [277 bytes data]

  [4134 bytes data]

  [1378 bytes data]

  [1378 bytes data]

  [1378 bytes data]

  [1378 bytes data]

  [1378 bytes data]

  [1378 bytes data]

  [1378 bytes data]

  [1378 bytes data]

  [949 bytes data]

  [420 bytes data]

  [4134 bytes data]

  [1378 bytes data]

  [10452 bytes data]

  [1941 bytes data]

  [1378 bytes data]

  [1378 bytes data]

  [1378 bytes data]

  [1378 bytes data]

  [1378 bytes data]

  [1378 bytes data]

  [1378 bytes data]

  [4797 bytes data]

  [706 bytes data]

  [1378 bytes data]

  [1378 bytes data]

  [1378 bytes data]

  [1378 bytes data]

  [1378 bytes data]

  [1378 bytes data]

  [1378 bytes data]

  [1378 bytes data]

  [1378 bytes data]

  [1378 bytes data]

  [1898 bytes data]

  [13251 bytes data]

  [1378 bytes data]

  [1378 bytes data]

  [377 bytes data]

  [992 bytes data]

  [2756 bytes data]

  [6890 bytes data]

  [1378 bytes data]

  [1378 bytes data]

  [1378 bytes data]

  [1612 bytes data]

  [14763 bytes data]

  [1621 bytes data]

  [2656 bytes data]

  [1378 bytes data]

  [1378 bytes data]

  [1378 bytes data]

  [1378 bytes data]

  [1378 bytes data]

  [4134 bytes data]

  [1378 bytes data]

  [1326 bytes data]

  [43 bytes data]

  [1378 bytes data]

  [1378 bytes data]

  [2756 bytes data]

  [1378 bytes data]

  [1378 bytes data]

  [1378 bytes data]

  [1378 bytes data]

  [1378 bytes data]

  [1378 bytes data]

  [2561 bytes data]

  [1564 bytes data]

  [1378 bytes data]

  [1378 bytes data]

  [1378 bytes data]

  [1378 bytes data]

  [1378 bytes data]

  [1378 bytes data]

  [1378 bytes data]

  [4134 bytes data]

  [1040 bytes data]

  [329 bytes data]

  [1378 bytes data]

  [1378 bytes data]

  [1378 bytes data]

  [1378 bytes data]

  [1378 bytes data]

  [1378 bytes data]

  [1378 bytes data]

  [2756 bytes data]

  [3653 bytes data]

  [12722 bytes data]

  [3662 bytes data]

  [12713 bytes data]

  [3671 bytes data]

  [12704 bytes data]

  [3680 bytes data]

  [1369 bytes data]

  [4134 bytes data]

  [6890 bytes data]

  [3991 bytes data]

  [2890 bytes data]

  [1378 bytes data]

  [2756 bytes data]

  [2756 bytes data]

  [6604 bytes data]

  [3033 bytes data]

  [13351 bytes data]

  [3024 bytes data]

  [152 bytes data]

  [4134 bytes data]

  [9074 bytes data]

  [7301 bytes data]

  [1530 bytes data]

  [1378 bytes data]

  [1378 bytes data]

  [1378 bytes data]

  [3419 bytes data]

  [706 bytes data]

  [1378 bytes data]

  [1378 bytes data]

  [1378 bytes data]

  [11544 bytes data]

  [4831 bytes data]

  [4286 bytes data]

  [5512 bytes data]

  [1755 bytes data]

  [6504 bytes data]

  [5512 bytes data]

  [4368 bytes data]

  [12007 bytes data]

  [4377 bytes data]

  [4034 bytes data]

  [2756 bytes data]

  [2756 bytes data]

  [6838 bytes data]

  [1421 bytes data]

  [5512 bytes data]

  [2756 bytes data]

  [1378 bytes data]

  [1378 bytes data]

  [3939 bytes data]

  [2942 bytes data]

  [13442 bytes data]

  [2933 bytes data]

  [1530 bytes data]

  [11921 bytes data]

  [472 bytes data]

  [1378 bytes data]

  [2756 bytes data]

  [1378 bytes data]

  [1378 bytes data]

  [1378 bytes data]

  [1378 bytes data]

  [5512 bytes data]

  [754 bytes data]

  [1993 bytes data]

  [14391 bytes data]

  [1984 bytes data]

  [14384 bytes data]

  [1991 bytes data]

  [13158 bytes data]

  [1235 bytes data]

  [15140 bytes data]

  [1244 bytes data]

  [277 bytes data]

  [1378 bytes data]

  [1378 bytes data]

  [1378 bytes data]

  [1378 bytes data]

  [1378 bytes data]

  [1378 bytes data]

  [5512 bytes data]

  [2327 bytes data]

  [4554 bytes data]

  [4134 bytes data]

  [4134 bytes data]

  [3562 bytes data]

  [3319 bytes data]

  [1378 bytes data]

  [1378 bytes data]

  [1378 bytes data]

  [4134 bytes data]

  [1378 bytes data]

  [3419 bytes data]

  [7596 bytes data]

  [1378 bytes data]

  [1378 bytes data]

  [1378 bytes data]

  [1378 bytes data]

  [1378 bytes data]

  [1378 bytes data]

  [520 bytes data]

  [849 bytes data]

  [1378 bytes data]

  [1378 bytes data]

  [1378 bytes data]

  [1378 bytes data]

  [1378 bytes data]

  [1378 bytes data]

  [1378 bytes data]

  [1378 bytes data]

  [1378 bytes data]

  [1378 bytes data]

  [1378 bytes data]

  [377 bytes data]

  [992 bytes data]

  [1378 bytes data]

  [1378 bytes data]

  [1378 bytes data]

  [1378 bytes data]

  [2756 bytes data]

  [1378 bytes data]

  [1378 bytes data]

  [1378 bytes data]

  [1378 bytes data]

  [1612 bytes data]

  [3891 bytes data]

  [1378 bytes data]

  [9646 bytes data]

  [1378 bytes data]

  [91 bytes data]

  [1278 bytes data]

  [4134 bytes data]

  [1378 bytes data]

  [1378 bytes data]

  [1378 bytes data]

  [1378 bytes data]

  [1378 bytes data]

  [1378 bytes data]

  [1378 bytes data]

  [1326 bytes data]

  [43 bytes data]

  [1378 bytes data]

  [1378 bytes data]

  [1378 bytes data]

  [1378 bytes data]

  [1378 bytes data]

  [1378 bytes data]

  [5512 bytes data]

  [1378 bytes data]

  [1183 bytes data]

  [186 bytes data]

  [1378 bytes data]

  [1378 bytes data]

  [1378 bytes data]

  [1378 bytes data]

  [4134 bytes data]

  [1378 bytes data]

  [1378 bytes data]

  [1378 bytes data]

  [1378 bytes data]

  [1040 bytes data]

  [329 bytes data]

  [1378 bytes data]

  [14677 bytes data]

  [472 bytes data]

  [1378 bytes data]

  [5512 bytes data]

  [1378 bytes data]

  [5512 bytes data]

  [2132 bytes data]

  [1993 bytes data]

  [8268 bytes data]

  [4134 bytes data]

  [1378 bytes data]

  [611 bytes data]

  [758 bytes data]

  [1378 bytes data]

  [1378 bytes data]

  [1378 bytes data]

  [1378 bytes data]

  [1378 bytes data]

  [1378 bytes data]

  [7358 bytes data]

  [9017 bytes data]

  [7367 bytes data]

  [134 bytes data]

  [16250 bytes data]

  [125 bytes data]

  [16259 bytes data]

  [116 bytes data]

  [16268 bytes data]

  [107 bytes data]

  [16277 bytes data]

  [98 bytes data]

  [13010 bytes data]

  [3276 bytes data]

  [13099 bytes data]

  [3285 bytes data]

  [13090 bytes data]

  [3294 bytes data]

  [13081 bytes data]

  [3303 bytes data]

  [13072 bytes data]

  [3312 bytes data]

  [13063 bytes data]

  [3321 bytes data]

  [1564 bytes data]

  [2756 bytes data]

  [1378 bytes data]

  [10686 bytes data]

  [5689 bytes data]

  [10695 bytes data]

  [5680 bytes data]

  [10704 bytes data]

  [5671 bytes data]

  [10102 bytes data]

  [611 bytes data]

  [15764 bytes data]

  [620 bytes data]

  [15755 bytes data]

  [629 bytes data]

  [15746 bytes data]

  [638 bytes data]

  [12679 bytes data]

  [3705 bytes data]

  [12670 bytes data]

  [3714 bytes data]

  [12661 bytes data]

  [3723 bytes data]

  [12652 bytes data]

  [3732 bytes data]

  [9117 bytes data]

  [7267 bytes data]

  [9108 bytes data]

  [7276 bytes data]

  [9099 bytes data]

  [4438 bytes data]

  [2847 bytes data]

  [13528 bytes data]

  [2856 bytes data]

  [13519 bytes data]

  [2865 bytes data]

  [1564 bytes data]

  [14820 bytes data]

  [1555 bytes data]

  [1530 bytes data]

  [13299 bytes data]

  [3076 bytes data]

  [1530 bytes data]

  [1378 bytes data]

  [10400 bytes data]

  [5975 bytes data]

  [10409 bytes data]

  [3514 bytes data]

  [12870 bytes data]

  [3505 bytes data]

  [8888 bytes data]

  [3991 bytes data]

  [12384 bytes data]

  [2908 bytes data]

  [1092 bytes data]

  [11301 bytes data]

  [5083 bytes data]

  [4554 bytes data]

  [1378 bytes data]

  [2756 bytes data]

  [7696 bytes data]

  [8679 bytes data]

  [7705 bytes data]

  [3462 bytes data]

  [4134 bytes data]

  [1378 bytes data]

  [1378 bytes data]

  [1378 bytes data]

  [1378 bytes data]

  [1378 bytes data]

  [1378 bytes data]

  [520 bytes data]

  [15855 bytes data]

  [529 bytes data]

  [15846 bytes data]

  [538 bytes data]

  [15837 bytes data]

  [547 bytes data]

  [4034 bytes data]

  [12350 bytes data]

  [4025 bytes data]

  [12359 bytes data]

  [4016 bytes data]

  [12368 bytes data]

  [4007 bytes data]

  [1834 bytes data]

  [1378 bytes data]

  [1378 bytes data]

  [7787 bytes data]

  [4606 bytes data]

  [5512 bytes data]

  [2756 bytes data]

  [3510 bytes data]

  [4749 bytes data]

  [11635 bytes data]

  [4740 bytes data]

  [11644 bytes data]

  [4731 bytes data]

  [11653 bytes data]

  [4722 bytes data]

  [11662 bytes data]

  [4713 bytes data]

  [11671 bytes data]

  [4704 bytes data]

  [11680 bytes data]

  [4695 bytes data]

  [11689 bytes data]

  [4686 bytes data]

  [11698 bytes data]

  [4677 bytes data]

  [8574 bytes data]

  [2756 bytes data]

  [377 bytes data]

  [2370 bytes data]

  [14014 bytes data]

  [2361 bytes data]

  [8420 bytes data]

  [5603 bytes data]

  [10772 bytes data]

  [5612 bytes data]

  [43 bytes data]

  [2756 bytes data]

  [1378 bytes data]

  [1378 bytes data]

  [5512 bytes data]

  [4134 bytes data]

  [1183 bytes data]

  [5698 bytes data]

  [1378 bytes data]

  [1378 bytes data]

  [1378 bytes data]

  [6552 bytes data]

  [329 bytes data]

  [1378 bytes data]

  [1378 bytes data]

  [2756 bytes data]

  [10543 bytes data]

  [5832 bytes data]

  [10552 bytes data]

  [5823 bytes data]

  [10561 bytes data]

  [5814 bytes data]

  [7346 bytes data]

  [1378 bytes data]

  [1846 bytes data]

  [1369 bytes data]

  [1378 bytes data]

  [2756 bytes data]

  [1378 bytes data]

  [9503 bytes data]

  [1512 bytes data]

  [1378 bytes data]

  [1378 bytes data]

  [1378 bytes data]

  [1378 bytes data]

  [1378 bytes data]

  [2756 bytes data]

  [1378 bytes data]

  [1378 bytes data]

  [1378 bytes data]

  [1092 bytes data]

  [277 bytes data]

  [1378 bytes data]

  [1378 bytes data]

  [4134 bytes data]

  [1378 bytes data]

  [4134 bytes data]

  [1378 bytes data]

  [1378 bytes data]

  [949 bytes data]

  [420 bytes data]

  [1378 bytes data]

  [1378 bytes data]

  [1378 bytes data]

  [1378 bytes data]

  [1378 bytes data]

  [1378 bytes data]

  [1378 bytes data]

  [1378 bytes data]

  [1378 bytes data]

  [1378 bytes data]

  [1378 bytes data]

  [806 bytes data]

  [563 bytes data]

  [1378 bytes data]

  [1378 bytes data]

  [1378 bytes data]

  [1378 bytes data]

  [1378 bytes data]

  [1378 bytes data]

  [1378 bytes data]

  [1378 bytes data]

  [4797 bytes data]

  [3462 bytes data]

  [1378 bytes data]

  [1378 bytes data]

  [1378 bytes data]

  [1378 bytes data]

  [1378 bytes data]

  [1378 bytes data]

  [1378 bytes data]

  [1378 bytes data]

  [1378 bytes data]

  [520 bytes data]

  [849 bytes data]

  [1378 bytes data]

  [1378 bytes data]

  [1378 bytes data]

  [1378 bytes data]

  [1378 bytes data]

  [4134 bytes data]

  [1378 bytes data]

  [1378 bytes data]

  [1378 bytes data]

  [377 bytes data]

  [992 bytes data]

  [13780 bytes data]

  [1378 bytes data]

  [234 bytes data]

  [1135 bytes data]

  [6890 bytes data]

  [2756 bytes data]

  [1378 bytes data]

  [1378 bytes data]

  [1378 bytes data]

  [1469 bytes data]

  [1278 bytes data]

  [1378 bytes data]

  [1378 bytes data]

  [1378 bytes data]

  [1378 bytes data]

  [1378 bytes data]

  [1378 bytes data]

  [1378 bytes data]

  [1378 bytes data]

  [1378 bytes data]

  [1378 bytes data]

  [1326 bytes data]

  [43 bytes data]

  [1378 bytes data]

  [1378 bytes data]

  [1378 bytes data]

  [1378 bytes data]

  [1378 bytes data]

  [1378 bytes data]

  [1378 bytes data]

  [1378 bytes data]

  [1378 bytes data]

  [1378 bytes data]

  [1378 bytes data]

  [1183 bytes data]

  [1564 bytes data]

  [1378 bytes data]

  [1378 bytes data]

  [1378 bytes data]

  [5512 bytes data]

  [5174 bytes data]

  [3085 bytes data]

  [1378 bytes data]

  [11921 bytes data]

  [4454 bytes data]

  [4286 bytes data]

  [1378 bytes data]

  [1378 bytes data]

  [1378 bytes data]

  [1378 bytes data]

  [1378 bytes data]

  [754 bytes data]

  [615 bytes data]

  [1378 bytes data]

  [1378 bytes data]

  [1378 bytes data]

  [1378 bytes data]

  [1378 bytes data]

  [1378 bytes data]

  [1378 bytes data]

  [1378 bytes data]

  [1378 bytes data]

  [1378 bytes data]

  [1378 bytes data]

  [611 bytes data]

  [758 bytes data]

  [1378 bytes data]

  [1378 bytes data]

  [1378 bytes data]

  [1378 bytes data]

  [1378 bytes data]

  [1378 bytes data]

  [1378 bytes data]

  [1378 bytes data]

  [1378 bytes data]

  [3224 bytes data]

  [1369 bytes data]

  [1378 bytes data]

  [1378 bytes data]

  [1378 bytes data]

  [1378 bytes data]

  [1378 bytes data]

  [1378 bytes data]

  [1378 bytes data]

  [1378 bytes data]

  [3991 bytes data]

  [4268 bytes data]

  [1378 bytes data]

  [1378 bytes data]

  [1378 bytes data]

  [1378 bytes data]

  [1378 bytes data]

  [1378 bytes data]

  [1378 bytes data]

  [2470 bytes data]

  [1655 bytes data]

  [2756 bytes data]

  [1378 bytes data]

  [1378 bytes data]

  [1378 bytes data]

  [1378 bytes data]

  [1378 bytes data]

  [1378 bytes data]

  [1378 bytes data]

  [1378 bytes data]

  [949 bytes data]

  [420 bytes data]

  [1378 bytes data]

  [1378 bytes data]

  [1378 bytes data]

  [5512 bytes data]

  [1378 bytes data]

  [1378 bytes data]

  [1378 bytes data]

  [1378 bytes data]

  [806 bytes data]

  [3319 bytes data]

  [8268 bytes data]

  [4797 bytes data]

  [11578 bytes data]

  [4286 bytes data]

  [520 bytes data]

  [15855 bytes data]

  [529 bytes data]

  [15846 bytes data]

  [538 bytes data]

  [15837 bytes data]

  [547 bytes data]

  [15828 bytes data]

  [556 bytes data]

  [15819 bytes data]

  [565 bytes data]

  [8454 bytes data]

  [7930 bytes data]

  [8445 bytes data]

  [7939 bytes data]

  [8436 bytes data]

  [7948 bytes data]

  [8427 bytes data]

  [4590 bytes data]

  [3367 bytes data]

  [13008 bytes data]

  [3376 bytes data]

  [12999 bytes data]

  [3385 bytes data]

  [12990 bytes data]

  [3394 bytes data]

  [12981 bytes data]

  [3403 bytes data]

  [12972 bytes data]

  [3412 bytes data]

  [3319 bytes data]

  [13065 bytes data]

  [3310 bytes data]

  [13074 bytes data]

  [3301 bytes data]

  [5816 bytes data]

  [7267 bytes data]

  [2370 bytes data]

  [14014 bytes data]

  [2361 bytes data]

  [14023 bytes data]

  [2352 bytes data]

  [14032 bytes data]

  [2343 bytes data]

  [14041 bytes data]

  [1564 bytes data]

  [6890 bytes data]

  [7930 bytes data]

  [8445 bytes data]

  [7939 bytes data]

  [5984 bytes data]

  [9646 bytes data]

  [754 bytes data]

  [10261 bytes data]

  [6123 bytes data]

  [10252 bytes data]

  [6116 bytes data]

  [16375 bytes data]

  [9 bytes data]

  [16366 bytes data]

  [18 bytes data]

  [11301 bytes data]

  [5083 bytes data]

  [11292 bytes data]

  [5092 bytes data]

  [4697 bytes data]

  [4134 bytes data]

  [7553 bytes data]

  [8822 bytes data]

  [7562 bytes data]

  [7739 bytes data]

  [8645 bytes data]

  [7730 bytes data]

  [8654 bytes data]

  [3891 bytes data]

  [12493 bytes data]

  [3882 bytes data]

  [12502 bytes data]

  [3873 bytes data]

  [12511 bytes data]

  [1564 bytes data]

  [1378 bytes data]

  [13442 bytes data]

  [2933 bytes data]

  [13451 bytes data]

  [472 bytes data]

  [8268 bytes data]

  [7644 bytes data]

  [8731 bytes data]

  [7653 bytes data]

  [8722 bytes data]

  [7662 bytes data]

  [5503 bytes data]

  [10881 bytes data]

  [5494 bytes data]

  [10890 bytes data]

  [5485 bytes data]

  [7194 bytes data]

  [2756 bytes data]

  [949 bytes data]

  [15426 bytes data]

  [958 bytes data]

  [15417 bytes data]

  [967 bytes data]

  [8974 bytes data]

  [2756 bytes data]

  [4134 bytes data]

  [520 bytes data]

  [15855 bytes data]

  [529 bytes data]

  [14772 bytes data]

  [1612 bytes data]

  [14763 bytes data]

  [1621 bytes data]

  [14754 bytes data]

  [1630 bytes data]

  [14745 bytes data]

  [1639 bytes data]

  [14736 bytes data]

  [1648 bytes data]

  [14727 bytes data]

  [1657 bytes data]

  [3228 bytes data]

  [13156 bytes data]

  [3219 bytes data]

  [13165 bytes data]

  [3210 bytes data]

  [11328 bytes data]

  [1846 bytes data]

  [14529 bytes data]

  [1855 bytes data]

  [134 bytes data]

  [16250 bytes data]

  [125 bytes data]

  [12554 bytes data]

  [3705 bytes data]

  [10066 bytes data]

  [6318 bytes data]

  [8831 bytes data]

  [7553 bytes data]

  [706 bytes data]

  [15678 bytes data]

  [697 bytes data]

  [15687 bytes data]

  [688 bytes data]

  [4438 bytes data]

  [11258 bytes data]

  [5117 bytes data]

  [7042 bytes data]

  [1378 bytes data]

  [2847 bytes data]

  [6790 bytes data]

  [6890 bytes data]

  [2704 bytes data]

  [5555 bytes data]

  [5512 bytes data]

  [2756 bytes data]

  [1378 bytes data]

  [1183 bytes data]

  [1564 bytes data]

  [12402 bytes data]

  [2418 bytes data]

  [329 bytes data]

  [2756 bytes data]

  [13299 bytes data]

  [1850 bytes data]

  [14534 bytes data]

  [1841 bytes data]

  [14543 bytes data]

  [1832 bytes data]

  [1682 bytes data]

  [5512 bytes data]

  [7358 bytes data]

  [16375 bytes data]

  [9 bytes data]

  [16366 bytes data]

  [18 bytes data]

  [16357 bytes data]

  [27 bytes data]

  [16348 bytes data]

  [36 bytes data]

  [16339 bytes data]

  [45 bytes data]

  [16330 bytes data]

  [54 bytes data]

  [16321 bytes data]

  [63 bytes data]

  [16312 bytes data]

  [72 bytes data]

  [16303 bytes data]

  [81 bytes data]

  [16294 bytes data]

  [90 bytes data]

  [16285 bytes data]

  [99 bytes data]

  [16276 bytes data]

  [108 bytes data]

  [16267 bytes data]

  [117 bytes data]

  [16258 bytes data]

  [126 bytes data]

  [16249 bytes data]

  [135 bytes data]

  [16240 bytes data]

  [144 bytes data]

  [16231 bytes data]

  [144 bytes data]

  [9 bytes data]

  [16366 bytes data]

  [18 bytes data]

  [16357 bytes data]

  [27 bytes data]

  [16348 bytes data]

  [36 bytes data]

  [16339 bytes data]

  [45 bytes data]

  [16330 bytes data]

  [54 bytes data]

  [16321 bytes data]

  [63 bytes data]

  [16312 bytes data]

  [72 bytes data]

  [16303 bytes data]

  [81 bytes data]

  [16294 bytes data]

  [90 bytes data]

  [16285 bytes data]

  [99 bytes data]

  [16276 bytes data]

  [108 bytes data]

  [16267 bytes data]

  [117 bytes data]

  [16258 bytes data]

  [126 bytes data]

  [16249 bytes data]

  [135 bytes data]

  [16240 bytes data]

  [144 bytes data]

  [16375 bytes data]

  [9 bytes data]

  [16366 bytes data]

  [18 bytes data]

  [16357 bytes data]

  [27 bytes data]

  [16348 bytes data]

  [36 bytes data]

  [16339 bytes data]

  [45 bytes data]

  [16330 bytes data]

  [54 bytes data]

  [16321 bytes data]

  [63 bytes data]

  [16312 bytes data]

  [72 bytes data]

  [16303 bytes data]

  [81 bytes data]

  [16294 bytes data]

  [90 bytes data]

  [16285 bytes data]

  [99 bytes data]

  [16276 bytes data]

  [108 bytes data]

  [16267 bytes data]

  [117 bytes data]

  [16258 bytes data]

  [126 bytes data]

  [16249 bytes data]

  [135 bytes data]

  [16240 bytes data]

  [144 bytes data]

  [16231 bytes data]

  [153 bytes data]

  [16222 bytes data]

  [162 bytes data]

  [16213 bytes data]

  [144 bytes data]

  [27 bytes data]

  [16348 bytes data]

  [36 bytes data]

  [16339 bytes data]

  [45 bytes data]

  [16330 bytes data]

  [54 bytes data]

  [16321 bytes data]

  [63 bytes data]

  [16312 bytes data]

  [72 bytes data]

  [16303 bytes data]

  [81 bytes data]

  [16294 bytes data]

  [90 bytes data]

  [16285 bytes data]

  [99 bytes data]

  [16276 bytes data]

  [108 bytes data]

  [16267 bytes data]

  [117 bytes data]

  [16258 bytes data]

  [126 bytes data]

  [16249 bytes data]

  [135 bytes data]

  [16240 bytes data]

  [144 bytes data]

  [16231 bytes data]

  [144 bytes data]

  [9 bytes data]

  [16366 bytes data]

  [18 bytes data]

  [16357 bytes data]

  [27 bytes data]

  [16348 bytes data]

  [36 bytes data]

  [16339 bytes data]

  [45 bytes data]

  [16330 bytes data]

  [54 bytes data]

  [16321 bytes data]

  [63 bytes data]

  [16312 bytes data]

  [72 bytes data]

  [16303 bytes data]

  [81 bytes data]

  [16294 bytes data]

  [90 bytes data]

  [16285 bytes data]

  [99 bytes data]

  [16276 bytes data]

  [108 bytes data]

  [16267 bytes data]

  [117 bytes data]

  [16258 bytes data]

  [126 bytes data]

  [16249 bytes data]

  [135 bytes data]

  [16240 bytes data]

  [128 bytes data]

  [16375 bytes data]

  [9 bytes data]

  [16366 bytes data]

  [18 bytes data]

  [16357 bytes data]

  [27 bytes data]

  [16348 bytes data]

  [36 bytes data]

  [16339 bytes data]

  [45 bytes data]

  [16330 bytes data]

  [54 bytes data]

  [16321 bytes data]

  [63 bytes data]

  [16312 bytes data]

  [72 bytes data]

  [16303 bytes data]

  [81 bytes data]

  [16294 bytes data]

  [90 bytes data]

  [16285 bytes data]

  [99 bytes data]

  [16276 bytes data]

  [108 bytes data]

  [16267 bytes data]

  [117 bytes data]

  [16258 bytes data]

  [126 bytes data]

  [16249 bytes data]

  [135 bytes data]

  [16240 bytes data]

  [144 bytes data]

  [16231 bytes data]

  [153 bytes data]

  [16222 bytes data]

  [162 bytes data]

  [16213 bytes data]

  [144 bytes data]

  [27 bytes data]

  [16348 bytes data]

  [36 bytes data]

  [16339 bytes data]

  [45 bytes data]

  [16330 bytes data]

  [54 bytes data]

  [16321 bytes data]

  [63 bytes data]

  [16312 bytes data]

  [72 bytes data]

  [16303 bytes data]

  [81 bytes data]

  [16294 bytes data]

  [90 bytes data]

  [16285 bytes data]

  [99 bytes data]

  [16276 bytes data]

  [108 bytes data]

  [16267 bytes data]

  [117 bytes data]

  [16258 bytes data]

  [126 bytes data]

  [16249 bytes data]

  [135 bytes data]

  [16240 bytes data]

  [144 bytes data]

  [16231 bytes data]

  [153 bytes data]

  [16222 bytes data]

  [162 bytes data]

  [16213 bytes data]

  [171 bytes data]

  [16204 bytes data]

  [144 bytes data]

  [36 bytes data]

  [16339 bytes data]

  [45 bytes data]

  [16330 bytes data]

  [54 bytes data]

  [16321 bytes data]

  [63 bytes data]

  [16312 bytes data]

  [72 bytes data]

  [16303 bytes data]

  [81 bytes data]

  [16294 bytes data]

  [90 bytes data]

  [16285 bytes data]

  [99 bytes data]

  [16276 bytes data]

  [108 bytes data]

  [16267 bytes data]

  [117 bytes data]

  [16258 bytes data]

  [126 bytes data]

  [16249 bytes data]

  [135 bytes data]

  [16240 bytes data]

  [144 bytes data]

  [16231 bytes data]

  [153 bytes data]

  [16222 bytes data]

  [144 bytes data]

  [18 bytes data]

  [16357 bytes data]

  [27 bytes data]

  [16348 bytes data]

  [36 bytes data]

  [16339 bytes data]

  [45 bytes data]

  [16330 bytes data]

  [54 bytes data]

  [16321 bytes data]

  [63 bytes data]

  [16312 bytes data]

  [72 bytes data]

  [16303 bytes data]

  [81 bytes data]

  [16294 bytes data]

  [90 bytes data]

  [16285 bytes data]

  [99 bytes data]

  [16276 bytes data]

  [108 bytes data]

  [16267 bytes data]

  [117 bytes data]

  [16258 bytes data]

  [126 bytes data]

  [16249 bytes data]

  [135 bytes data]

  [16240 bytes data]

  [144 bytes data]

  [16231 bytes data]

  [144 bytes data]

  [9 bytes data]

  [16366 bytes data]

  [18 bytes data]

  [16357 bytes data]

  [27 bytes data]

  [16348 bytes data]

  [36 bytes data]

  [16339 bytes data]

  [45 bytes data]

  [16330 bytes data]

  [54 bytes data]

  [16321 bytes data]

  [63 bytes data]

  [16312 bytes data]

  [72 bytes data]

  [16303 bytes data]

  [81 bytes data]

  [16294 bytes data]

  [90 bytes data]

  [16285 bytes data]

  [99 bytes data]

  [16276 bytes data]

  [108 bytes data]

  [16267 bytes data]

  [117 bytes data]

  [16258 bytes data]

  [126 bytes data]

  [16249 bytes data]

  [135 bytes data]

  [16240 bytes data]

  [144 bytes data]

  [16231 bytes data]

  [153 bytes data]

  [16222 bytes data]

  [162 bytes data]

  [16213 bytes data]

  [144 bytes data]

  [27 bytes data]

  [16348 bytes data]

  [36 bytes data]

  [16339 bytes data]

  [45 bytes data]

  [16330 bytes data]

  [54 bytes data]

  [16321 bytes data]

  [63 bytes data]

  [16312 bytes data]

  [72 bytes data]

  [16303 bytes data]

  [81 bytes data]

  [16294 bytes data]

  [90 bytes data]

  [16285 bytes data]

  [99 bytes data]

  [16276 bytes data]

  [108 bytes data]

  [16267 bytes data]

  [117 bytes data]

  [16258 bytes data]

  [126 bytes data]

  [16249 bytes data]

  [135 bytes data]

  [16240 bytes data]

  [144 bytes data]

  [16231 bytes data]

  [153 bytes data]

  [16222 bytes data]

  [144 bytes data]

  [18 bytes data]

  [16357 bytes data]

  [27 bytes data]

  [16348 bytes data]

  [36 bytes data]

  [16339 bytes data]

  [45 bytes data]

  [16330 bytes data]

  [54 bytes data]

  [16321 bytes data]

  [63 bytes data]

  [16312 bytes data]

  [72 bytes data]

  [16303 bytes data]

  [81 bytes data]

  [16294 bytes data]

  [90 bytes data]

  [16285 bytes data]

  [99 bytes data]

  [16276 bytes data]

  [108 bytes data]

  [16267 bytes data]

  [117 bytes data]

  [16258 bytes data]

  [126 bytes data]

  [16249 bytes data]

  [135 bytes data]

  [16240 bytes data]

  [144 bytes data]

  [16231 bytes data]

  [153 bytes data]

  [16222 bytes data]

  [144 bytes data]

  [18 bytes data]

  [16357 bytes data]

  [27 bytes data]

  [16348 bytes data]

  [36 bytes data]

  [16339 bytes data]

  [45 bytes data]

  [16330 bytes data]

  [54 bytes data]

  [16321 bytes data]

  [63 bytes data]

  [16312 bytes data]

  [72 bytes data]

  [16303 bytes data]

  [81 bytes data]

  [16294 bytes data]

  [90 bytes data]

  [16285 bytes data]

  [99 bytes data]

  [16276 bytes data]

  [108 bytes data]

  [16267 bytes data]

  [117 bytes data]

  [16258 bytes data]

  [126 bytes data]

  [16249 bytes data]

  [135 bytes data]

  [16240 bytes data]

  [128 bytes data]

  [16247 bytes data]

  [128 bytes data]

  [9 bytes data]

  [16366 bytes data]

  [18 bytes data]

  [16357 bytes data]

  [27 bytes data]

  [16348 bytes data]

  [36 bytes data]

  [16339 bytes data]

  [45 bytes data]

  [16330 bytes data]

  [54 bytes data]

  [16321 bytes data]

  [63 bytes data]

  [16312 bytes data]

  [72 bytes data]

  [16303 bytes data]

  [81 bytes data]

  [16294 bytes data]

  [90 bytes data]

  [16285 bytes data]

  [99 bytes data]

  [16276 bytes data]

  [108 bytes data]

  [16267 bytes data]

  [117 bytes data]

  [16258 bytes data]

  [126 bytes data]

  [16249 bytes data]

  [135 bytes data]

  [16240 bytes data]

  [144 bytes data]

  [16375 bytes data]

  [9 bytes data]

  [16366 bytes data]

  [18 bytes data]

  [16357 bytes data]

  [27 bytes data]

  [16348 bytes data]

  [36 bytes data]

  [16339 bytes data]

  [45 bytes data]

  [16330 bytes data]

  [54 bytes data]

  [16321 bytes data]

  [63 bytes data]

  [16312 bytes data]

  [72 bytes data]

  [16303 bytes data]

  [81 bytes data]

  [16294 bytes data]

  [90 bytes data]

  [16285 bytes data]

  [99 bytes data]

  [16276 bytes data]

  [108 bytes data]

  [16267 bytes data]

  [117 bytes data]

  [16258 bytes data]

  [126 bytes data]

  [16249 bytes data]

  [135 bytes data]

  [16240 bytes data]

  [144 bytes data]

  [16231 bytes data]

  [144 bytes data]

  [9 bytes data]

  [16366 bytes data]

  [18 bytes data]

  [16357 bytes data]

  [27 bytes data]

  [16348 bytes data]

  [36 bytes data]

  [16339 bytes data]

  [45 bytes data]

  [16330 bytes data]

  [54 bytes data]

  [16321 bytes data]

  [63 bytes data]

  [16312 bytes data]

  [72 bytes data]

  [16303 bytes data]

  [81 bytes data]

  [16294 bytes data]

  [90 bytes data]

  [16285 bytes data]

  [99 bytes data]

  [16276 bytes data]

  [108 bytes data]

  [16267 bytes data]

  [117 bytes data]

  [16258 bytes data]

  [126 bytes data]

  [16249 bytes data]

  [135 bytes data]

  [16240 bytes data]

  [144 bytes data]

  [16231 bytes data]

  [153 bytes data]

  [16222 bytes data]

  [144 bytes data]

  [18 bytes data]

  [16357 bytes data]

  [27 bytes data]

  [16348 bytes data]

  [36 bytes data]

  [16339 bytes data]

  [45 bytes data]

  [16330 bytes data]

  [54 bytes data]

  [16321 bytes data]

  [63 bytes data]

  [16312 bytes data]

  [72 bytes data]

  [16303 bytes data]

  [81 bytes data]

  [16294 bytes data]

  [90 bytes data]

  [16285 bytes data]

  [99 bytes data]

  [16276 bytes data]

  [108 bytes data]

  [16267 bytes data]

  [117 bytes data]

  [16258 bytes data]

  [126 bytes data]

  [16249 bytes data]

  [135 bytes data]

  [16240 bytes data]

  [144 bytes data]

  [2747 bytes data]

  [13637 bytes data]

  [2738 bytes data]

  [5664 bytes data]

  [7982 bytes data]

  [1655 bytes data]

  [11024 bytes data]

  [3705 bytes data]

  [10066 bytes data]

  [6318 bytes data]

  [563 bytes data]

  [11024 bytes data]

  [4797 bytes data]

  [11578 bytes data]

  [4806 bytes data]

  [11569 bytes data]

  [4815 bytes data]

  [992 bytes data]

  [15158 bytes data]

  [234 bytes data]

  [2513 bytes data]

  [13871 bytes data]

  [2504 bytes data]

  [13880 bytes data]

  [2495 bytes data]

  [13889 bytes data]

  [2486 bytes data]

  [3212 bytes data]

  [10686 bytes data]

  [5689 bytes data]

  [9798 bytes data]

  [897 bytes data]

  [15478 bytes data]

  [152 bytes data]

  [754 bytes data]

  [15621 bytes data]

  [763 bytes data]

  [15612 bytes data]

  [772 bytes data]

  [15603 bytes data]

  [781 bytes data]

  [1512 bytes data]

  [14872 bytes data]

  [1503 bytes data]

  [14881 bytes data]

  [1494 bytes data]

  [14890 bytes data]

  [1485 bytes data]

  [14899 bytes data]

  [1476 bytes data]

  [608 bytes data]

  [14300 bytes data]

  [2075 bytes data]

  [7042 bytes data]

  [7267 bytes data]

  [9108 bytes data]

  [7276 bytes data]

  [3891 bytes data]

  [2756 bytes data]

  [9737 bytes data]

  [6638 bytes data]

  [9746 bytes data]

  [6629 bytes data]

  [7194 bytes data]

  [2561 bytes data]

  [13814 bytes data]

  [2570 bytes data]

  [7219 bytes data]

  [9165 bytes data]

  [7210 bytes data]

  [9174 bytes data]

  [7201 bytes data]

  [8572 bytes data]

  [611 bytes data]

  [15764 bytes data]

  [620 bytes data]

  [1369 bytes data]

  [15015 bytes data]

  [134 bytes data]

  [16250 bytes data]

  [125 bytes data]

  [5664 bytes data]

  [10595 bytes data]

  [5780 bytes data]

  [10604 bytes data]

  [1941 bytes data]

  [1378 bytes data]

  [13065 bytes data]

  [3310 bytes data]

  [7042 bytes data]

  [6032 bytes data]

  [10343 bytes data]

  [5664 bytes data]

  [377 bytes data]

  [15998 bytes data]

  [386 bytes data]

  [15989 bytes data]

  [395 bytes data]

  [15980 bytes data]

  [404 bytes data]

  [1421 bytes data]

  [14963 bytes data]

  [1412 bytes data]

  [152 bytes data]

  [14820 bytes data]

  [1555 bytes data]

  [14829 bytes data]

  [1546 bytes data]

  [14838 bytes data]

  [1537 bytes data]

  [14847 bytes data]

  [758 bytes data]

  [15626 bytes data]

  [749 bytes data]

  [4754 bytes data]

  [10881 bytes data]

  [5494 bytes data]

  [5664 bytes data]

  [5226 bytes data]

  [11149 bytes data]

  [5235 bytes data]

  [4554 bytes data]

  [11830 bytes data]

  [4545 bytes data]

  [11839 bytes data]

  [4536 bytes data]

  [9950 bytes data]

  [1898 bytes data]

  [14477 bytes data]

  [1907 bytes data]

  [14468 bytes data]

  [1916 bytes data]

  [14459 bytes data]

  [1834 bytes data]

  [91 bytes data]

  [16284 bytes data]

  [100 bytes data]

  [16275 bytes data]

  [109 bytes data]

  [16266 bytes data]

  [118 bytes data]

  [16257 bytes data]

  [127 bytes data]

  [472 bytes data]

  [15912 bytes data]

  [463 bytes data]

  [4286 bytes data]

  [11635 bytes data]

  [4740 bytes data]

  [11628 bytes data]

  [2747 bytes data]

  [1378 bytes data]

  [12259 bytes data]

  [4116 bytes data]

  [12268 bytes data]

  [1655 bytes data]

  [5512 bytes data]

  [9217 bytes data]

  [7158 bytes data]

  [9226 bytes data]

  [7149 bytes data]

  [9235 bytes data]

  [7140 bytes data]

  [9244 bytes data]

  [7131 bytes data]

  [1986 bytes data]

  [7267 bytes data]

  [7882 bytes data]

  [8502 bytes data]

  [7873 bytes data]

  [8511 bytes data]

  [7864 bytes data]

  [304 bytes data]

  [8216 bytes data]

  [8159 bytes data]

  [8225 bytes data]

  [8150 bytes data]

  [8234 bytes data]

  [8141 bytes data]

  [5968 bytes data]

  [2275 bytes data]

  [14100 bytes data]

  [2284 bytes data]

  [11639 bytes data]

  [4745 bytes data]

  [11630 bytes data]

  [1530 bytes data]

  [3224 bytes data]

  [13151 bytes data]

  [3233 bytes data]

  [13142 bytes data]

  [3242 bytes data]

  [13133 bytes data]

  [3251 bytes data]

  [13124 bytes data]

  [3260 bytes data]

  [13115 bytes data]

  [3269 bytes data]

  [13106 bytes data]

  [2758 bytes data]

  [520 bytes data]

  [15855 bytes data]

  [529 bytes data]

  [7882 bytes data]

  [8502 bytes data]

  [7873 bytes data]

  [4286 bytes data]

  [4225 bytes data]

  [12150 bytes data]

  [4234 bytes data]

  [12141 bytes data]

  [3060 bytes data]

  [1183 bytes data]

  [15192 bytes data]

  [1192 bytes data]

  [15183 bytes data]

  [1201 bytes data]

  [10118 bytes data]

  [6266 bytes data]

  [10109 bytes data]

  [6275 bytes data]

  [10100 bytes data]

  [6284 bytes data]

  [10091 bytes data]

  [6293 bytes data]

  [10082 bytes data]

  [2454 bytes data]

  [3848 bytes data]

  [7167 bytes data]

  [1378 bytes data]

  [1378 bytes data]

  [6461 bytes data]

  [420 bytes data]

  [6890 bytes data]

  [4134 bytes data]

  [1378 bytes data]

  [3562 bytes data]

  [12813 bytes data]

  [152 bytes data]

  [3419 bytes data]

  [3462 bytes data]

  [6890 bytes data]

  [6032 bytes data]

  [10343 bytes data]

  [152 bytes data]

  [5889 bytes data]

  [10486 bytes data]

  [5898 bytes data]

  [1135 bytes data]

  [15249 bytes data]

  [1126 bytes data]

  [9798 bytes data]

  [5460 bytes data]

  [1421 bytes data]

  [1378 bytes data]

  [13585 bytes data]

  [2790 bytes data]

  [13594 bytes data]

  [2781 bytes data]

  [13603 bytes data]

  [2772 bytes data]

  [13612 bytes data]

  [2763 bytes data]

  [8876 bytes data]

  [4745 bytes data]

  [11630 bytes data]

  [4754 bytes data]

  [11621 bytes data]

  [4763 bytes data]

  [11612 bytes data]

  [4772 bytes data]

  [1655 bytes data]

  [14729 bytes data]

  [1646 bytes data]

  [7042 bytes data]

  [7696 bytes data]

  [8679 bytes data]

  [1530 bytes data]

  [6175 bytes data]

  [10200 bytes data]

  [152 bytes data]

  [6032 bytes data]

  [6361 bytes data]

  [10023 bytes data]

  [6352 bytes data]

  [152 bytes data]

  [6890 bytes data]

  [2990 bytes data]

  [5269 bytes data]

  [4134 bytes data]

  [6981 bytes data]

  [9394 bytes data]

  [6990 bytes data]

  [9385 bytes data]

  [6999 bytes data]

  [9376 bytes data]

  [4590 bytes data]

  [2418 bytes data]

  [13957 bytes data]

  [2427 bytes data]

  [13948 bytes data]

  [2436 bytes data]

  [8883 bytes data]

  [7501 bytes data]

  [8874 bytes data]

  [7510 bytes data]

  [8259 bytes data]

  [8125 bytes data]

  [8250 bytes data]

  [8134 bytes data]

  [277 bytes data]

  [5512 bytes data]

  [2756 bytes data]

  [1378 bytes data]

  [6461 bytes data]

  [1798 bytes data]

  [14586 bytes data]

  [1789 bytes data]

  [152 bytes data]

  [14443 bytes data]

  [1932 bytes data]

  [14452 bytes data]

  [1923 bytes data]

  [1682 bytes data]

  [1378 bytes data]

  [1378 bytes data]

  [1378 bytes data]

  [1378 bytes data]

  [1378 bytes data]

  [4134 bytes data]

  [1378 bytes data]

  [377 bytes data]

  [992 bytes data]

  [4134 bytes data]

  [1378 bytes data]

  [4134 bytes data]

  [4134 bytes data]

  [1612 bytes data]

  [3891 bytes data]

  [6890 bytes data]

  [2756 bytes data]

  [1378 bytes data]

  [1378 bytes data]

  [91 bytes data]

  [16284 bytes data]

  [100 bytes data]

  [13823 bytes data]

  [2561 bytes data]

  [13814 bytes data]

  [2570 bytes data]

  [8597 bytes data]

  [7787 bytes data]

  [8588 bytes data]

  [7796 bytes data]

  [4749 bytes data]

  [11635 bytes data]

  [4740 bytes data]

  [11644 bytes data]

  [4125 bytes data]

  [1378 bytes data]

  [1378 bytes data]

  [1378 bytes data]

  [1378 bytes data]

  [1378 bytes data]

  [4134 bytes data]

  [1235 bytes data]

  [134 bytes data]

  [1378 bytes data]

  [13780 bytes data]

  [1092 bytes data]

  [277 bytes data]

  [4134 bytes data]

  [4134 bytes data]

  [1378 bytes data]

  [1378 bytes data]

  [1378 bytes data]

  [1378 bytes data]

  [1378 bytes data]

  [949 bytes data]

  [420 bytes data]

  [1378 bytes data]

  [1378 bytes data]

  [1378 bytes data]

  [1378 bytes data]

  [1378 bytes data]

  [1378 bytes data]

  [1378 bytes data]

  [1378 bytes data]

  [1378 bytes data]

  [1378 bytes data]

  [1378 bytes data]

  [806 bytes data]

  [3319 bytes data]

  [1378 bytes data]

  [1378 bytes data]

  [1378 bytes data]

  [8931 bytes data]

  [6218 bytes data]

  [10166 bytes data]

  [6209 bytes data]

  [10175 bytes data]

  [6200 bytes data]

  [3060 bytes data]

  [7124 bytes data]

  [9251 bytes data]

  [7133 bytes data]

  [9242 bytes data]

  [7142 bytes data]

  [9233 bytes data]

  [7151 bytes data]

  [186 bytes data]

  [9646 bytes data]

  [6552 bytes data]

  [9823 bytes data]

  [6561 bytes data]

  [9814 bytes data]

  [6570 bytes data]

  [9805 bytes data]

  [6579 bytes data]

  [9796 bytes data]

  [3364 bytes data]

  [3224 bytes data]

  [6881 bytes data]

  [9503 bytes data]

  [6872 bytes data]

  [9512 bytes data]

  [3033 bytes data]

  [13351 bytes data]

  [3024 bytes data]

  [13360 bytes data]

  [3015 bytes data]

  [13369 bytes data]

  [706 bytes data]

  [15678 bytes data]

  [697 bytes data]

  [15687 bytes data]

  [688 bytes data]

  [5816 bytes data]

  [5512 bytes data]

  [4368 bytes data]

  [12007 bytes data]

  [4377 bytes data]

  [11998 bytes data]

  [4386 bytes data]

  [2799 bytes data]

  [12402 bytes data]

  [1183 bytes data]

  [186 bytes data]

  [1378 bytes data]

  [1378 bytes data]

  [1378 bytes data]

  [1378 bytes data]

  [1378 bytes data]

  [5512 bytes data]

  [3796 bytes data]

  [1707 bytes data]

  [1378 bytes data]

  [1378 bytes data]

  [1378 bytes data]

  [1378 bytes data]

  [2756 bytes data]

  [1378 bytes data]

  [1378 bytes data]

  [1378 bytes data]

  [2275 bytes data]

  [14100 bytes data]

  [2284 bytes data]

  [4749 bytes data]

  [11635 bytes data]

  [4740 bytes data]

  [8420 bytes data]

  [3224 bytes data]

  [11015 bytes data]

  [5369 bytes data]

  [11006 bytes data]

  [2908 bytes data]

  [2470 bytes data]

  [13905 bytes data]

  [2479 bytes data]

  [13896 bytes data]

  [2488 bytes data]

  [11587 bytes data]

  [4797 bytes data]

  [11578 bytes data]

  [4806 bytes data]

  [11569 bytes data]

  [4815 bytes data]

  [10638 bytes data]

  [5746 bytes data]

  [10629 bytes data]

  [1530 bytes data]

  [4225 bytes data]

  [2656 bytes data]

  [1378 bytes data]

  [12350 bytes data]

  [4025 bytes data]

  [12359 bytes data]

  [4016 bytes data]

  [12368 bytes data]

  [4007 bytes data]

  [12377 bytes data]

  [3998 bytes data]

  [11632 bytes data]

  [754 bytes data]

  [15621 bytes data]

  [763 bytes data]

  [15612 bytes data]

  [756 bytes data]

  [16375 bytes data]

  [9 bytes data]

  [16366 bytes data]

  [18 bytes data]

  [16357 bytes data]

  [27 bytes data]

  [16348 bytes data]

  [36 bytes data]

  [16339 bytes data]

  [45 bytes data]

  [16330 bytes data]

  [54 bytes data]

  [16321 bytes data]

  [63 bytes data]

  [16312 bytes data]

  [72 bytes data]

  [16303 bytes data]

  [81 bytes data]

  [16294 bytes data]

  [90 bytes data]

  [16285 bytes data]

  [99 bytes data]

  [16276 bytes data]

  [108 bytes data]

  [16267 bytes data]

  [117 bytes data]

  [16258 bytes data]

  [126 bytes data]

  [16249 bytes data]

  [135 bytes data]

  [16240 bytes data]

  [144 bytes data]

  [16375 bytes data]

  [9 bytes data]

  [16366 bytes data]

  [18 bytes data]

  [16357 bytes data]

  [27 bytes data]

  [12822 bytes data]

  [3562 bytes data]

  [12813 bytes data]

  [3571 bytes data]

  [10352 bytes data]

  [6032 bytes data]

  [10343 bytes data]

  [2908 bytes data]

  [3133 bytes data]

  [13242 bytes data]

  [3142 bytes data]

  [13233 bytes data]

  [3151 bytes data]

  [13224 bytes data]

  [3160 bytes data]

  [13215 bytes data]

  [3169 bytes data]

  [13206 bytes data]

  [3178 bytes data]

  [13197 bytes data]

  [3187 bytes data]

  [13188 bytes data]

  [2442 bytes data]

  [754 bytes data]

  [615 bytes data]

  [4134 bytes data]

  [11635 bytes data]

  [3514 bytes data]

  [12870 bytes data]

  [3505 bytes data]

  [12879 bytes data]

  [2890 bytes data]

  [13494 bytes data]

  [2881 bytes data]

  [13503 bytes data]

  [2872 bytes data]

  [13512 bytes data]

  [2863 bytes data]

  [1834 bytes data]

  [11687 bytes data]

  [4688 bytes data]

  [152 bytes data]

  [11544 bytes data]

  [4831 bytes data]

  [11553 bytes data]

  [4822 bytes data]

  [4438 bytes data]

  [7124 bytes data]

  [9251 bytes data]

  [2908 bytes data]

  [4225 bytes data]

  [8168 bytes data]

  [8216 bytes data]

  [8159 bytes data]

  [8225 bytes data]

  [1564 bytes data]

  [14820 bytes data]

  [1555 bytes data]

  [152 bytes data]

  [14677 bytes data]

  [472 bytes data]

  [1378 bytes data]

  [1378 bytes data]

  [11024 bytes data]

  [2132 bytes data]

  [4749 bytes data]

  [2756 bytes data]

  [8879 bytes data]

  [6270 bytes data]

  [10114 bytes data]

  [1369 bytes data]

  [15015 bytes data]

  [1360 bytes data]

  [15024 bytes data]

  [1351 bytes data]

  [3060 bytes data]

  [11973 bytes data]

  [3176 bytes data]

  [1378 bytes data]

  [11830 bytes data]

  [4545 bytes data]

  [11839 bytes data]

  [4536 bytes data]

  [11848 bytes data]

  [4527 bytes data]

  [11857 bytes data]

  [4518 bytes data]

  [7498 bytes data]

  [4368 bytes data]

  [12007 bytes data]

  [4377 bytes data]

  [11998 bytes data]

  [4386 bytes data]

  [9689 bytes data]

  [6695 bytes data]

  [9680 bytes data]

  [6704 bytes data]

  [1707 bytes data]

  [14677 bytes data]

  [1698 bytes data]

  [14686 bytes data]

  [1689 bytes data]

  [14695 bytes data]

  [1680 bytes data]

  [5968 bytes data]

  [8736 bytes data]

  [16375 bytes data]

  [9 bytes data]

  [16366 bytes data]

  [18 bytes data]

  [16357 bytes data]

  [27 bytes data]

  [16348 bytes data]

  [36 bytes data]

  [16339 bytes data]

  [45 bytes data]

  [16330 bytes data]

  [54 bytes data]

  [16321 bytes data]

  [63 bytes data]

  [16312 bytes data]

  [72 bytes data]

  [16303 bytes data]

  [81 bytes data]

  [16294 bytes data]

  [90 bytes data]

  [16285 bytes data]

  [99 bytes data]

  [16276 bytes data]

  [108 bytes data]

  [16267 bytes data]

  [117 bytes data]

  [16258 bytes data]

  [126 bytes data]

  [16249 bytes data]

  [135 bytes data]

  [16240 bytes data]

  [144 bytes data]

  [16375 bytes data]

  [9 bytes data]

  [16366 bytes data]

  [18 bytes data]

  [16357 bytes data]

  [27 bytes data]

  [16348 bytes data]

  [36 bytes data]

  [16339 bytes data]

  [45 bytes data]

  [16330 bytes data]

  [54 bytes data]

  [16321 bytes data]

  [63 bytes data]

  [16312 bytes data]

  [72 bytes data]

  [16303 bytes data]

  [81 bytes data]

  [16294 bytes data]

  [90 bytes data]

  [16285 bytes data]

  [99 bytes data]

  [16276 bytes data]

  [108 bytes data]

  [16267 bytes data]

  [117 bytes data]

  [16258 bytes data]

  [126 bytes data]

  [16249 bytes data]

  [135 bytes data]

  [16240 bytes data]

  [144 bytes data]

  [16375 bytes data]

  [9 bytes data]

  [16366 bytes data]

  [18 bytes data]

  [16357 bytes data]

  [27 bytes data]

  [16348 bytes data]

  [36 bytes data]

  [16339 bytes data]

  [45 bytes data]

  [16330 bytes data]

  [54 bytes data]

  [16321 bytes data]

  [63 bytes data]

  [16312 bytes data]

  [72 bytes data]

  [16303 bytes data]

  [81 bytes data]

  [16294 bytes data]

  [90 bytes data]

  [16285 bytes data]

  [99 bytes data]

  [16276 bytes data]

  [108 bytes data]

  [16267 bytes data]

  [117 bytes data]

  [16258 bytes data]

  [126 bytes data]

  [16249 bytes data]

  [135 bytes data]

  [16240 bytes data]

  [144 bytes data]

  [16231 bytes data]

  [144 bytes data]

  [9 bytes data]

  [16366 bytes data]

  [18 bytes data]

  [16357 bytes data]

  [27 bytes data]

  [16348 bytes data]

  [36 bytes data]

  [16339 bytes data]

  [45 bytes data]

  [16330 bytes data]

  [54 bytes data]

  [16321 bytes data]

  [63 bytes data]

  [16312 bytes data]

  [72 bytes data]

  [16303 bytes data]

  [81 bytes data]

  [16294 bytes data]

  [90 bytes data]

  [16285 bytes data]

  [99 bytes data]

  [16276 bytes data]

  [108 bytes data]

  [16267 bytes data]

  [117 bytes data]

  [16258 bytes data]

  [126 bytes data]

  [16249 bytes data]

  [135 bytes data]

  [16240 bytes data]

  [128 bytes data]

  [16375 bytes data]

  [9 bytes data]

  [16366 bytes data]

  [18 bytes data]

  [16357 bytes data]

  [27 bytes data]

  [16348 bytes data]

  [36 bytes data]

  [16339 bytes data]

  [45 bytes data]

  [16330 bytes data]

  [54 bytes data]

  [16321 bytes data]

  [63 bytes data]

  [16312 bytes data]

  [72 bytes data]

  [16303 bytes data]

  [81 bytes data]

  [16294 bytes data]

  [90 bytes data]

  [16285 bytes data]

  [99 bytes data]

  [16276 bytes data]

  [108 bytes data]

  [16267 bytes data]

  [117 bytes data]

  [16258 bytes data]

  [126 bytes data]

  [16249 bytes data]

  [135 bytes data]

  [16240 bytes data]

  [144 bytes data]

  [16375 bytes data]

  [9 bytes data]

  [16366 bytes data]

  [18 bytes data]

  [16357 bytes data]

  [27 bytes data]

  [16348 bytes data]

  [36 bytes data]

  [16339 bytes data]

  [45 bytes data]

  [16330 bytes data]

  [54 bytes data]

  [16321 bytes data]

  [63 bytes data]

  [16312 bytes data]

  [72 bytes data]

  [16303 bytes data]

  [81 bytes data]

  [16294 bytes data]

  [90 bytes data]

  [16285 bytes data]

  [99 bytes data]

  [16276 bytes data]

  [108 bytes data]

  [16267 bytes data]

  [117 bytes data]

  [16258 bytes data]

  [126 bytes data]

  [16249 bytes data]

  [135 bytes data]

  [16240 bytes data]

  [144 bytes data]

  [16231 bytes data]

  [144 bytes data]

  [9 bytes data]

  [16366 bytes data]

  [18 bytes data]

  [16357 bytes data]

  [27 bytes data]

  [16348 bytes data]

  [36 bytes data]

  [16339 bytes data]

  [45 bytes data]

  [16330 bytes data]

  [54 bytes data]

  [16321 bytes data]

  [63 bytes data]

  [16312 bytes data]

  [72 bytes data]

  [16303 bytes data]

  [81 bytes data]

  [16294 bytes data]

  [90 bytes data]

  [16285 bytes data]

  [99 bytes data]

  [16276 bytes data]

  [108 bytes data]

  [16267 bytes data]

  [117 bytes data]

  [16258 bytes data]

  [126 bytes data]

  [16249 bytes data]

  [135 bytes data]

  [16240 bytes data]

  [144 bytes data]

  [16231 bytes data]

  [144 bytes data]

  [9 bytes data]

  [16366 bytes data]

  [18 bytes data]

  [16357 bytes data]

  [27 bytes data]

  [16348 bytes data]

  [36 bytes data]

  [16339 bytes data]

  [45 bytes data]

  [16330 bytes data]

  [54 bytes data]

  [16321 bytes data]

  [63 bytes data]

  [16312 bytes data]

  [72 bytes data]

  [16303 bytes data]

  [81 bytes data]

  [16294 bytes data]

  [90 bytes data]

  [16285 bytes data]

  [99 bytes data]

  [16276 bytes data]

  [108 bytes data]

  [16267 bytes data]

  [117 bytes data]

  [16258 bytes data]

  [126 bytes data]

  [16249 bytes data]

  [135 bytes data]

  [16240 bytes data]

  [144 bytes data]

  [16375 bytes data]

  [9 bytes data]

  [16366 bytes data]

  [18 bytes data]

  [16357 bytes data]

  [27 bytes data]

  [16348 bytes data]

  [36 bytes data]

  [16339 bytes data]

  [45 bytes data]

  [16330 bytes data]

  [54 bytes data]

  [16321 bytes data]

  [63 bytes data]

  [16312 bytes data]

  [72 bytes data]

  [16303 bytes data]

  [81 bytes data]

  [16294 bytes data]

  [90 bytes data]

  [16285 bytes data]

  [99 bytes data]

  [16276 bytes data]

  [108 bytes data]

  [16267 bytes data]

  [117 bytes data]

  [16258 bytes data]

  [126 bytes data]

  [16249 bytes data]

  [135 bytes data]

  [16240 bytes data]

  [144 bytes data]

  [13771 bytes data]

  [2613 bytes data]

  [13762 bytes data]

  [2622 bytes data]

  [13753 bytes data]

  [2631 bytes data]

  [13744 bytes data]

  [1834 bytes data]

  [806 bytes data]

  [563 bytes data]

  [1378 bytes data]

  [1378 bytes data]

  [9646 bytes data]

  [3419 bytes data]

  [10352 bytes data]

  [1378 bytes data]

  [1378 bytes data]

  [1378 bytes data]

  [1378 bytes data]

  [520 bytes data]

  [849 bytes data]

  [1378 bytes data]

  [1378 bytes data]

  [1378 bytes data]

  [1378 bytes data]

  [1378 bytes data]

  [1378 bytes data]

  [1378 bytes data]

  [1378 bytes data]

  [1378 bytes data]

  [1378 bytes data]

  [1378 bytes data]

  [377 bytes data]

  [13394 bytes data]

  [1378 bytes data]

  [1378 bytes data]

  [234 bytes data]

  [1135 bytes data]

  [1378 bytes data]

  [1378 bytes data]

  [1378 bytes data]

  [1378 bytes data]

  [1378 bytes data]

  [1378 bytes data]

  [1378 bytes data]

  [1378 bytes data]

  [4225 bytes data]

  [9546 bytes data]

  [2756 bytes data]

  [2756 bytes data]

  [1326 bytes data]

  [4177 bytes data]

  [1378 bytes data]

  [1378 bytes data]

  [1378 bytes data]

  [1378 bytes data]

  [1378 bytes data]

  [5317 bytes data]

  [7076 bytes data]

  [1378 bytes data]

  [1378 bytes data]

  [1378 bytes data]

  [1378 bytes data]

  [1378 bytes data]

  [1378 bytes data]

  [1040 bytes data]

  [3085 bytes data]

  [1378 bytes data]

  [1378 bytes data]

  [1378 bytes data]

  [1378 bytes data]

  [1378 bytes data]

  [6409 bytes data]

  [1850 bytes data]

  [4134 bytes data]

  [1378 bytes data]

  [6890 bytes data]

  [1378 bytes data]

  [754 bytes data]

  [4749 bytes data]

  [1378 bytes data]

  [1378 bytes data]

  [1378 bytes data]

  [1378 bytes data]

  [1378 bytes data]

  [1378 bytes data]

  [3367 bytes data]

  [758 bytes data]

  [6890 bytes data]

  [1378 bytes data]

  [1378 bytes data]

  [1378 bytes data]

  [1378 bytes data]

  [1378 bytes data]

  [1846 bytes data]

  [4125 bytes data]

  [12259 bytes data]

  [1512 bytes data]

  [4134 bytes data]

  [10738 bytes data]

  [5637 bytes data]

  [1530 bytes data]

  [1378 bytes data]

  [1378 bytes data]

  [1378 bytes data]

  [4134 bytes data]

  [949 bytes data]

  [420 bytes data]

  [1378 bytes data]

  [1378 bytes data]

  [5512 bytes data]

  [1378 bytes data]

  [1378 bytes data]

  [1378 bytes data]

  [3562 bytes data]

  [12813 bytes data]

  [3571 bytes data]

  [12804 bytes data]

  [3580 bytes data]

  [7739 bytes data]

  [8645 bytes data]

  [7730 bytes data]

  [8654 bytes data]

  [7721 bytes data]

  [304 bytes data]

  [8359 bytes data]

  [5412 bytes data]

  [10972 bytes data]

  [5403 bytes data]

  [10981 bytes data]

  [5394 bytes data]

  [10990 bytes data]

  [5385 bytes data]

  [1834 bytes data]

  [9165 bytes data]

  [7210 bytes data]

  [9174 bytes data]

  [615 bytes data]

  [15769 bytes data]

  [606 bytes data]

  [15778 bytes data]

  [597 bytes data]

  [2150 bytes data]

  [13637 bytes data]

  [2738 bytes data]

  [13646 bytes data]

  [277 bytes data]

  [1378 bytes data]

  [14729 bytes data]

  [1646 bytes data]

  [14738 bytes data]

  [1637 bytes data]

  [14747 bytes data]

  [1628 bytes data]

  [3212 bytes data]

  [11024 bytes data]

  [520 bytes data]

  [849 bytes data]

  [1378 bytes data]

  [1378 bytes data]

  [9646 bytes data]

  [3133 bytes data]

  [3748 bytes data]

  [1378 bytes data]

  [1378 bytes data]

  [1378 bytes data]

  [1378 bytes data]

  [1378 bytes data]

  [1378 bytes data]

  [1378 bytes data]

  [1378 bytes data]

  [1378 bytes data]

  [234 bytes data]

  [1135 bytes data]

  [1378 bytes data]

  [1378 bytes data]

  [1378 bytes data]

  [1378 bytes data]

  [1378 bytes data]

  [1378 bytes data]

  [1378 bytes data]

  [1378 bytes data]

  [1378 bytes data]

  [1378 bytes data]

  [1469 bytes data]

  [14906 bytes data]

  [1478 bytes data]

  [1421 bytes data]

  [4134 bytes data]

  [1378 bytes data]

  [1378 bytes data]

  [1378 bytes data]

  [1378 bytes data]

  [1378 bytes data]

  [1378 bytes data]

  [1378 bytes data]

  [1183 bytes data]

  [186 bytes data]

  [1378 bytes data]

  [5512 bytes data]

  [1378 bytes data]

  [1378 bytes data]

  [1378 bytes data]

  [1378 bytes data]

  [3796 bytes data]

  [11353 bytes data]

  [4134 bytes data]

  [897 bytes data]

  [4606 bytes data]

  [11778 bytes data]

  [4597 bytes data]

  [11787 bytes data]

  [758 bytes data]

  [1378 bytes data]

  [1378 bytes data]

  [12854 bytes data]

  [3521 bytes data]

  [1982 bytes data]

  [1378 bytes data]

  [1378 bytes data]

  [1378 bytes data]

  [2756 bytes data]

  [3991 bytes data]

  [12384 bytes data]

  [4000 bytes data]

  [12375 bytes data]

  [4009 bytes data]

  [12366 bytes data]

  [4018 bytes data]

  [12357 bytes data]

  [4027 bytes data]

  [8974 bytes data]

  [6890 bytes data]

  [520 bytes data]

  [849 bytes data]

  [1378 bytes data]

  [1378 bytes data]

  [1378 bytes data]

  [1378 bytes data]

  [1378 bytes data]

  [1378 bytes data]

  [1378 bytes data]

  [1378 bytes data]

  [1378 bytes data]

  [1378 bytes data]

  [1378 bytes data]

  [377 bytes data]

  [992 bytes data]

  [1378 bytes data]

  [13780 bytes data]

  [234 bytes data]

  [1135 bytes data]

  [1378 bytes data]

  [1378 bytes data]

  [1378 bytes data]

  [1378 bytes data]

  [1378 bytes data]

  [2756 bytes data]

  [1378 bytes data]

  [1378 bytes data]

  [1378 bytes data]

  [1378 bytes data]

  [91 bytes data]

  [9546 bytes data]

  [1378 bytes data]

  [1378 bytes data]

  [4082 bytes data]

  [5555 bytes data]

  [1378 bytes data]

  [4134 bytes data]

  [1378 bytes data]

  [1378 bytes data]

  [1378 bytes data]

  [1183 bytes data]

  [186 bytes data]

  [1378 bytes data]

  [1378 bytes data]

  [1378 bytes data]

  [1378 bytes data]

  [1378 bytes data]

  [1378 bytes data]

  [1378 bytes data]

  [1378 bytes data]

  [1378 bytes data]

  [1378 bytes data]

  [2418 bytes data]

  [1707 bytes data]

  [1378 bytes data]

  [1378 bytes data]

  [1378 bytes data]

  [9646 bytes data]

  [897 bytes data]

  [11496 bytes data]

  [1378 bytes data]

  [1378 bytes data]

  [1378 bytes data]

  [754 bytes data]

  [615 bytes data]

  [1378 bytes data]

  [1378 bytes data]

  [1378 bytes data]

  [1378 bytes data]

  [1378 bytes data]

  [4134 bytes data]

  [1378 bytes data]

  [1378 bytes data]

  [1378 bytes data]

  [611 bytes data]

  [3514 bytes data]

  [1378 bytes data]

  [1378 bytes data]

  [1378 bytes data]

  [1378 bytes data]

  [7358 bytes data]

  [16375 bytes data]

  [9 bytes data]

  [16366 bytes data]

  [18 bytes data]

  [16357 bytes data]

  [27 bytes data]

  [16348 bytes data]

  [36 bytes data]

  [16339 bytes data]

  [45 bytes data]

  [16330 bytes data]

  [54 bytes data]

  [16321 bytes data]

  [63 bytes data]

  [16312 bytes data]

  [72 bytes data]

  [16303 bytes data]

  [81 bytes data]

  [16294 bytes data]

  [90 bytes data]

  [16285 bytes data]

  [99 bytes data]

  [16276 bytes data]

  [108 bytes data]

  [16267 bytes data]

  [117 bytes data]

  [16258 bytes data]

  [126 bytes data]

  [16249 bytes data]

  [135 bytes data]

  [16240 bytes data]

  [144 bytes data]

  [16375 bytes data]

  [9 bytes data]

  [16366 bytes data]

  [18 bytes data]

  [16357 bytes data]

  [27 bytes data]

  [16348 bytes data]

  [36 bytes data]

  [16339 bytes data]

  [45 bytes data]

  [16330 bytes data]

  [54 bytes data]

  [16321 bytes data]

  [63 bytes data]

  [16312 bytes data]

  [72 bytes data]

  [16303 bytes data]

  [81 bytes data]

  [16294 bytes data]

  [90 bytes data]

  [16285 bytes data]

  [99 bytes data]

  [16276 bytes data]

  [108 bytes data]

  [16267 bytes data]

  [117 bytes data]

  [16258 bytes data]

  [126 bytes data]

  [16249 bytes data]

  [135 bytes data]

  [16240 bytes data]

  [144 bytes data]

  [16375 bytes data]

  [9 bytes data]

  [16366 bytes data]

  [18 bytes data]

  [16357 bytes data]

  [27 bytes data]

  [16348 bytes data]

  [36 bytes data]

  [16339 bytes data]

  [45 bytes data]

  [16330 bytes data]

  [54 bytes data]

  [16321 bytes data]

  [63 bytes data]

  [16312 bytes data]

  [72 bytes data]

  [16303 bytes data]

  [81 bytes data]

  [16294 bytes data]

  [90 bytes data]

  [16285 bytes data]

  [99 bytes data]

  [16276 bytes data]

  [108 bytes data]

  [16267 bytes data]

  [117 bytes data]

  [16258 bytes data]

  [126 bytes data]

  [16249 bytes data]

  [135 bytes data]

  [16240 bytes data]

  [144 bytes data]

  [16375 bytes data]

  [9 bytes data]

  [16366 bytes data]

  [18 bytes data]

  [16357 bytes data]

  [27 bytes data]

  [16348 bytes data]

  [36 bytes data]

  [16339 bytes data]

  [45 bytes data]

  [16330 bytes data]

  [54 bytes data]

  [16321 bytes data]

  [63 bytes data]

  [16312 bytes data]

  [72 bytes data]

  [16303 bytes data]

  [81 bytes data]

  [16294 bytes data]

  [90 bytes data]

  [16285 bytes data]

  [99 bytes data]

  [16276 bytes data]

  [108 bytes data]

  [16267 bytes data]

  [117 bytes data]

  [16258 bytes data]

  [126 bytes data]

  [16249 bytes data]

  [135 bytes data]

  [16240 bytes data]

  [144 bytes data]

  [16375 bytes data]

  [9 bytes data]

  [16366 bytes data]

  [18 bytes data]

  [16357 bytes data]

  [27 bytes data]

  [16348 bytes data]

  [36 bytes data]

  [16339 bytes data]

  [45 bytes data]

  [16330 bytes data]

  [54 bytes data]

  [16321 bytes data]

  [63 bytes data]

  [16312 bytes data]

  [72 bytes data]

  [16303 bytes data]

  [81 bytes data]

  [16294 bytes data]

  [90 bytes data]

  [16285 bytes data]

  [99 bytes data]

  [16276 bytes data]

  [108 bytes data]

  [16267 bytes data]

  [117 bytes data]

  [16258 bytes data]

  [126 bytes data]

  [16249 bytes data]

  [135 bytes data]

  [16240 bytes data]

  [144 bytes data]

  [16375 bytes data]

  [9 bytes data]

  [16366 bytes data]

  [18 bytes data]

  [16357 bytes data]

  [27 bytes data]

  [16348 bytes data]

  [36 bytes data]

  [16339 bytes data]

  [45 bytes data]

  [16330 bytes data]

  [54 bytes data]

  [16321 bytes data]

  [63 bytes data]

  [16312 bytes data]

  [72 bytes data]

  [16303 bytes data]

  [81 bytes data]

  [16294 bytes data]

  [90 bytes data]

  [16285 bytes data]

  [99 bytes data]

  [16276 bytes data]

  [108 bytes data]

  [16267 bytes data]

  [117 bytes data]

  [16258 bytes data]

  [126 bytes data]

  [16249 bytes data]

  [135 bytes data]

  [16240 bytes data]

  [144 bytes data]

  [16231 bytes data]

  [153 bytes data]

  [16222 bytes data]

  [162 bytes data]

  [16213 bytes data]

  [171 bytes data]

  [16204 bytes data]

  [144 bytes data]

  [36 bytes data]

  [16339 bytes data]

  [45 bytes data]

  [16330 bytes data]

  [54 bytes data]

  [16321 bytes data]

  [63 bytes data]

  [16312 bytes data]

  [72 bytes data]

  [16303 bytes data]

  [81 bytes data]

  [16294 bytes data]

  [90 bytes data]

  [16285 bytes data]

  [99 bytes data]

  [16276 bytes data]

  [108 bytes data]

  [16267 bytes data]

  [117 bytes data]

  [16258 bytes data]

  [126 bytes data]

  [16249 bytes data]

  [135 bytes data]

  [16240 bytes data]

  [128 bytes data]

  [16247 bytes data]

  [137 bytes data]

  [16238 bytes data]

  [146 bytes data]

  [16229 bytes data]

  [155 bytes data]

  [16220 bytes data]

  [164 bytes data]

  [16211 bytes data]

  [173 bytes data]

  [16202 bytes data]

  [182 bytes data]

  [16193 bytes data]

  [191 bytes data]

  [16184 bytes data]

  [200 bytes data]

  [16175 bytes data]

  [209 bytes data]

  [16166 bytes data]

  [128 bytes data]

  [90 bytes data]

  [16285 bytes data]

  [99 bytes data]

  [16276 bytes data]

  [108 bytes data]

  [16267 bytes data]

  [117 bytes data]

  [16258 bytes data]

  [126 bytes data]

  [16249 bytes data]

  [135 bytes data]

  [16240 bytes data]

  [144 bytes data]

  [16231 bytes data]

  [144 bytes data]

  [9 bytes data]

  [16366 bytes data]

  [18 bytes data]

  [16357 bytes data]

  [27 bytes data]

  [16348 bytes data]

  [36 bytes data]

  [16339 bytes data]

  [45 bytes data]

  [16330 bytes data]

  [54 bytes data]

  [16321 bytes data]

  [63 bytes data]

  [16312 bytes data]

  [72 bytes data]

  [16303 bytes data]

  [81 bytes data]

  [16294 bytes data]

  [90 bytes data]

  [16285 bytes data]

  [99 bytes data]

  [16276 bytes data]

  [108 bytes data]

  [16267 bytes data]

  [117 bytes data]

  [16258 bytes data]

  [126 bytes data]

  [16249 bytes data]

  [135 bytes data]

  [16240 bytes data]

  [144 bytes data]

  [16231 bytes data]

  [153 bytes data]

  [16222 bytes data]

  [162 bytes data]

  [16213 bytes data]

  [171 bytes data]

  [16204 bytes data]

  [180 bytes data]

  [16195 bytes data]

  [189 bytes data]

  [16186 bytes data]

  [198 bytes data]

  [16177 bytes data]

  [144 bytes data]

  [63 bytes data]

  [16312 bytes data]

  [72 bytes data]

  [16303 bytes data]

  [81 bytes data]

  [16294 bytes data]

  [90 bytes data]

  [16285 bytes data]

  [99 bytes data]

  [16276 bytes data]

  [108 bytes data]

  [16267 bytes data]

  [117 bytes data]

  [16258 bytes data]

  [126 bytes data]

  [16249 bytes data]

  [135 bytes data]

  [16240 bytes data]

  [144 bytes data]

  [16231 bytes data]

  [144 bytes data]

  [9 bytes data]

  [16366 bytes data]

  [18 bytes data]

  [16357 bytes data]

  [27 bytes data]

  [16348 bytes data]

  [36 bytes data]

  [16339 bytes data]

  [45 bytes data]

  [16330 bytes data]

  [54 bytes data]

  [16321 bytes data]

  [63 bytes data]

  [16312 bytes data]

  [72 bytes data]

  [16303 bytes data]

  [81 bytes data]

  [16294 bytes data]

  [90 bytes data]

  [16285 bytes data]

  [99 bytes data]

  [16276 bytes data]

  [108 bytes data]

  [16267 bytes data]

  [117 bytes data]

  [16258 bytes data]

  [126 bytes data]

  [16249 bytes data]

  [135 bytes data]

  [16240 bytes data]

  [144 bytes data]

  [16375 bytes data]

  [9 bytes data]

  [16366 bytes data]

  [18 bytes data]

  [16357 bytes data]

  [27 bytes data]

  [16348 bytes data]

  [36 bytes data]

  [16339 bytes data]

  [45 bytes data]

  [16330 bytes data]

  [54 bytes data]

  [16321 bytes data]

  [63 bytes data]

  [16312 bytes data]

  [72 bytes data]

  [16303 bytes data]

  [81 bytes data]

  [16294 bytes data]

  [90 bytes data]

  [16285 bytes data]

  [99 bytes data]

  [16276 bytes data]

  [108 bytes data]

  [16267 bytes data]

  [117 bytes data]

  [16258 bytes data]

  [126 bytes data]

  [16249 bytes data]

  [135 bytes data]

  [16240 bytes data]

  [144 bytes data]

  [16375 bytes data]

  [9 bytes data]

  [16366 bytes data]

  [18 bytes data]

  [16357 bytes data]

  [27 bytes data]

  [16348 bytes data]

  [36 bytes data]

  [16339 bytes data]

  [45 bytes data]

  [16330 bytes data]

  [54 bytes data]

  [16321 bytes data]

  [63 bytes data]

  [16312 bytes data]

  [72 bytes data]

  [16303 bytes data]

  [81 bytes data]

  [16294 bytes data]

  [90 bytes data]

  [16285 bytes data]

  [99 bytes data]

  [16276 bytes data]

  [108 bytes data]

  [16267 bytes data]

  [117 bytes data]

  [16258 bytes data]

  [126 bytes data]

  [16249 bytes data]

  [135 bytes data]

  [16240 bytes data]

  [144 bytes data]

  [16375 bytes data]

  [9 bytes data]

  [16366 bytes data]

  [18 bytes data]

  [9923 bytes data]

  [6461 bytes data]

  [9914 bytes data]

  [2908 bytes data]

  [3562 bytes data]

  [3319 bytes data]

  [1378 bytes data]

  [1378 bytes data]

  [1378 bytes data]

  [1378 bytes data]

  [1378 bytes data]

  [6175 bytes data]

  [3462 bytes data]

  [12922 bytes data]

  [3453 bytes data]

  [12931 bytes data]

  [3444 bytes data]

  [12706 bytes data]

  [234 bytes data]

  [9403 bytes data]

  [6981 bytes data]

  [9394 bytes data]

  [6990 bytes data]

  [9385 bytes data]

  [6999 bytes data]

  [5698 bytes data]

  [10686 bytes data]

  [4463 bytes data]

  [11921 bytes data]

  [4454 bytes data]

  [5664 bytes data]

  [6266 bytes data]

  [8883 bytes data]

  [7501 bytes data]

  [8874 bytes data]

  [4286 bytes data]

  [3224 bytes data]

  [6881 bytes data]

  [9503 bytes data]

  [6872 bytes data]

  [152 bytes data]

  [8268 bytes data]

  [1092 bytes data]

  [15283 bytes data]

  [1101 bytes data]

  [15274 bytes data]

  [1110 bytes data]

  [563 bytes data]

  [1378 bytes data]

  [2756 bytes data]

  [8268 bytes data]

  [1378 bytes data]

  [2041 bytes data]

  [10352 bytes data]

  [6032 bytes data]

  [4983 bytes data]

  [11401 bytes data]

  [2370 bytes data]

  [14014 bytes data]

  [2361 bytes data]

  [4286 bytes data]

  [1378 bytes data]

  [1378 bytes data]

  [4134 bytes data]

  [1378 bytes data]

  [1378 bytes data]

  [91 bytes data]

  [1278 bytes data]

  [5512 bytes data]

  [4134 bytes data]

  [5460 bytes data]

  [1421 bytes data]

  [5512 bytes data]

  [9451 bytes data]

  [6924 bytes data]

  [8420 bytes data]

  [1040 bytes data]

  [329 bytes data]

  [1378 bytes data]

  [1378 bytes data]

  [1378 bytes data]

  [1378 bytes data]

  [1378 bytes data]

  [1378 bytes data]

  [4134 bytes data]

  [3653 bytes data]

  [3228 bytes data]

  [1378 bytes data]

  [5512 bytes data]

  [1378 bytes data]

  [4888 bytes data]

  [6127 bytes data]

  [1378 bytes data]

  [4134 bytes data]

  [1378 bytes data]

  [1378 bytes data]

  [1989 bytes data]

  [3514 bytes data]

  [1378 bytes data]

  [1378 bytes data]

  [1378 bytes data]

  [1378 bytes data]

  [4134 bytes data]

  [1378 bytes data]

  [1378 bytes data]

  [452 bytes data]

  [9637 bytes data]

  [1378 bytes data]

  [4134 bytes data]

  [1235 bytes data]

  [134 bytes data]

  [1378 bytes data]

  [1378 bytes data]

  [1378 bytes data]

  [1378 bytes data]

  [5512 bytes data]

  [1378 bytes data]

  [1378 bytes data]

  [2470 bytes data]

  [5789 bytes data]

  [2756 bytes data]

  [7839 bytes data]

  [1798 bytes data]

  [1378 bytes data]

  [1378 bytes data]

  [1378 bytes data]

  [5512 bytes data]

  [4940 bytes data]

  [563 bytes data]

  [1378 bytes data]

  [1378 bytes data]

  [1378 bytes data]

  [1378 bytes data]

  [1378 bytes data]

  [1378 bytes data]

  [7553 bytes data]

  [706 bytes data]

  [8268 bytes data]

  [1378 bytes data]

  [4134 bytes data]

  [1378 bytes data]

  [520 bytes data]

  [6361 bytes data]

  [4134 bytes data]

  [1378 bytes data]

  [4511 bytes data]

  [5126 bytes data]

  [1378 bytes data]

  [1378 bytes data]

  [1378 bytes data]

  [1378 bytes data]

  [1378 bytes data]

  [4368 bytes data]

  [1135 bytes data]

  [1378 bytes data]

  [1378 bytes data]

  [5512 bytes data]

  [1378 bytes data]

  [1378 bytes data]

  [4225 bytes data]

  [6790 bytes data]

  [1378 bytes data]

  [1378 bytes data]

  [1378 bytes data]

  [1378 bytes data]

  [1378 bytes data]

  [1378 bytes data]

  [1326 bytes data]

  [43 bytes data]

  [1378 bytes data]

  [1378 bytes data]

  [1378 bytes data]

  [1378 bytes data]

  [1378 bytes data]

  [1378 bytes data]

  [1378 bytes data]

  [1378 bytes data]

  [1378 bytes data]

  [3939 bytes data]

  [5698 bytes data]

  [8268 bytes data]

  [1378 bytes data]

  [1040 bytes data]

  [3085 bytes data]

  [1378 bytes data]

  [1378 bytes data]

  [1378 bytes data]

  [1378 bytes data]

  [7787 bytes data]

  [472 bytes data]

  [1378 bytes data]

  [1378 bytes data]

  [5512 bytes data]

  [1378 bytes data]

  [1378 bytes data]

  [1378 bytes data]

  [1378 bytes data]

  [1378 bytes data]

  [754 bytes data]

  [615 bytes data]

  [1378 bytes data]

  [1378 bytes data]

  [1378 bytes data]

  [1378 bytes data]

  [4134 bytes data]

  [1378 bytes data]

  [1378 bytes data]

  [1378 bytes data]

  [1378 bytes data]

  [611 bytes data]

  [758 bytes data]

  [1378 bytes data]

  [1378 bytes data]

  [1378 bytes data]

  [1378 bytes data]

  [1378 bytes data]

  [1378 bytes data]

  [1378 bytes data]

  [1378 bytes data]

  [4602 bytes data]

  [2747 bytes data]

  [1378 bytes data]

  [1378 bytes data]

  [1378 bytes data]

  [4134 bytes data]

  [1378 bytes data]

  [1378 bytes data]

  [1378 bytes data]

  [1235 bytes data]

  [134 bytes data]

  [1378 bytes data]

  [9646 bytes data]

  [1378 bytes data]

  [1378 bytes data]

  [1378 bytes data]

  [1092 bytes data]

  [4411 bytes data]

  [1378 bytes data]

  [4134 bytes data]

  [1378 bytes data]

  [1378 bytes data]

  [1378 bytes data]

  [2327 bytes data]

  [8688 bytes data]

  [1378 bytes data]

  [4134 bytes data]

  [2184 bytes data]

  [3319 bytes data]

  [1378 bytes data]

  [1378 bytes data]

  [5512 bytes data]

  [1378 bytes data]

  [3419 bytes data]

  [706 bytes data]

  [1378 bytes data]

  [1378 bytes data]

  [1378 bytes data]

  [1378 bytes data]

  [1378 bytes data]

  [1378 bytes data]

  [7410 bytes data]

  [6361 bytes data]

  [1378 bytes data]

  [1378 bytes data]

  [1378 bytes data]

  [1378 bytes data]

  [1378 bytes data]

  [1378 bytes data]

  [1378 bytes data]

  [377 bytes data]

  [992 bytes data]

  [1378 bytes data]

  [1378 bytes data]

  [1378 bytes data]

  [1378 bytes data]

  [1378 bytes data]

  [1378 bytes data]

  [1378 bytes data]

  [5746 bytes data]

  [1135 bytes data]

  [1378 bytes data]

  [1378 bytes data]

  [1378 bytes data]

  [1378 bytes data]

  [9737 bytes data]

  [4034 bytes data]

  [1378 bytes data]

  [1378 bytes data]

  [1378 bytes data]

  [1378 bytes data]

  [1378 bytes data]

  [1378 bytes data]

  [4082 bytes data]

  [43 bytes data]

  [11024 bytes data]

  [1378 bytes data]

  [1378 bytes data]

  [1378 bytes data]

  [1183 bytes data]

  [186 bytes data]

  [12402 bytes data]

  [3796 bytes data]

  [4463 bytes data]

  [1378 bytes data]

  [1378 bytes data]

  [2756 bytes data]

  [4134 bytes data]

  [1378 bytes data]

  [897 bytes data]

  [472 bytes data]

  [1378 bytes data]

  [1378 bytes data]

  [1378 bytes data]

  [1378 bytes data]

  [1378 bytes data]

  [1378 bytes data]

  [1378 bytes data]

  [6266 bytes data]

  [6127 bytes data]

  [1378 bytes data]

  [1378 bytes data]

  [1378 bytes data]

  [1378 bytes data]

  [1378 bytes data]

  [1378 bytes data]

  [1378 bytes data]

  [611 bytes data]

  [758 bytes data]

  [1378 bytes data]

  [14248 bytes data]

  [1369 bytes data]

  [1378 bytes data]

  [1378 bytes data]

  [1378 bytes data]

  [1378 bytes data]

  [1378 bytes data]

  [1378 bytes data]

  [1378 bytes data]

  [1378 bytes data]

  [3991 bytes data]

  [12384 bytes data]

  [4000 bytes data]

  [3033 bytes data]

  [4134 bytes data]

  [5512 bytes data]

  [1378 bytes data]

  [1378 bytes data]

  [949 bytes data]

  [420 bytes data]

  [1378 bytes data]

  [5512 bytes data]

  [4134 bytes data]

  [1378 bytes data]

  [2756 bytes data]

  [806 bytes data]

  [563 bytes data]

  [9646 bytes data]

  [1378 bytes data]

  [1378 bytes data]

  [1378 bytes data]

  [2041 bytes data]

  [2084 bytes data]

  [1378 bytes data]

  [1378 bytes data]

  [1378 bytes data]

  [1378 bytes data]

  [1378 bytes data]

  [1378 bytes data]

  [1378 bytes data]

  [1378 bytes data]

  [1378 bytes data]

  [1378 bytes data]

  [520 bytes data]

  [849 bytes data]

  [1378 bytes data]

  [1378 bytes data]

  [1378 bytes data]

  [1378 bytes data]

  [1378 bytes data]

  [4134 bytes data]

  [1378 bytes data]

  [1378 bytes data]

  [1378 bytes data]

  [377 bytes data]

  [992 bytes data]

  [1378 bytes data]

  [1378 bytes data]

  [1378 bytes data]

  [1378 bytes data]

  [1378 bytes data]

  [1378 bytes data]

  [1378 bytes data]

  [1378 bytes data]

  [4368 bytes data]

  [5269 bytes data]

  [11115 bytes data]

  [2656 bytes data]

  [1378 bytes data]

  [1378 bytes data]

  [1378 bytes data]

  [1378 bytes data]

  [1378 bytes data]

  [1378 bytes data]

  [1378 bytes data]

  [1378 bytes data]

  [1378 bytes data]

  [1326 bytes data]

  [9689 bytes data]

  [1378 bytes data]

  [1378 bytes data]

  [1378 bytes data]

  [1378 bytes data]

  [1183 bytes data]

  [186 bytes data]

  [1378 bytes data]

  [1378 bytes data]

  [1378 bytes data]

  [1378 bytes data]

  [1378 bytes data]

  [1378 bytes data]

  [4134 bytes data]

  [1378 bytes data]

  [1378 bytes data]

  [1040 bytes data]

  [329 bytes data]

  [11024 bytes data]

  [1378 bytes data]

  [1378 bytes data]

  [1378 bytes data]

  [897 bytes data]

  [472 bytes data]

  [1378 bytes data]

  [1378 bytes data]

  [5512 bytes data]

  [1378 bytes data]

  [1378 bytes data]

  [1378 bytes data]

  [1378 bytes data]

  [1378 bytes data]

  [754 bytes data]

  [3371 bytes data]

  [1378 bytes data]

  [1378 bytes data]

  [1378 bytes data]

  [1378 bytes data]

  [1378 bytes data]

  [1378 bytes data]

  [1378 bytes data]

  [1378 bytes data]

  [1378 bytes data]

  [611 bytes data]

  [758 bytes data]

  [1378 bytes data]

  [5512 bytes data]

  [1378 bytes data]

  [4134 bytes data]

  [1378 bytes data]

  [1846 bytes data]

  [2747 bytes data]

  [13637 bytes data]

  [2738 bytes data]

  [4286 bytes data]

  [1378 bytes data]

  [1378 bytes data]

  [1378 bytes data]

  [2756 bytes data]

  [1378 bytes data]

  [1092 bytes data]

  [277 bytes data]

  [1378 bytes data]

  [1378 bytes data]

  [1378 bytes data]

  [1378 bytes data]

  [1378 bytes data]

  [1378 bytes data]

  [1378 bytes data]

  [1378 bytes data]

  [1378 bytes data]

  [3705 bytes data]

  [420 bytes data]

  [4134 bytes data]

  [1378 bytes data]

  [1378 bytes data]

  [1378 bytes data]

  [1378 bytes data]

  [1378 bytes data]

  [1378 bytes data]

  [1378 bytes data]

  [1378 bytes data]

  [806 bytes data]

  [563 bytes data]

  [1378 bytes data]

  [1378 bytes data]

  [13065 bytes data]

  [3310 bytes data]

  [4286 bytes data]

  [8268 bytes data]

  [520 bytes data]

  [849 bytes data]

  [1378 bytes data]

  [1378 bytes data]

  [1378 bytes data]

  [4134 bytes data]

  [2756 bytes data]

  [1378 bytes data]

  [3133 bytes data]

  [992 bytes data]

  [1378 bytes data]

  [1378 bytes data]

  [1378 bytes data]

  [1378 bytes data]

  [1378 bytes data]

  [1378 bytes data]

  [4134 bytes data]

  [2990 bytes data]

  [2513 bytes data]

  [1378 bytes data]

  [1378 bytes data]

  [1378 bytes data]

  [1378 bytes data]

  [1378 bytes data]

  [1378 bytes data]

  [1378 bytes data]

  [1378 bytes data]

  [1378 bytes data]

  [1378 bytes data]

  [91 bytes data]

  [1278 bytes data]

  [1378 bytes data]

  [1378 bytes data]

  [1378 bytes data]

  [1378 bytes data]

  [1378 bytes data]

  [1378 bytes data]

  [1378 bytes data]

  [1378 bytes data]

  [1378 bytes data]

  [1378 bytes data]

  [1326 bytes data]

  [43 bytes data]

  [1378 bytes data]

  [1378 bytes data]

  [1378 bytes data]

  [1378 bytes data]

  [1378 bytes data]

  [1378 bytes data]

  [1378 bytes data]

  [1378 bytes data]

  [1378 bytes data]

  [1378 bytes data]

  [1378 bytes data]

  [1183 bytes data]

  [186 bytes data]

  [1378 bytes data]

  [4134 bytes data]

  [1378 bytes data]

  [1378 bytes data]

  [1378 bytes data]

  [1378 bytes data]

  [1378 bytes data]

  [1378 bytes data]

  [1378 bytes data]

  [1040 bytes data]

  [3085 bytes data]

  [1378 bytes data]

  [1378 bytes data]

  [10543 bytes data]

  [3228 bytes data]

  [1378 bytes data]

  [1378 bytes data]

  [1378 bytes data]

  [1378 bytes data]

  [1378 bytes data]

  [1378 bytes data]

  [1378 bytes data]

  [3510 bytes data]

  [8883 bytes data]

  [5512 bytes data]

  [1378 bytes data]

  [611 bytes data]

  [758 bytes data]

  [1378 bytes data]

  [1378 bytes data]

  [1378 bytes data]

  [11492 bytes data]

  [1369 bytes data]

  [1378 bytes data]

  [6890 bytes data]

  [1378 bytes data]

  [5369 bytes data]

  [2890 bytes data]

  [1378 bytes data]

  [1378 bytes data]

  [1378 bytes data]

  [6890 bytes data]

  [2470 bytes data]

  [3033 bytes data]

  [4134 bytes data]

  [1378 bytes data]

  [1378 bytes data]

  [1378 bytes data]

  [1378 bytes data]

  [3705 bytes data]

  [420 bytes data]

  [2756 bytes data]

  [1378 bytes data]

  [1378 bytes data]

  [1378 bytes data]

  [5512 bytes data]

  [3562 bytes data]

  [3319 bytes data]

  [4134 bytes data]

  [4134 bytes data]

  [1378 bytes data]

  [1378 bytes data]

  [1378 bytes data]

  [663 bytes data]

  [706 bytes data]

  [1378 bytes data]

  [1378 bytes data]

  [1378 bytes data]

  [1378 bytes data]

  [5512 bytes data]

  [4654 bytes data]

  [6361 bytes data]

  [1378 bytes data]

  [1378 bytes data]

  [7267 bytes data]

  [2370 bytes data]

  [1378 bytes data]

  [1378 bytes data]

  [1378 bytes data]

  [1378 bytes data]

  [1378 bytes data]

  [5512 bytes data]

  [1378 bytes data]

  [234 bytes data]

  [9403 bytes data]

  [1378 bytes data]

  [5603 bytes data]

  [5412 bytes data]

  [1378 bytes data]

  [1378 bytes data]

  [1378 bytes data]

  [2756 bytes data]

  [4082 bytes data]

  [43 bytes data]

  [1378 bytes data]

  [1378 bytes data]

  [6890 bytes data]

  [1378 bytes data]

  [1378 bytes data]

  [1378 bytes data]

  [1378 bytes data]

  [1183 bytes data]

  [186 bytes data]

  [1378 bytes data]

  [1378 bytes data]

  [1378 bytes data]

  [1378 bytes data]

  [4134 bytes data]

  [1378 bytes data]

  [1378 bytes data]

  [1378 bytes data]

  [1378 bytes data]

  [1040 bytes data]

  [329 bytes data]

  [1378 bytes data]

  [1378 bytes data]

  [1378 bytes data]

  [1378 bytes data]

  [1378 bytes data]

  [9165 bytes data]

  [1850 bytes data]

  [1378 bytes data]

  [1378 bytes data]

  [8268 bytes data]

  [3510 bytes data]

  [615 bytes data]

  [1378 bytes data]

  [1378 bytes data]

  [1378 bytes data]

  [1378 bytes data]

  [1378 bytes data]

  [1378 bytes data]

  [1378 bytes data]

  [1378 bytes data]

  [1378 bytes data]

  [1378 bytes data]

  [1378 bytes data]

  [611 bytes data]

  [4892 bytes data]

  [1378 bytes data]

  [1378 bytes data]

  [1378 bytes data]

  [4134 bytes data]

  [1378 bytes data]

  [1846 bytes data]

  [1369 bytes data]

  [1378 bytes data]

  [1378 bytes data]

  [1378 bytes data]

  [5512 bytes data]

  [4134 bytes data]

  [1235 bytes data]

  [2890 bytes data]

  [1378 bytes data]

  [1378 bytes data]

  [1378 bytes data]

  [1378 bytes data]

  [1378 bytes data]

  [1378 bytes data]

  [1378 bytes data]

  [3848 bytes data]

  [1655 bytes data]

  [4134 bytes data]

  [1378 bytes data]

  [1378 bytes data]

  [1378 bytes data]

  [1378 bytes data]

  [5083 bytes data]

  [4554 bytes data]

  [1378 bytes data]

  [1378 bytes data]

  [1378 bytes data]

  [1378 bytes data]

  [1378 bytes data]

  [1378 bytes data]

  [3562 bytes data]

  [563 bytes data]

  [1378 bytes data]

  [1378 bytes data]

  [1378 bytes data]

  [1378 bytes data]

  [1378 bytes data]

  [1378 bytes data]

  [1378 bytes data]

  [1378 bytes data]

  [4134 bytes data]

  [663 bytes data]

  [706 bytes data]

  [1378 bytes data]

  [1378 bytes data]

  [1378 bytes data]

  [1378 bytes data]

  [9646 bytes data]

  [520 bytes data]

  [849 bytes data]

  [1378 bytes data]

  [1378 bytes data]

  [4134 bytes data]

  [8645 bytes data]

  [3748 bytes data]

  [1378 bytes data]

  [1378 bytes data]

  [1378 bytes data]

  [1378 bytes data]

  [7124 bytes data]

  [8025 bytes data]

  [1378 bytes data]

  [1378 bytes data]

  [1378 bytes data]

  [1378 bytes data]

  [1378 bytes data]

  [1469 bytes data]

  [6790 bytes data]

  [1378 bytes data]

  [1378 bytes data]

  [1378 bytes data]

  [5460 bytes data]

  [8311 bytes data]

  [1378 bytes data]

  [1378 bytes data]

  [1378 bytes data]

  [1378 bytes data]

  [1378 bytes data]

  [1183 bytes data]

  [186 bytes data]

  [1378 bytes data]

  [9646 bytes data]

  [2756 bytes data]

  [1378 bytes data]

  [1040 bytes data]

  [8597 bytes data]

  [7787 bytes data]

  [1850 bytes data]

  [1378 bytes data]

  [1378 bytes data]

  [1378 bytes data]

  [1378 bytes data]

  [1378 bytes data]

  [1378 bytes data]

  [1378 bytes data]

  [1378 bytes data]

  [1378 bytes data]

  [1378 bytes data]

  [754 bytes data]

  [615 bytes data]

  [2756 bytes data]

  [1378 bytes data]

  [1378 bytes data]

  [1378 bytes data]

  [1378 bytes data]

  [1378 bytes data]

  [1378 bytes data]

  [1378 bytes data]

  [1378 bytes data]

  [1378 bytes data]

  [611 bytes data]

  [758 bytes data]

  [1378 bytes data]

  [1378 bytes data]

  [1378 bytes data]

  [1378 bytes data]

  [1378 bytes data]

  [1378 bytes data]

  [4134 bytes data]

  [1378 bytes data]

  [1378 bytes data]

  [468 bytes data]

  [16375 bytes data]

  [9 bytes data]

  [16366 bytes data]

  [18 bytes data]

  [16357 bytes data]

  [27 bytes data]

  [16348 bytes data]

  [36 bytes data]

  [16339 bytes data]

  [45 bytes data]

  [16330 bytes data]

  [54 bytes data]

  [16321 bytes data]

  [63 bytes data]

  [16312 bytes data]

  [72 bytes data]

  [16303 bytes data]

  [81 bytes data]

  [16294 bytes data]

  [90 bytes data]

  [16285 bytes data]

  [99 bytes data]

  [16276 bytes data]

  [108 bytes data]

  [16267 bytes data]

  [117 bytes data]

  [16258 bytes data]

  [126 bytes data]

  [16249 bytes data]

  [135 bytes data]

  [16240 bytes data]

  [144 bytes data]

  [16375 bytes data]

  [9 bytes data]

  [16366 bytes data]

  [18 bytes data]

  [16357 bytes data]

  [27 bytes data]

  [16348 bytes data]

  [36 bytes data]

  [16339 bytes data]

  [45 bytes data]

  [16330 bytes data]

  [54 bytes data]

  [16321 bytes data]

  [63 bytes data]

  [16312 bytes data]

  [72 bytes data]

  [16303 bytes data]

  [81 bytes data]

  [16294 bytes data]

  [90 bytes data]

  [16285 bytes data]

  [99 bytes data]

  [16276 bytes data]

  [108 bytes data]

  [16267 bytes data]

  [117 bytes data]

  [16258 bytes data]

  [126 bytes data]

  [16249 bytes data]

  [135 bytes data]

  [16240 bytes data]

  [128 bytes data]

  [16375 bytes data]

  [9 bytes data]

  [16366 bytes data]

  [18 bytes data]

  [16357 bytes data]

  [27 bytes data]

  [16348 bytes data]

  [36 bytes data]

  [16339 bytes data]

  [45 bytes data]

  [16330 bytes data]

  [54 bytes data]

  [16321 bytes data]

  [63 bytes data]

  [16312 bytes data]

  [72 bytes data]

  [16303 bytes data]

  [81 bytes data]

  [16294 bytes data]

  [90 bytes data]

  [16285 bytes data]

  [99 bytes data]

  [16276 bytes data]

  [108 bytes data]

  [16267 bytes data]

  [117 bytes data]

  [16258 bytes data]

  [126 bytes data]

  [16249 bytes data]

  [135 bytes data]

  [16240 bytes data]

  [144 bytes data]

  [16375 bytes data]

  [9 bytes data]

  [16366 bytes data]

  [18 bytes data]

  [16357 bytes data]

  [27 bytes data]

  [16348 bytes data]

  [36 bytes data]

  [16339 bytes data]

  [45 bytes data]

  [16330 bytes data]

  [54 bytes data]

  [16321 bytes data]

  [63 bytes data]

  [16312 bytes data]

  [72 bytes data]

  [16303 bytes data]

  [81 bytes data]

  [16294 bytes data]

  [90 bytes data]

  [16285 bytes data]

  [99 bytes data]

  [16276 bytes data]

  [108 bytes data]

  [16267 bytes data]

  [117 bytes data]

  [16258 bytes data]

  [126 bytes data]

  [16249 bytes data]

  [135 bytes data]

  [16240 bytes data]

  [144 bytes data]

  [1369 bytes data]

  [1378 bytes data]

  [1378 bytes data]

  [1378 bytes data]

  [1378 bytes data]

  [1378 bytes data]

  [4134 bytes data]

  [3991 bytes data]

  [2890 bytes data]

  [5512 bytes data]

  [6890 bytes data]

  [1092 bytes data]

  [277 bytes data]

  [1378 bytes data]

  [1378 bytes data]

  [1378 bytes data]

  [6890 bytes data]

  [1378 bytes data]

  [1378 bytes data]

  [1378 bytes data]

  [949 bytes data]

  [420 bytes data]

  [1378 bytes data]

  [1378 bytes data]

  [1378 bytes data]

  [1378 bytes data]

  [1378 bytes data]

  [4134 bytes data]

  [1378 bytes data]

  [1378 bytes data]

  [2184 bytes data]

  [8831 bytes data]

  [7553 bytes data]

  [4840 bytes data]

  [1378 bytes data]

  [5512 bytes data]

  [4134 bytes data]

  [520 bytes data]

  [6361 bytes data]

  [1378 bytes data]

  [1378 bytes data]

  [1378 bytes data]

  [1378 bytes data]

  [1378 bytes data]

  [1378 bytes data]

  [1378 bytes data]

  [377 bytes data]

  [992 bytes data]

  [1378 bytes data]

  [14014 bytes data]

  [1135 bytes data]

  [8268 bytes data]

  [1378 bytes data]

  [1378 bytes data]

  [4225 bytes data]

  [1278 bytes data]

  [11024 bytes data]

  [1378 bytes data]

  [1378 bytes data]

  [1326 bytes data]

  [43 bytes data]

  [1378 bytes data]

  [1378 bytes data]

  [4134 bytes data]

  [1378 bytes data]

  [1378 bytes data]

  [1378 bytes data]

  [1378 bytes data]

  [3939 bytes data]

  [8454 bytes data]

  [7930 bytes data]

  [4463 bytes data]

  [1378 bytes data]

  [4134 bytes data]

  [1378 bytes data]

  [1378 bytes data]

  [1378 bytes data]

  [1378 bytes data]

  [897 bytes data]

  [472 bytes data]

  [1378 bytes data]

  [4134 bytes data]

  [1378 bytes data]

  [1378 bytes data]

  [4134 bytes data]

  [1378 bytes data]

  [2132 bytes data]

  [1993 bytes data]

  [1378 bytes data]

  [1378 bytes data]

  [4134 bytes data]

  [6890 bytes data]

  [611 bytes data]

  [758 bytes data]

  [1378 bytes data]

  [1378 bytes data]

  [1378 bytes data]

  [4134 bytes data]

  [1378 bytes data]

  [1378 bytes data]

  [1378 bytes data]

  [3224 bytes data]

  [2747 bytes data]

  [5512 bytes data]

  [1378 bytes data]

  [1378 bytes data]

  [1378 bytes data]

  [1378 bytes data]

  [1378 bytes data]

  [1235 bytes data]

  [134 bytes data]

  [1378 bytes data]

  [1378 bytes data]

  [1378 bytes data]

  [1378 bytes data]

  [1378 bytes data]

  [1378 bytes data]

  [1378 bytes data]

  [1378 bytes data]

  [1378 bytes data]

  [1378 bytes data]

  [2470 bytes data]

  [8545 bytes data]

  [6890 bytes data]

  [949 bytes data]

  [420 bytes data]

  [9646 bytes data]

  [1378 bytes data]

  [4134 bytes data]

  [806 bytes data]

  [563 bytes data]

  [1378 bytes data]

  [1378 bytes data]

  [5512 bytes data]

  [6890 bytes data]

  [663 bytes data]

  [4840 bytes data]

  [1378 bytes data]

  [1378 bytes data]

  [2756 bytes data]

  [1378 bytes data]

  [1378 bytes data]

  [1378 bytes data]

  [1378 bytes data]

  [520 bytes data]

  [849 bytes data]

  [1378 bytes data]

  [1378 bytes data]

  [1378 bytes data]

  [1378 bytes data]

  [1378 bytes data]

  [6890 bytes data]

  [1755 bytes data]

  [5126 bytes data]

  [9646 bytes data]

  [1612 bytes data]

  [8025 bytes data]

  [2756 bytes data]

  [2756 bytes data]

  [1378 bytes data]

  [1378 bytes data]

  [91 bytes data]

  [1278 bytes data]

  [1378 bytes data]

  [4134 bytes data]

  [4134 bytes data]

  [5460 bytes data]

  [5555 bytes data]

  [6890 bytes data]

  [1378 bytes data]

  [1378 bytes data]

  [1183 bytes data]

  [186 bytes data]

  [4134 bytes data]

  [1378 bytes data]

  [1378 bytes data]

  [1378 bytes data]

  [1378 bytes data]

  [1378 bytes data]

  [1378 bytes data]

  [1378 bytes data]

  [2418 bytes data]

  [3085 bytes data]

  [4134 bytes data]

  [9165 bytes data]

  [3228 bytes data]

  [9646 bytes data]

  [3510 bytes data]

  [3371 bytes data]

  [1378 bytes data]

  [1378 bytes data]

  [1378 bytes data]

  [1378 bytes data]

  [1378 bytes data]

  [1378 bytes data]

  [1378 bytes data]

  [1378 bytes data]

  [1378 bytes data]

  [611 bytes data]

  [758 bytes data]

  [1378 bytes data]

  [1378 bytes data]

  [1378 bytes data]

  [1378 bytes data]

  [1378 bytes data]

  [1378 bytes data]

  [1378 bytes data]

  [1378 bytes data]

  [1378 bytes data]

  [1378 bytes data]

  [1846 bytes data]

  [1369 bytes data]

  [4134 bytes data]

  [1378 bytes data]

  [1378 bytes data]

  [1378 bytes data]

  [1378 bytes data]

  [1378 bytes data]

  [1378 bytes data]

  [1378 bytes data]

  [1235 bytes data]

  [134 bytes data]

  [1378 bytes data]

  [1378 bytes data]

  [1378 bytes data]

  [1378 bytes data]

  [1378 bytes data]

  [1378 bytes data]

  [1378 bytes data]

  [5512 bytes data]

  [1092 bytes data]

  [277 bytes data]

  [1378 bytes data]

  [8268 bytes data]

  [1378 bytes data]

  [1378 bytes data]

  [1378 bytes data]

  [2327 bytes data]

  [7310 bytes data]

  [1378 bytes data]

  [1378 bytes data]

  [1378 bytes data]

  [1378 bytes data]

  [1378 bytes data]

  [1378 bytes data]

  [806 bytes data]

  [3319 bytes data]

  [1378 bytes data]

  [9646 bytes data]

  [2041 bytes data]

  [2084 bytes data]

  [5512 bytes data]

  [1378 bytes data]

  [1378 bytes data]

  [4134 bytes data]

  [1898 bytes data]

  [2227 bytes data]

  [4134 bytes data]

  [1378 bytes data]

  [8645 bytes data]

  [2370 bytes data]

  [4134 bytes data]

  [5512 bytes data]

  [4134 bytes data]

  [234 bytes data]

  [1135 bytes data]

  [1378 bytes data]

  [13780 bytes data]

  [91 bytes data]

  [1278 bytes data]

  [1378 bytes data]

  [1378 bytes data]

  [1378 bytes data]

  [1378 bytes data]

  [1378 bytes data]

  [1378 bytes data]

  [1378 bytes data]

  [1378 bytes data]

  [1378 bytes data]

  [1378 bytes data]

  [1326 bytes data]

  [43 bytes data]

  [1378 bytes data]

  [1378 bytes data]

  [1378 bytes data]

  [1378 bytes data]

  [10829 bytes data]

  [2942 bytes data]

  [1378 bytes data]

  [1378 bytes data]

  [9646 bytes data]

  [1040 bytes data]

  [3085 bytes data]

  [1378 bytes data]

  [1378 bytes data]

  [1378 bytes data]

  [1378 bytes data]

  [1378 bytes data]

  [1378 bytes data]

  [1378 bytes data]

  [3653 bytes data]

  [1850 bytes data]

  [6890 bytes data]

  [4134 bytes data]

  [1378 bytes data]

  [1378 bytes data]

  [754 bytes data]

  [615 bytes data]

  [1378 bytes data]

  [1378 bytes data]

  [1378 bytes data]

  [1378 bytes data]

  [4134 bytes data]

  [5512 bytes data]

  [611 bytes data]

  [758 bytes data]

  [1378 bytes data]

  [12402 bytes data]

  [1846 bytes data]

  [15149 bytes data]

  [1235 bytes data]

  [134 bytes data]

  [1378 bytes data]

  [1378 bytes data]

  [1378 bytes data]

  [1378 bytes data]

  [1378 bytes data]

  [4134 bytes data]

  [1378 bytes data]

  [3848 bytes data]

  [1655 bytes data]

  [2756 bytes data]

  [1378 bytes data]

  [6890 bytes data]

  [1378 bytes data]

  [1378 bytes data]

  [949 bytes data]

  [3176 bytes data]

  [1378 bytes data]

  [4134 bytes data]

  [1378 bytes data]

  [1378 bytes data]

  [4134 bytes data]

  [806 bytes data]

  [563 bytes data]

  [1378 bytes data]

  [9646 bytes data]

  [1378 bytes data]

  [1378 bytes data]

  [1378 bytes data]

  [663 bytes data]

  [706 bytes data]

  [1378 bytes data]

  [1378 bytes data]

  [1378 bytes data]

  [1378 bytes data]

  [1378 bytes data]

  [1378 bytes data]

  [7410 bytes data]

  [2227 bytes data]

  [1378 bytes data]

  [1378 bytes data]

  [1378 bytes data]

  [1378 bytes data]

  [1378 bytes data]

  [1378 bytes data]

  [1378 bytes data]

  [1378 bytes data]

  [1378 bytes data]

  [1378 bytes data]

  [377 bytes data]

  [992 bytes data]

  [1378 bytes data]

  [1378 bytes data]

  [1378 bytes data]

  [9646 bytes data]

  [1378 bytes data]

  [234 bytes data]

  [1135 bytes data]

  [1378 bytes data]

  [1378 bytes data]

  [1378 bytes data]

  [1378 bytes data]

  [1378 bytes data]

  [1378 bytes data]

  [1378 bytes data]

  [1378 bytes data]

  [1378 bytes data]

  [1378 bytes data]

  [1378 bytes data]

  [91 bytes data]

  [1278 bytes data]

  [15106 bytes data]

  [1269 bytes data]

  [1530 bytes data]

  [6890 bytes data]

  [1378 bytes data]

  [5317 bytes data]

  [11058 bytes data]

  [152 bytes data]

  [1378 bytes data]

  [3796 bytes data]

  [329 bytes data]

  [1378 bytes data]

  [9646 bytes data]

  [5031 bytes data]

  [3228 bytes data]

  [1378 bytes data]

  [1378 bytes data]

  [1378 bytes data]

  [1378 bytes data]

  [4134 bytes data]

  [1378 bytes data]

  [1378 bytes data]

  [754 bytes data]

  [615 bytes data]

  [1378 bytes data]

  [1378 bytes data]

  [5512 bytes data]

  [1378 bytes data]

  [1378 bytes data]

  [1378 bytes data]

  [1378 bytes data]

  [1378 bytes data]

  [611 bytes data]

  [758 bytes data]

  [1378 bytes data]

  [1378 bytes data]

  [1378 bytes data]

  [1378 bytes data]

  [1378 bytes data]

  [1378 bytes data]

  [1378 bytes data]

  [5512 bytes data]

  [468 bytes data]

  [4125 bytes data]

  [12259 bytes data]

  [1512 bytes data]

  [1378 bytes data]

  [1378 bytes data]

  [1378 bytes data]

  [8268 bytes data]

  [1378 bytes data]

  [1092 bytes data]

  [277 bytes data]

  [1378 bytes data]

  [4134 bytes data]

  [1378 bytes data]

  [5512 bytes data]

  [1378 bytes data]

  [1378 bytes data]

  [949 bytes data]

  [420 bytes data]

  [4134 bytes data]

  [1378 bytes data]

  [1378 bytes data]

  [1378 bytes data]

  [1378 bytes data]

  [1378 bytes data]

  [4940 bytes data]

  [6075 bytes data]

  [1378 bytes data]

  [1378 bytes data]

  [1378 bytes data]

  [1378 bytes data]

  [1378 bytes data]

  [3419 bytes data]

  [706 bytes data]

  [15678 bytes data]

  [697 bytes data]

  [152 bytes data]

  [1378 bytes data]

  [8268 bytes data]

  [5512 bytes data]

  [377 bytes data]

  [992 bytes data]

  [12402 bytes data]

  [1378 bytes data]

  [1378 bytes data]

  [234 bytes data]

  [1135 bytes data]

  [1378 bytes data]

  [1378 bytes data]

  [1378 bytes data]

  [1378 bytes data]

  [1378 bytes data]

  [1378 bytes data]

  [1378 bytes data]

  [1378 bytes data]

  [1378 bytes data]

  [1378 bytes data]

  [1378 bytes data]

  [91 bytes data]

  [1278 bytes data]

  [1378 bytes data]

  [1378 bytes data]

  [1378 bytes data]

  [1378 bytes data]

  [1378 bytes data]

  [8216 bytes data]

  [4177 bytes data]

  [1378 bytes data]

  [1378 bytes data]

  [1378 bytes data]

  [8073 bytes data]

  [2942 bytes data]

  [5512 bytes data]

  [1378 bytes data]

  [1378 bytes data]

  [1378 bytes data]

  [1378 bytes data]

  [2418 bytes data]

  [3085 bytes data]

  [13299 bytes data]

  [472 bytes data]

  [1378 bytes data]

  [1378 bytes data]

  [1378 bytes data]

  [1378 bytes data]

  [1378 bytes data]

  [1378 bytes data]

  [1378 bytes data]

  [1378 bytes data]

  [1378 bytes data]

  [1378 bytes data]

  [1378 bytes data]

  [754 bytes data]

  [615 bytes data]

  [1378 bytes data]

  [1378 bytes data]

  [4134 bytes data]

  [1378 bytes data]

  [1378 bytes data]

  [1378 bytes data]

  [1378 bytes data]

  [1378 bytes data]

  [1378 bytes data]

  [611 bytes data]

  [758 bytes data]

  [1378 bytes data]

  [9646 bytes data]

  [1378 bytes data]

  [1378 bytes data]

  [1846 bytes data]

  [1369 bytes data]

  [1378 bytes data]

  [1378 bytes data]

  [1378 bytes data]

  [6890 bytes data]

  [1378 bytes data]

  [1378 bytes data]

  [1235 bytes data]

  [134 bytes data]

  [1378 bytes data]

  [1378 bytes data]

  [1378 bytes data]

  [1378 bytes data]

  [1378 bytes data]

  [1378 bytes data]

  [1378 bytes data]

  [4134 bytes data]

  [1378 bytes data]

  [1092 bytes data]

  [277 bytes data]

  [1378 bytes data]

  [1378 bytes data]

  [1378 bytes data]

  [1378 bytes data]

  [1378 bytes data]

  [1378 bytes data]

  [1378 bytes data]

  [1378 bytes data]

  [1378 bytes data]

  [1378 bytes data]

  [1378 bytes data]

  [949 bytes data]

  [420 bytes data]

  [1378 bytes data]

  [1378 bytes data]

  [1378 bytes data]

  [1378 bytes data]

  [1378 bytes data]

  [1378 bytes data]

  [1378 bytes data]

  [2756 bytes data]

  [1378 bytes data]

  [1378 bytes data]

  [806 bytes data]

  [563 bytes data]

  [1378 bytes data]

  [4134 bytes data]

  [1378 bytes data]

  [1378 bytes data]

  [1378 bytes data]

  [1378 bytes data]

  [4797 bytes data]

  [2084 bytes data]

  [1378 bytes data]

  [1378 bytes data]

  [1378 bytes data]

  [6890 bytes data]

  [1378 bytes data]

  [1378 bytes data]

  [520 bytes data]

  [6361 bytes data]

  [1378 bytes data]

  [1378 bytes data]

  [1378 bytes data]

  [1378 bytes data]

  [1378 bytes data]

  [1378 bytes data]

  [1378 bytes data]

  [377 bytes data]

  [992 bytes data]

  [1378 bytes data]

  [1378 bytes data]

  [2756 bytes data]

  [1378 bytes data]

  [1378 bytes data]

  [1378 bytes data]

  [1378 bytes data]

  [4134 bytes data]

  [234 bytes data]

  [1135 bytes data]

  [1378 bytes data]

  [1378 bytes data]

  [1378 bytes data]

  [4134 bytes data]

  [1378 bytes data]

  [1378 bytes data]

  [1378 bytes data]

  [1378 bytes data]

  [1378 bytes data]

  [91 bytes data]

  [1278 bytes data]

  [5512 bytes data]

  [1378 bytes data]

  [1378 bytes data]

  [1378 bytes data]

  [1378 bytes data]

  [1378 bytes data]

  [2704 bytes data]

  [1421 bytes data]

  [1378 bytes data]

  [1378 bytes data]

  [1378 bytes data]

  [1378 bytes data]

  [1378 bytes data]

  [1378 bytes data]

  [1378 bytes data]

  [1378 bytes data]

  [1378 bytes data]

  [1378 bytes data]

  [1183 bytes data]

  [186 bytes data]

  [1378 bytes data]

  [1378 bytes data]

  [1378 bytes data]

  [1378 bytes data]

  [1378 bytes data]

  [1378 bytes data]

  [1378 bytes data]

  [1378 bytes data]

  [1378 bytes data]

  [3796 bytes data]

  [329 bytes data]

  [1378 bytes data]

  [1378 bytes data]

  [8268 bytes data]

  [1378 bytes data]

  [3653 bytes data]

  [5984 bytes data]

  [2756 bytes data]

  [1378 bytes data]

  [1378 bytes data]

  [1378 bytes data]

  [1378 bytes data]

  [2132 bytes data]

  [14243 bytes data]

  [152 bytes data]

  [1989 bytes data]

  [758 bytes data]

  [1378 bytes data]

  [1378 bytes data]

  [1378 bytes data]

  [1378 bytes data]

  [1378 bytes data]

  [1378 bytes data]

  [5512 bytes data]

  [1830 bytes data]

  [6881 bytes data]

  [5512 bytes data]

  [1378 bytes data]

  [1378 bytes data]

  [1235 bytes data]

  [134 bytes data]

  [1378 bytes data]

  [6890 bytes data]

  [1378 bytes data]

  [1378 bytes data]

  [1378 bytes data]

  [1378 bytes data]

  [1378 bytes data]

  [1092 bytes data]

  [277 bytes data]

  [1378 bytes data]

  [1378 bytes data]

  [1378 bytes data]

  [1378 bytes data]

  [1378 bytes data]

  [1378 bytes data]

  [1378 bytes data]

  [1378 bytes data]

  [1378 bytes data]

  [1378 bytes data]

  [1378 bytes data]

  [949 bytes data]

  [420 bytes data]

  [1378 bytes data]

  [1378 bytes data]

  [1378 bytes data]

  [1378 bytes data]

  [1378 bytes data]

  [1378 bytes data]

  [1378 bytes data]

  [1378 bytes data]

  [1378 bytes data]

  [1378 bytes data]

  [1378 bytes data]

  [806 bytes data]

  [563 bytes data]

  [1378 bytes data]

  [1378 bytes data]

  [1378 bytes data]

  [1378 bytes data]

  [1378 bytes data]

  [1378 bytes data]

  [1378 bytes data]

  [1378 bytes data]

  [1378 bytes data]

  [1378 bytes data]

  [1378 bytes data]

  [663 bytes data]

  [706 bytes data]

  [1378 bytes data]

  [1378 bytes data]

  [1378 bytes data]

  [1378 bytes data]

  [1378 bytes data]

  [1378 bytes data]

  [1378 bytes data]

  [1378 bytes data]

  [1378 bytes data]

  [1378 bytes data]

  [1378 bytes data]

  [520 bytes data]

  [3605 bytes data]

  [1378 bytes data]

  [5512 bytes data]

  [1378 bytes data]

  [1378 bytes data]

  [3133 bytes data]

  [3748 bytes data]

  [4134 bytes data]

  [1378 bytes data]

  [1378 bytes data]

  [1378 bytes data]

  [1378 bytes data]

  [1378 bytes data]

  [1378 bytes data]

  [234 bytes data]

  [1135 bytes data]

  [1378 bytes data]

  [1378 bytes data]

  [1378 bytes data]

  [4134 bytes data]

  [1378 bytes data]

  [2756 bytes data]

  [2847 bytes data]

  [1278 bytes data]

  [1378 bytes data]

  [1378 bytes data]

  [12350 bytes data]

  [1421 bytes data]

  [1378 bytes data]

  [1378 bytes data]

  [1378 bytes data]

  [1378 bytes data]

  [5512 bytes data]

  [1378 bytes data]

  [1378 bytes data]

  [1183 bytes data]

  [186 bytes data]

  [1378 bytes data]

  [1378 bytes data]

  [1378 bytes data]

  [1378 bytes data]

  [1378 bytes data]

  [1378 bytes data]

  [1378 bytes data]

  [1378 bytes data]

  [1378 bytes data]

  [1378 bytes data]

  [1378 bytes data]

  [1040 bytes data]

  [329 bytes data]

  [1378 bytes data]

  [12402 bytes data]

  [2275 bytes data]

  [4606 bytes data]

  [11778 bytes data]

  [4597 bytes data]

  [5664 bytes data]

  [6123 bytes data]

  [758 bytes data]

  [1378 bytes data]

  [1378 bytes data]

  [1378 bytes data]

  [1378 bytes data]

  [10114 bytes data]

  [1369 bytes data]

  [1378 bytes data]

  [1378 bytes data]

  [9646 bytes data]

  [1378 bytes data]

  [1235 bytes data]

  [134 bytes data]

  [8268 bytes data]

  [1378 bytes data]

  [1378 bytes data]

  [1378 bytes data]

  [1378 bytes data]

  [1378 bytes data]

  [1092 bytes data]

  [277 bytes data]

  [1378 bytes data]

  [4134 bytes data]

  [1378 bytes data]

  [1378 bytes data]

  [1378 bytes data]

  [1378 bytes data]

  [1378 bytes data]

  [1378 bytes data]

  [2327 bytes data]

  [4554 bytes data]

  [5512 bytes data]

  [6318 bytes data]

  [4697 bytes data]

  [1378 bytes data]

  [8268 bytes data]

  [1378 bytes data]

  [663 bytes data]

  [706 bytes data]

  [1378 bytes data]

  [1378 bytes data]

  [1378 bytes data]

  [4134 bytes data]

  [4134 bytes data]

  [1378 bytes data]

  [1898 bytes data]

  [6361 bytes data]

  [1378 bytes data]

  [1378 bytes data]

  [1378 bytes data]

  [1378 bytes data]

  [1378 bytes data]

  [1378 bytes data]

  [1378 bytes data]

  [377 bytes data]

  [992 bytes data]

  [1378 bytes data]

  [1378 bytes data]

  [1378 bytes data]

  [1378 bytes data]

  [1378 bytes data]

  [1378 bytes data]

  [1378 bytes data]

  [1378 bytes data]

  [1378 bytes data]

  [1378 bytes data]

  [1378 bytes data]

  [234 bytes data]

  [1135 bytes data]

  [1378 bytes data]

  [1378 bytes data]

  [1378 bytes data]

  [1378 bytes data]

  [1378 bytes data]

  [1378 bytes data]

  [1378 bytes data]

  [1378 bytes data]

  [1378 bytes data]

  [1378 bytes data]

  [1378 bytes data]

  [91 bytes data]

  [1278 bytes data]

  [1378 bytes data]

  [1378 bytes data]

  [1378 bytes data]

  [1378 bytes data]

  [1378 bytes data]

  [1378 bytes data]

  [1378 bytes data]

  [2756 bytes data]

  [1378 bytes data]

  [1326 bytes data]

  [43 bytes data]

  [2756 bytes data]

  [2756 bytes data]

  [1378 bytes data]

  [1378 bytes data]

  [8073 bytes data]

  [186 bytes data]

  [1378 bytes data]

  [1378 bytes data]

  [1378 bytes data]

  [2756 bytes data]

  [1378 bytes data]

  [1378 bytes data]

  [1378 bytes data]

  [1378 bytes data]

  [1378 bytes data]

  [2418 bytes data]

  [329 bytes data]

  [1378 bytes data]

  [1378 bytes data]

  [11024 bytes data]

  [1378 bytes data]

  [897 bytes data]

  [472 bytes data]

  [1378 bytes data]

  [1378 bytes data]

  [1378 bytes data]

  [1378 bytes data]

  [1378 bytes data]

  [1378 bytes data]

  [1378 bytes data]

  [1378 bytes data]

  [1378 bytes data]

  [1378 bytes data]

  [2132 bytes data]

  [4749 bytes data]

  [1378 bytes data]

  [1378 bytes data]

  [1378 bytes data]

  [1378 bytes data]

  [1378 bytes data]

  [1378 bytes data]

  [1378 bytes data]

  [1378 bytes data]

  [611 bytes data]

  [758 bytes data]

  [6890 bytes data]

  [1378 bytes data]

  [1378 bytes data]

  [1378 bytes data]

  [1378 bytes data]

  [1378 bytes data]

  [1846 bytes data]

  [4125 bytes data]

  [1378 bytes data]

  [1378 bytes data]

  [1378 bytes data]

  [1378 bytes data]

  [1378 bytes data]

  [2756 bytes data]

  [1378 bytes data]

  [1235 bytes data]

  [4268 bytes data]

  [1378 bytes data]

  [1378 bytes data]

  [4134 bytes data]

  [5226 bytes data]

  [5789 bytes data]

  [1378 bytes data]

  [1378 bytes data]

  [7839 bytes data]

  [4554 bytes data]

  [1378 bytes data]

  [1378 bytes data]

  [4134 bytes data]

  [1378 bytes data]

  [1378 bytes data]

  [1378 bytes data]

  [806 bytes data]

  [4697 bytes data]

  [11687 bytes data]

  [706 bytes data]

  [1378 bytes data]

  [1378 bytes data]

  [1378 bytes data]

  [1378 bytes data]

  [1378 bytes data]

  [1378 bytes data]

  [1378 bytes data]

  [1378 bytes data]

  [1378 bytes data]

  [1378 bytes data]

  [1378 bytes data]

  [520 bytes data]

  [849 bytes data]

  [1378 bytes data]

  [1378 bytes data]

  [1378 bytes data]

  [1378 bytes data]

  [1378 bytes data]

  [1378 bytes data]

  [4134 bytes data]

  [1378 bytes data]

  [1378 bytes data]

  [377 bytes data]

  [15998 bytes data]

  [386 bytes data]

  [6647 bytes data]

  [1378 bytes data]

  [1378 bytes data]

  [1378 bytes data]

  [1378 bytes data]

  [1378 bytes data]

  [1378 bytes data]

  [1378 bytes data]

  [91 bytes data]

  [1278 bytes data]

  [1378 bytes data]

  [1378 bytes data]

  [1378 bytes data]

  [1378 bytes data]

  [4134 bytes data]

  [5460 bytes data]

  [8311 bytes data]

  [1378 bytes data]

  [4134 bytes data]

  [1378 bytes data]

  [1183 bytes data]

  [186 bytes data]

  [1378 bytes data]

  [1378 bytes data]

  [1378 bytes data]

  [1378 bytes data]

  [1378 bytes data]

  [1378 bytes data]

  [1378 bytes data]

  [1378 bytes data]

  [5174 bytes data]

  [329 bytes data]

  [1378 bytes data]

  [6890 bytes data]

  [1378 bytes data]

  [1378 bytes data]

  [1378 bytes data]

  [1378 bytes data]

  [1378 bytes data]

  [897 bytes data]

  [472 bytes data]

  [1378 bytes data]

  [1378 bytes data]

  [1378 bytes data]

  [1378 bytes data]

  [1378 bytes data]

  [1378 bytes data]

  [1378 bytes data]

  [1378 bytes data]

  [1378 bytes data]

  [1378 bytes data]

  [1378 bytes data]

  [754 bytes data]

  [615 bytes data]

  [1378 bytes data]

  [1378 bytes data]

  [1378 bytes data]

  [1378 bytes data]

  [1378 bytes data]

  [1378 bytes data]

  [1378 bytes data]

  [1378 bytes data]

  [1378 bytes data]

  [1378 bytes data]

  [1378 bytes data]

  [611 bytes data]

  [758 bytes data]

  [1378 bytes data]

  [1378 bytes data]

  [1378 bytes data]

  [1378 bytes data]

  [1378 bytes data]

  [1378 bytes data]

  [1378 bytes data]

  [1378 bytes data]

  [4602 bytes data]

  [1369 bytes data]

  [1378 bytes data]

  [1378 bytes data]

  [2756 bytes data]

  [2756 bytes data]

  [5512 bytes data]

  [1235 bytes data]

  [134 bytes data]

  [8268 bytes data]

  [1378 bytes data]

  [1378 bytes data]

  [1378 bytes data]

  [1378 bytes data]

  [1378 bytes data]

  [1092 bytes data]

  [277 bytes data]

  [1378 bytes data]

  [1378 bytes data]

  [1378 bytes data]

  [1378 bytes data]

  [1378 bytes data]

  [9217 bytes data]

  [1798 bytes data]

  [1378 bytes data]

  [1378 bytes data]

  [5512 bytes data]

  [5512 bytes data]

  [806 bytes data]

  [563 bytes data]

  [11024 bytes data]

  [1378 bytes data]

  [1378 bytes data]

  [1378 bytes data]

  [663 bytes data]

  [706 bytes data]

  [1378 bytes data]

  [1378 bytes data]

  [1378 bytes data]

  [1378 bytes data]

  [1378 bytes data]

  [1378 bytes data]

  [1378 bytes data]

  [1378 bytes data]

  [1378 bytes data]

  [1378 bytes data]

  [1378 bytes data]

  [520 bytes data]

  [849 bytes data]

  [1378 bytes data]

  [1378 bytes data]

  [1378 bytes data]

  [1378 bytes data]

  [1378 bytes data]

  [1378 bytes data]

  [1378 bytes data]

  [1378 bytes data]

  [1378 bytes data]

  [1378 bytes data]

  [1378 bytes data]

  [377 bytes data]

  [3748 bytes data]

  [1378 bytes data]

  [1378 bytes data]

  [1378 bytes data]

  [1378 bytes data]

  [1378 bytes data]

  [1378 bytes data]

  [1378 bytes data]

  [1378 bytes data]

  [1378 bytes data]

  [234 bytes data]

  [1135 bytes data]

  [4134 bytes data]

  [9646 bytes data]

Building Windows application...                                   258.4s
  [1469 bytes data]

  [8168 bytes data]

  [1378 bytes data]

  [1378 bytes data]

  [1378 bytes data]

  [1378 bytes data]

  [1378 bytes data]

  [1326 bytes data]

  [43 bytes data]

  [1378 bytes data]

  [1378 bytes data]

  [1378 bytes data]

  [1378 bytes data]

  [1378 bytes data]

  [1378 bytes data]

  [1378 bytes data]

  [1378 bytes data]

  [1378 bytes data]

  [1378 bytes data]

  [1378 bytes data]

  [1183 bytes data]

  [186 bytes data]

  [1378 bytes data]

  [1378 bytes data]

  [1378 bytes data]

  [1378 bytes data]

  [1378 bytes data]

  [1378 bytes data]

  [1378 bytes data]

  [4134 bytes data]

  [1378 bytes data]

  [1040 bytes data]

  [329 bytes data]

  [1378 bytes data]

  [1378 bytes data]

  [1378 bytes data]

  [1378 bytes data]

  [1378 bytes data]

  [1378 bytes data]

  [1378 bytes data]

  [1378 bytes data]

  [1378 bytes data]

  [1378 bytes data]

  [1378 bytes data]

  [897 bytes data]

  [4606 bytes data]

  [1378 bytes data]

  [1378 bytes data]

  [1378 bytes data]

  [1378 bytes data]

  [1378 bytes data]

  [1378 bytes data]

  [1378 bytes data]

  [1378 bytes data]

  [754 bytes data]

  [615 bytes data]

  [4134 bytes data]

  [9646 bytes data]

  [1378 bytes data]

  [611 bytes data]

  [758 bytes data]

  [1378 bytes data]

  [1378 bytes data]

  [1378 bytes data]

  [6890 bytes data]

  [1378 bytes data]

  [1378 bytes data]

  [1378 bytes data]

  [468 bytes data]

  [1369 bytes data]

  [12402 bytes data]

  [1378 bytes data]

  [1235 bytes data]

  [134 bytes data]

  [4134 bytes data]

  [1378 bytes data]

  [1378 bytes data]

  [1378 bytes data]

  [7982 bytes data]

  [7167 bytes data]

  [1378 bytes data]

  [7839 bytes data]

  [5932 bytes data]

  [1378 bytes data]

  [1378 bytes data]

  [1378 bytes data]

  [1378 bytes data]

  [1378 bytes data]

  [1378 bytes data]

  [1378 bytes data]

  [806 bytes data]

  [563 bytes data]

  [1378 bytes data]

  [1378 bytes data]

  [1378 bytes data]

  [1378 bytes data]

  [2756 bytes data]

  [7553 bytes data]

  [8822 bytes data]

  [152 bytes data]

  [1378 bytes data]

  [1378 bytes data]

  [1378 bytes data]

  [1378 bytes data]

  [1378 bytes data]

  [520 bytes data]

  [3605 bytes data]

  [1378 bytes data]

  [1378 bytes data]

  [1378 bytes data]

  [1378 bytes data]

  [6890 bytes data]

  [377 bytes data]

  [992 bytes data]

  [1378 bytes data]

  [1378 bytes data]

  [1378 bytes data]

  [1378 bytes data]

  [1378 bytes data]

  [1378 bytes data]

  [7124 bytes data]

  [1135 bytes data]

  [1378 bytes data]

  [1378 bytes data]

  [1378 bytes data]

  [1378 bytes data]

  [1378 bytes data]

  [1378 bytes data]

  [1378 bytes data]

  [1378 bytes data]

  [1378 bytes data]

  [1378 bytes data]

  [1378 bytes data]

  [91 bytes data]

  [1278 bytes data]

  [1378 bytes data]

  [2756 bytes data]

  [1378 bytes data]

  [2756 bytes data]

  [6838 bytes data]

  [6933 bytes data]

  [4134 bytes data]

  [1378 bytes data]

  [3939 bytes data]

  [186 bytes data]

  [13780 bytes data]

  [1378 bytes data]

  [1040 bytes data]

  [329 bytes data]

  [1378 bytes data]

  [1378 bytes data]

  [1378 bytes data]

  [1378 bytes data]

  [4134 bytes data]

  [1378 bytes data]

  [5031 bytes data]

  [3228 bytes data]

  [1378 bytes data]

  [1378 bytes data]

  [1378 bytes data]

  [1378 bytes data]

  [1378 bytes data]

  [1378 bytes data]

  [1378 bytes data]

  [1378 bytes data]

  [1378 bytes data]

  [754 bytes data]

  [615 bytes data]

  [1378 bytes data]

  [6890 bytes data]

  [1378 bytes data]

  [1378 bytes data]

  [1378 bytes data]

  [1378 bytes data]

  [1378 bytes data]

  [611 bytes data]

  [758 bytes data]

  [1378 bytes data]

  [5512 bytes data]

  [1378 bytes data]

  [5512 bytes data]

  [1846 bytes data]

  [1369 bytes data]

  [1378 bytes data]

  [1378 bytes data]

  [8268 bytes data]

  [1378 bytes data]

  [2613 bytes data]

  [134 bytes data]

  [4134 bytes data]

  [9646 bytes data]

  [1378 bytes data]

  [1092 bytes data]

  [277 bytes data]

  [1378 bytes data]

  [1378 bytes data]

  [1378 bytes data]

  [11024 bytes data]

  [949 bytes data]

  [420 bytes data]

  [1378 bytes data]

  [1378 bytes data]

  [1378 bytes data]

  [11830 bytes data]

  [3319 bytes data]

  [1378 bytes data]

  [1378 bytes data]

  [10309 bytes data]

  [6066 bytes data]

  [10318 bytes data]

  [6057 bytes data]

  [4438 bytes data]

  [5512 bytes data]

  [377 bytes data]

  [6504 bytes data]

  [1378 bytes data]

  [1378 bytes data]

  [1378 bytes data]

  [1378 bytes data]

  [1378 bytes data]

  [2990 bytes data]

  [9403 bytes data]

  [1378 bytes data]

  [2756 bytes data]

  [1378 bytes data]

  [1378 bytes data]

  [91 bytes data]

  [1278 bytes data]

  [1378 bytes data]

  [1378 bytes data]

  [1378 bytes data]

  [1378 bytes data]

  [1378 bytes data]

  [1378 bytes data]

  [1378 bytes data]

  [5460 bytes data]

  [43 bytes data]

  [1378 bytes data]

  [1378 bytes data]

  [1378 bytes data]

  [1378 bytes data]

  [4134 bytes data]

  [1378 bytes data]

  [1378 bytes data]

  [1378 bytes data]

  [1378 bytes data]

  [1183 bytes data]

  [186 bytes data]

  [1378 bytes data]

  [1378 bytes data]

  [4134 bytes data]

  [1378 bytes data]

  [1378 bytes data]

  [1378 bytes data]

  [1378 bytes data]

  [1378 bytes data]

  [1378 bytes data]

  [1040 bytes data]

  [329 bytes data]

  [1378 bytes data]

  [1378 bytes data]

  [1378 bytes data]

  [1378 bytes data]

  [1378 bytes data]

  [1378 bytes data]

  [1378 bytes data]

  [1378 bytes data]

  [1378 bytes data]

  [1378 bytes data]

  [1378 bytes data]

  [897 bytes data]

  [472 bytes data]

  [1378 bytes data]

  [4134 bytes data]

  [1378 bytes data]

  [1378 bytes data]

  [1378 bytes data]

  [1378 bytes data]

  [1378 bytes data]

  [1378 bytes data]

  [1378 bytes data]

  [754 bytes data]

  [615 bytes data]

  [1378 bytes data]

  [1378 bytes data]

  [1378 bytes data]

  [1378 bytes data]

  [1378 bytes data]

  [1378 bytes data]

  [1378 bytes data]

  [1378 bytes data]

  [1378 bytes data]

  [1378 bytes data]

  [1378 bytes data]

  [611 bytes data]

  [4892 bytes data]

  [1378 bytes data]

  [1378 bytes data]

  [1378 bytes data]

  [1378 bytes data]

  [1378 bytes data]

  [1378 bytes data]

  [1378 bytes data]

  [1846 bytes data]

  [1369 bytes data]

  [1378 bytes data]

  [1378 bytes data]

  [1378 bytes data]

  [1378 bytes data]

  [1378 bytes data]

  [2756 bytes data]

  [2756 bytes data]

  [2613 bytes data]

  [1512 bytes data]

  [1378 bytes data]

  [1378 bytes data]

  [1378 bytes data]

  Recv failure: Connection was reset

  schannel: recv returned CURLE_RECV_ERROR

  Failed receiving HTTP2 data: 56(Failure when 
receiving data from the peer)

  Connection #0 to host dl.google.com left intact



Unable to generate build files
